# COM5 115200 t0=22:16:59
[   3.22] DS18B20 2_device_search starting...
[   3.22] Searching 1-Wire bus...
[   3.25]   ROM: 28 20 78 92 07 00 00 67
[   3.29]   ROM: 28 78 B8 AC 0B 00 00 2C
[   3.32]   ROM: 28 64 69 AB 0B 00 00 1F
[   3.36]   ROM: 28 FC AE AA 0B 00 00 F3
[   3.39]   ROM: 28 C6 BB 4E 04 00 00 67
[   3.43]   ROM: 28 7E 63 AD 0B 00 00 3F
[   3.46]   ROM: 28 F1 39 AD 0B 00 00 D9
[   3.47] Found 7 device(s). Measuring each in turn.
[   4.25] 28 20 78 92 07 00 00 67: 23.1 C
[   5.04] 28 78 B8 AC 0B 00 00 2C: 23.4 C
[   5.83] 28 64 69 AB 0B 00 00 1F: 23.3 C
[   6.62] 28 FC AE AA 0B 00 00 F3: 23.3 C
[   7.41] 28 C6 BB 4E 04 00 00 67: 23.3 C
[   8.20] 28 7E 63 AD 0B 00 00 3F: 23.4 C
[   8.99] 28 F1 39 AD 0B 00 00 D9: 23.3 C
[   9.00] --------------------------------
[   9.78] 28 20 78 92 07 00 00 67: 23.1 C
[  10.57] 28 78 B8 AC 0B 00 00 2C: 23.3 C
[  11.36] 28 64 69 AB 0B 00 00 1F: 23.3 C
[  12.15] 28 FC AE AA 0B 00 00 F3: 23.3 C
[  12.94] 28 C6 BB 4E 04 00 00 67: 23.3 C
[  13.73] 28 7E 63 AD 0B 00 00 3F: 23.4 C
[  14.52] 28 F1 39 AD 0B 00 00 D9: 23.3 C
[  14.53] --------------------------------
[  15.31] 28 20 78 92 07 00 00 67: 23.2 C
[  16.10] 28 78 B8 AC 0B 00 00 2C: 23.3 C
[  16.89] 28 64 69 AB 0B 00 00 1F: 23.3 C
[  17.68] 28 FC AE AA 0B 00 00 F3: 23.4 C
[  18.47] 28 C6 BB 4E 04 00 00 67: 23.3 C
[  19.26] 28 7E 63 AD 0B 00 00 3F: 23.4 C
[  20.05] 28 F1 39 AD 0B 00 00 D9: 23.3 C
[  20.06] --------------------------------
[  20.84] 28 20 78 92 07 00 00 67: 23.2 C
[  21.63] 28 78 B8 AC 0B 00 00 2C: 23.4 C
[  22.42] 28 64 69 AB 0B 00 00 1F: 23.3 C
[  23.21] 28 FC AE AA 0B 00 00 F3: 23.4 C
[  24.00] 28 C6 BB 4E 04 00 00 67: 23.3 C
[  24.79] 28 7E 63 AD 0B 00 00 3F: 23.4 C
[  25.58] 28 F1 39 AD 0B 00 00 D9: 23.3 C
[  25.59] --------------------------------
[  26.37] 28 20 78 92 07 00 00 67: 23.2 C
[  27.16] 28 78 B8 AC 0B 00 00 2C: 23.4 C
[  27.95] 28 64 69 AB 0B 00 00 1F: 23.3 C
[  28.74] 28 FC AE AA 0B 00 00 F3: 23.4 C
[  29.53] 28 C6 BB 4E 04 00 00 67: 23.3 C
[  30.32] 28 7E 63 AD 0B 00 00 3F: 23.4 C
[  31.11] 28 F1 39 AD 0B 00 00 D9: 23.3 C
[  31.12] --------------------------------
[  31.90] 28 20 78 92 07 00 00 67: 23.1 C
[  32.69] 28 78 B8 AC 0B 00 00 2C: 23.4 C
[  33.48] 28 64 69 AB 0B 00 00 1F: 23.3 C
[  34.28] 28 FC AE AA 0B 00 00 F3: 23.3 C
[  35.07] 28 C6 BB 4E 04 00 00 67: 23.3 C
[  35.86] 28 7E 63 AD 0B 00 00 3F: 23.4 C
[  36.65] 28 F1 39 AD 0B 00 00 D9: 23.3 C
[  36.65] --------------------------------
[  37.44] 28 20 78 92 07 00 00 67: 23.2 C
[  38.23] 28 78 B8 AC 0B 00 00 2C: 23.4 C
[  39.02] 28 64 69 AB 0B 00 00 1F: 23.3 C
[  39.81] 28 FC AE AA 0B 00 00 F3: 23.4 C
[  40.60] 28 C6 BB 4E 04 00 00 67: 23.3 C
[  41.39] 28 7E 63 AD 0B 00 00 3F: 23.4 C
[  42.18] 28 F1 39 AD 0B 00 00 D9: 23.3 C
[  42.18] --------------------------------
[  42.97] 28 20 78 92 07 00 00 67: 23.2 C
[  43.76] 28 78 B8 AC 0B 00 00 2C: 23.4 C
[  44.55] 28 64 69 AB 0B 00 00 1F: 23.3 C
[  45.34] 28 FC AE AA 0B 00 00 F3: 23.3 C
[  46.13] 28 C6 BB 4E 04 00 00 67: 23.3 C
[  46.92] 28 7E 63 AD 0B 00 00 3F: 23.4 C
[  47.71] 28 F1 39 AD 0B 00 00 D9: 23.3 C
[  47.71] --------------------------------
[  48.50] 28 20 78 92 07 00 00 67: 23.2 C
[  49.29] 28 78 B8 AC 0B 00 00 2C: 23.4 C
[  50.08] 28 64 69 AB 0B 00 00 1F: 23.3 C
