# COM5 115200 t0=22:23:32
[   3.23] DS18B20 2_device_search starting...
[   3.23] Searching 1-Wire bus...
[   3.27]   ROM: 28 20 78 92 07 00 00 67
[   3.30]   ROM: 28 78 B8 AC 0B 00 00 2C
[   3.34]   ROM: 28 64 69 AB 0B 00 00 1F
[   3.37]   ROM: 28 FC AE AA 0B 00 00 F3
[   3.41]   ROM: 28 C6 BB 4E 04 00 00 67
[   3.45]   ROM: 28 7E 63 AD 0B 00 00 3F
[   3.48]   ROM: 28 F1 39 AD 0B 00 00 D9
[   3.48] Found 7 device(s). Measuring each in turn.
[   4.27] 28 20 78 92 07 00 00 67: 23.2 C
[   5.06] 28 78 B8 AC 0B 00 00 2C: 23.4 C
[   5.85] 28 64 69 AB 0B 00 00 1F: 23.3 C
[   6.64] 28 FC AE AA 0B 00 00 F3: 23.4 C
[   7.43] 28 C6 BB 4E 04 00 00 67: 23.3 C
[   8.22] 28 7E 63 AD 0B 00 00 3F: 23.4 C
[   9.01] 28 F1 39 AD 0B 00 00 D9: 23.3 C
[   9.02] --------------------------------
[   9.80] 28 20 78 92 07 00 00 67: 23.2 C
[  10.60] 28 78 B8 AC 0B 00 00 2C: 23.4 C
[  11.39] 28 64 69 AB 0B 00 00 1F: 23.3 C
[  12.18] 28 FC AE AA 0B 00 00 F3: 23.4 C
[  12.97] 28 C6 BB 4E 04 00 00 67: 23.3 C
[  13.76] 28 7E 63 AD 0B 00 00 3F: 23.4 C
[  14.55] 28 F1 39 AD 0B 00 00 D9: 23.3 C
[  14.55] --------------------------------
[  15.34] 28 20 78 92 07 00 00 67: 23.2 C
[  16.13] 28 78 B8 AC 0B 00 00 2C: 23.4 C
[  16.92] 28 64 69 AB 0B 00 00 1F: 23.3 C
[  17.71] 28 FC AE AA 0B 00 00 F3: 23.4 C
[  18.50] 28 C6 BB 4E 04 00 00 67: 23.3 C
[  19.29] 28 7E 63 AD 0B 00 00 3F: 23.4 C
[  20.08] 28 F1 39 AD 0B 00 00 D9: 23.3 C
[  20.08] --------------------------------
[  20.87] 28 20 78 92 07 00 00 67: 23.2 C
[  21.66] 28 78 B8 AC 0B 00 00 2C: 23.4 C
[  22.45] 28 64 69 AB 0B 00 00 1F: 23.3 C
[  23.24] 28 FC AE AA 0B 00 00 F3: 23.4 C
[  24.03] 28 C6 BB 4E 04 00 00 67: 23.3 C
[  24.82] 28 7E 63 AD 0B 00 00 3F: 23.4 C
[  25.61] 28 F1 39 AD 0B 00 00 D9: 23.3 C
[  25.62] --------------------------------
[  26.40] 28 20 78 92 07 00 00 67: 23.2 C
[  27.19] 28 78 B8 AC 0B 00 00 2C: 23.4 C
[  27.98] 28 64 69 AB 0B 00 00 1F: 23.3 C
[  28.77] 28 FC AE AA 0B 00 00 F3: 23.4 C
[  29.56] 28 C6 BB 4E 04 00 00 67: 23.3 C
[  30.35] 28 7E 63 AD 0B 00 00 3F: 23.4 C
[  31.14] 28 F1 39 AD 0B 00 00 D9: 23.3 C
[  31.15] --------------------------------
[  31.94] 28 20 78 92 07 00 00 67: 23.2 C
[  32.73] 28 78 B8 AC 0B 00 00 2C: 23.4 C
[  33.52] 28 64 69 AB 0B 00 00 1F: 23.3 C
[  34.31] 28 FC AE AA 0B 00 00 F3: 23.4 C
[  35.10] 28 C6 BB 4E 04 00 00 67: 23.3 C
[  35.89] 28 7E 63 AD 0B 00 00 3F: 23.4 C
[  36.68] 28 F1 39 AD 0B 00 00 D9: 23.3 C
[  36.68] --------------------------------
[  37.47] 28 20 78 92 07 00 00 67: 23.2 C
[  38.26] 28 78 B8 AC 0B 00 00 2C: 23.4 C
[  39.05] 28 64 69 AB 0B 00 00 1F: 23.3 C
[  39.84] 28 FC AE AA 0B 00 00 F3: 23.4 C
[  40.63] 28 C6 BB 4E 04 00 00 67: 23.3 C
[  41.42] 28 7E 63 AD 0B 00 00 3F: 23.4 C
