# COM5 115200 t0=20:29:35
[   3.81] DS18B20 2_device_search starting...
[   3.82] Searching 1-Wire bus...
[   3.85]   ROM: 28 20 78 92 07 00 00 67
[   3.88]   ROM: 28 78 B8 AC 0B 00 00 2C
[   3.92]   ROM: 28 64 69 AB 0B 00 00 1F
[   3.95]   ROM: 28 FC AE AA 0B 00 00 F3
[   3.99]   ROM: 28 C6 BB 4E 04 00 00 67
[   4.02]   ROM: 28 7E 63 AD 0B 00 00 3F
[   4.05]   ROM: 28 F1 39 AD 0B 00 00 D9
[   4.06] Found 7 device(s). Measuring each in turn.
[   4.85] 28 20 78 92 07 00 00 67: 23.3 C
[   5.64] 28 78 B8 AC 0B 00 00 2C: 23.4 C
[   6.43] 28 64 69 AB 0B 00 00 1F: 23.4 C
[   7.22] 28 FC AE AA 0B 00 00 F3: 23.4 C
[   8.01] 28 C6 BB 4E 04 00 00 67: 23.0 C
[   8.80] 28 7E 63 AD 0B 00 00 3F: 23.4 C
[   9.59] 28 F1 39 AD 0B 00 00 D9: 23.3 C
[   9.59] --------------------------------
[  10.38] 28 20 78 92 07 00 00 67: 23.3 C
[  11.17] 28 78 B8 AC 0B 00 00 2C: 23.4 C
[  11.96] 28 64 69 AB 0B 00 00 1F: 23.4 C
[  12.75] 28 FC AE AA 0B 00 00 F3: 23.4 C
[  13.54] 28 C6 BB 4E 04 00 00 67: 23.0 C
[  14.33] 28 7E 63 AD 0B 00 00 3F: 23.4 C
[  15.12] 28 F1 39 AD 0B 00 00 D9: 23.3 C
[  15.13] --------------------------------
[  15.91] 28 20 78 92 07 00 00 67: 23.3 C
[  16.70] 28 78 B8 AC 0B 00 00 2C: 23.4 C
[  17.49] 28 64 69 AB 0B 00 00 1F: 23.4 C
[  18.28] 28 FC AE AA 0B 00 00 F3: 23.4 C
[  19.08] 28 C6 BB 4E 04 00 00 67: 23.0 C
[  19.87] 28 7E 63 AD 0B 00 00 3F: 23.4 C
[  20.66] 28 F1 39 AD 0B 00 00 D9: 23.4 C
[  20.66] --------------------------------
[  21.45] 28 20 78 92 07 00 00 67: 23.3 C
[  22.24] 28 78 B8 AC 0B 00 00 2C: 23.4 C
[  23.03] 28 64 69 AB 0B 00 00 1F: 23.4 C
[  23.82] 28 FC AE AA 0B 00 00 F3: 23.4 C
[  24.61] 28 C6 BB 4E 04 00 00 67: 23.0 C
[  25.40] 28 7E 63 AD 0B 00 00 3F: 23.4 C
[  26.19] 28 F1 39 AD 0B 00 00 D9: 23.3 C
[  26.19] --------------------------------
[  26.98] 28 20 78 92 07 00 00 67: 23.3 C
[  27.77] 28 78 B8 AC 0B 00 00 2C: 23.4 C
[  28.56] 28 64 69 AB 0B 00 00 1F: 23.4 C
[  29.35] 28 FC AE AA 0B 00 00 F3: 23.4 C
[  30.14] 28 C6 BB 4E 04 00 00 67: 23.0 C
[  30.93] 28 7E 63 AD 0B 00 00 3F: 23.4 C
[  31.72] 28 F1 39 AD 0B 00 00 D9: 23.3 C
[  31.73] --------------------------------
[  32.51] 28 20 78 92 07 00 00 67: 23.3 C
[  33.30] 28 78 B8 AC 0B 00 00 2C: 23.4 C
[  34.10] 28 64 69 AB 0B 00 00 1F: 23.4 C
[  34.89] 28 FC AE AA 0B 00 00 F3: 23.4 C
[  35.68] 28 C6 BB 4E 04 00 00 67: 23.0 C
[  36.47] 28 7E 63 AD 0B 00 00 3F: 23.4 C
[  37.26] 28 F1 39 AD 0B 00 00 D9: 23.3 C
[  37.26] --------------------------------
[  38.05] 28 20 78 92 07 00 00 67: 23.3 C
[  38.84] 28 78 B8 AC 0B 00 00 2C: 23.4 C
[  39.63] 28 64 69 AB 0B 00 00 1F: 23.4 C
[  40.42] 28 FC AE AA 0B 00 00 F3: 23.4 C
[  41.21] 28 C6 BB 4E 04 00 00 67: 23.1 C
[  42.00] 28 7E 63 AD 0B 00 00 3F: 23.4 C
[  42.79] 28 F1 39 AD 0B 00 00 D9: 23.3 C
[  42.79] --------------------------------
[  43.58] 28 20 78 92 07 00 00 67: 23.3 C
[  44.37] 28 78 B8 AC 0B 00 00 2C: 23.4 C
[  45.16] 28 64 69 AB 0B 00 00 1F: 23.4 C
[  45.95] 28 FC AE AA 0B 00 00 F3: 23.4 C
[  46.74] 28 C6 BB 4E 04 00 00 67: 23.1 C
[  47.53] 28 7E 63 AD 0B 00 00 3F: 23.4 C
[  48.33] 28 F1 39 AD 0B 00 00 D9: 23.3 C
[  48.33] --------------------------------
[  49.12] 28 20 78 92 07 00 00 67: 23.3 C
[  49.91] 28 78 B8 AC 0B 00 00 2C: 23.4 C
[  50.70] 28 64 69 AB 0B 00 00 1F: 23.4 C
[  51.49] 28 FC AE AA 0B 00 00 F3: 23.4 C
[  52.28] 28 C6 BB 4E 04 00 00 67: 23.0 C
[  53.07] 28 7E 63 AD 0B 00 00 3F: 23.4 C
[  53.86] 28 F1 39 AD 0B 00 00 D9: 23.4 C
[  53.86] --------------------------------
[  54.65] 28 20 78 92 07 00 00 67: 23.3 C
[  55.44] 28 78 B8 AC 0B 00 00 2C: 23.4 C
[  56.23] 28 64 69 AB 0B 00 00 1F: 23.4 C
[  57.02] 28 FC AE AA 0B 00 00 F3: 23.4 C
[  57.81] 28 C6 BB 4E 04 00 00 67: 23.0 C
[  58.60] 28 7E 63 AD 0B 00 00 3F: 23.4 C
[  59.39] 28 F1 39 AD 0B 00 00 D9: 23.3 C
[  59.40] --------------------------------
[  60.18] 28 20 78 92 07 00 00 67: 23.3 C
[  60.97] 28 78 B8 AC 0B 00 00 2C: 23.4 C
[  61.76] 28 64 69 AB 0B 00 00 1F: 23.4 C
[  62.56] 28 FC AE AA 0B 00 00 F3: 23.4 C
[  63.35] 28 C6 BB 4E 04 00 00 67: 23.1 C
[  64.14] 28 7E 63 AD 0B 00 00 3F: 23.4 C
[  64.93] 28 F1 39 AD 0B 00 00 D9: 23.4 C
[  64.93] --------------------------------
[  65.72] 28 20 78 92 07 00 00 67: 23.3 C
[  66.51] 28 78 B8 AC 0B 00 00 2C: 23.4 C
[  67.30] 28 64 69 AB 0B 00 00 1F: 23.4 C
[  68.09] 28 FC AE AA 0B 00 00 F3: 23.4 C
[  68.88] 28 C6 BB 4E 04 00 00 67: 23.1 C
[  69.67] 28 7E 63 AD 0B 00 00 3F: 23.4 C
[  70.46] 28 F1 39 AD 0B 00 00 D9: 23.4 C
[  70.46] --------------------------------
[  71.25] 28 20 78 92 07 00 00 67: 23.3 C
[  72.04] 28 78 B8 AC 0B 00 00 2C: 23.4 C
[  72.83] 28 64 69 AB 0B 00 00 1F: 23.4 C
[  73.62] 28 FC AE AA 0B 00 00 F3: 23.4 C
[  74.41] 28 C6 BB 4E 04 00 00 67: 23.1 C
[  75.20] 28 7E 63 AD 0B 00 00 3F: 23.4 C
[  75.99] 28 F1 39 AD 0B 00 00 D9: 23.4 C
[  76.00] --------------------------------
[  76.79] 28 20 78 92 07 00 00 67: 23.3 C
[  77.58] 28 78 B8 AC 0B 00 00 2C: 23.4 C
[  78.37] 28 64 69 AB 0B 00 00 1F: 23.4 C
[  79.16] 28 FC AE AA 0B 00 00 F3: 23.4 C
[  79.95] 28 C6 BB 4E 04 00 00 67: 23.1 C
[  80.74] 28 7E 63 AD 0B 00 00 3F: 23.4 C
[  81.53] 28 F1 39 AD 0B 00 00 D9: 23.4 C
[  81.53] --------------------------------
[  82.32] 28 20 78 92 07 00 00 67: 23.3 C
[  83.11] 28 78 B8 AC 0B 00 00 2C: 23.4 C
[  83.90] 28 64 69 AB 0B 00 00 1F: 23.4 C
[  84.69] 28 FC AE AA 0B 00 00 F3: 23.4 C
[  85.48] 28 C6 BB 4E 04 00 00 67: 23.1 C
[  86.27] 28 7E 63 AD 0B 00 00 3F: 23.5 C
[  87.06] 28 F1 39 AD 0B 00 00 D9: 23.4 C
[  87.07] --------------------------------
[  87.85] 28 20 78 92 07 00 00 67: 23.3 C
[  88.64] 28 78 B8 AC 0B 00 00 2C: 23.4 C
[  89.43] 28 64 69 AB 0B 00 00 1F: 23.4 C
[  90.22] 28 FC AE AA 0B 00 00 F3: 23.4 C
[  91.02] 28 C6 BB 4E 04 00 00 67: 23.1 C
[  91.81] 28 7E 63 AD 0B 00 00 3F: 23.5 C
[  92.60] 28 F1 39 AD 0B 00 00 D9: 23.4 C
[  92.60] --------------------------------
[  93.39] 28 20 78 92 07 00 00 67: 23.3 C
[  94.18] 28 78 B8 AC 0B 00 00 2C: 23.4 C
[  94.97] 28 64 69 AB 0B 00 00 1F: 23.4 C
[  95.76] 28 FC AE AA 0B 00 00 F3: 23.4 C
[  96.55] 28 C6 BB 4E 04 00 00 67: 23.1 C
[  97.34] 28 7E 63 AD 0B 00 00 3F: 23.4 C
[  98.13] 28 F1 39 AD 0B 00 00 D9: 23.4 C
[  98.13] --------------------------------
[  98.92] 28 20 78 92 07 00 00 67: 23.3 C
[  99.71] 28 78 B8 AC 0B 00 00 2C: 23.4 C
[ 100.50] 28 64 69 AB 0B 00 00 1F: 23.4 C
[ 101.29] 28 FC AE AA 0B 00 00 F3: 23.5 C
[ 102.08] 28 C6 BB 4E 04 00 00 67: 23.1 C
[ 102.87] 28 7E 63 AD 0B 00 00 3F: 23.4 C
[ 103.66] 28 F1 39 AD 0B 00 00 D9: 23.4 C
[ 103.67] --------------------------------
[ 104.45] 28 20 78 92 07 00 00 67: 23.3 C
[ 105.25] 28 78 B8 AC 0B 00 00 2C: 23.4 C
[ 106.04] 28 64 69 AB 0B 00 00 1F: 23.4 C
[ 106.83] 28 FC AE AA 0B 00 00 F3: 23.5 C
[ 107.62] 28 C6 BB 4E 04 00 00 67: 23.1 C
[ 108.41] 28 7E 63 AD 0B 00 00 3F: 23.4 C
[ 109.20] 28 F1 39 AD 0B 00 00 D9: 23.3 C
[ 109.20] --------------------------------
[ 109.99] 28 20 78 92 07 00 00 67: 23.3 C
[ 110.78] 28 78 B8 AC 0B 00 00 2C: 23.4 C
[ 111.57] 28 64 69 AB 0B 00 00 1F: 23.4 C
[ 112.36] 28 FC AE AA 0B 00 00 F3: 23.4 C
[ 113.15] 28 C6 BB 4E 04 00 00 67: 23.1 C
[ 113.94] 28 7E 63 AD 0B 00 00 3F: 23.4 C
[ 114.73] 28 F1 39 AD 0B 00 00 D9: 23.4 C
[ 114.73] --------------------------------
[ 115.52] 28 20 78 92 07 00 00 67: 23.3 C
[ 116.31] 28 78 B8 AC 0B 00 00 2C: 23.4 C
[ 117.10] 28 64 69 AB 0B 00 00 1F: 23.4 C
[ 117.89] 28 FC AE AA 0B 00 00 F3: 23.4 C
[ 118.68] 28 C6 BB 4E 04 00 00 67: 23.1 C
[ 119.47] 28 7E 63 AD 0B 00 00 3F: 23.4 C
[ 120.27] 28 F1 39 AD 0B 00 00 D9: 23.3 C
[ 120.27] --------------------------------
[ 121.06] 28 20 78 92 07 00 00 67: 23.3 C
[ 121.85] 28 78 B8 AC 0B 00 00 2C: 23.4 C
[ 122.64] 28 64 69 AB 0B 00 00 1F: 23.4 C
[ 123.43] 28 FC AE AA 0B 00 00 F3: 23.4 C
[ 124.22] 28 C6 BB 4E 04 00 00 67: 23.1 C
[ 125.01] 28 7E 63 AD 0B 00 00 3F: 23.4 C
[ 125.80] 28 F1 39 AD 0B 00 00 D9: 23.3 C
[ 125.80] --------------------------------
[ 126.59] 28 20 78 92 07 00 00 67: 23.3 C
[ 127.38] 28 78 B8 AC 0B 00 00 2C: 23.4 C
[ 128.17] 28 64 69 AB 0B 00 00 1F: 23.4 C
[ 128.96] 28 FC AE AA 0B 00 00 F3: 23.5 C
[ 129.75] 28 C6 BB 4E 04 00 00 67: 23.1 C
[ 130.54] 28 7E 63 AD 0B 00 00 3F: 23.4 C
[ 131.33] 28 F1 39 AD 0B 00 00 D9: 23.4 C
[ 131.34] --------------------------------
[ 132.12] 28 20 78 92 07 00 00 67: 23.3 C
[ 132.91] 28 78 B8 AC 0B 00 00 2C: 23.4 C
[ 133.70] 28 64 69 AB 0B 00 00 1F: 23.4 C
[ 134.50] 28 FC AE AA 0B 00 00 F3: 23.5 C
[ 135.29] 28 C6 BB 4E 04 00 00 67: 23.0 C
[ 136.08] 28 7E 63 AD 0B 00 00 3F: 23.4 C
[ 136.87] 28 F1 39 AD 0B 00 00 D9: 23.4 C
[ 136.87] --------------------------------
[ 137.66] 28 20 78 92 07 00 00 67: 23.3 C
[ 138.45] 28 78 B8 AC 0B 00 00 2C: 23.4 C
[ 139.24] 28 64 69 AB 0B 00 00 1F: 23.4 C
[ 140.03] 28 FC AE AA 0B 00 00 F3: 23.5 C
[ 140.82] 28 C6 BB 4E 04 00 00 67: 23.1 C
[ 141.61] 28 7E 63 AD 0B 00 00 3F: 23.4 C
[ 142.40] 28 F1 39 AD 0B 00 00 D9: 23.3 C
[ 142.40] --------------------------------
[ 143.19] 28 20 78 92 07 00 00 67: 23.3 C
[ 143.98] 28 78 B8 AC 0B 00 00 2C: 23.4 C
[ 144.77] 28 64 69 AB 0B 00 00 1F: 23.4 C
[ 145.56] 28 FC AE AA 0B 00 00 F3: 23.5 C
[ 146.35] 28 C6 BB 4E 04 00 00 67: 23.1 C
[ 147.14] 28 7E 63 AD 0B 00 00 3F: 23.4 C
[ 147.93] 28 F1 39 AD 0B 00 00 D9: 23.3 C
[ 147.94] --------------------------------
[ 148.73] 28 20 78 92 07 00 00 67: 23.3 C
[ 149.52] 28 78 B8 AC 0B 00 00 2C: 23.4 C
