# COM5 115200 t0=21:50:14
[   2.25] DS18B20 3_round_robin starting...
[   2.25] Searching 1-Wire bus...
[   2.28]   ROM: 28 20 78 92 07 00 00 67
[   2.31]   ROM: 28 78 B8 AC 0B 00 00 2C
[   2.35]   ROM: 28 64 69 AB 0B 00 00 1F
[   2.38]   ROM: 28 FC AE AA 0B 00 00 F3
[   2.42]   ROM: 28 C6 BB 4E 04 00 00 67
[   2.45]   ROM: 28 7E 63 AD 0B 00 00 3F
[   2.49]   ROM: 28 F1 39 AD 0B 00 00 D9
[   2.49] Found 7 device(s).
[   2.49] Measuring devices in turn.
[   3.28] 28 20 78 92 07 00 00 67: 23.2 C
[   3.28]   next resolution: 10 bit
[   3.30]   resolution applied: 10 bit
[   8.52] 28 78 B8 AC 0B 00 00 2C: 23.5 C
[   8.52]   next resolution: 11 bit
[   8.54]   resolution applied: 11 bit
[  13.95] 28 64 69 AB 0B 00 00 1F: 23.4 C
[  13.96]   next resolution: 12 bit
[  13.97]   resolution applied: 12 bit
[  19.76] 28 FC AE AA 0B 00 00 F3: 23.4 C
[  19.76]   next resolution: 9 bit
[  19.78]   resolution applied: 9 bit
[  24.91] 28 C6 BB 4E 04 00 00 67: 23.5 C
[  24.91]   next resolution: 10 bit
[  24.93]   resolution applied: 10 bit
[  30.16] 28 7E 63 AD 0B 00 00 3F: 23.5 C
[  30.16]   next resolution: 11 bit
[  30.17]   resolution applied: 11 bit
[  35.59] 28 F1 39 AD 0B 00 00 D9: 23.4 C
[  35.59] -------------------------------
[  35.59]   next resolution: 12 bit
[  35.61]   resolution applied: 12 bit
[  41.39] 28 20 78 92 07 00 00 67: 23.2 C
[  41.40]   next resolution: 9 bit
[  41.41]   resolution applied: 9 bit
[  46.54] 28 78 B8 AC 0B 00 00 2C: 23.5 C
[  46.55]   next resolution: 10 bit
[  46.56]   resolution applied: 10 bit
[  51.79] 28 64 69 AB 0B 00 00 1F: 23.5 C
[  51.79]   next resolution: 11 bit
[  51.81]   resolution applied: 11 bit
[  57.22] 28 FC AE AA 0B 00 00 F3: 23.5 C
[  57.22]   next resolution: 12 bit
[  57.24]   resolution applied: 12 bit
[  63.03] 28 C6 BB 4E 04 00 00 67: 23.3 C
[  63.03]   next resolution: 9 bit
[  63.05]   resolution applied: 9 bit
[  68.18] 28 7E 63 AD 0B 00 00 3F: 23.5 C
[  68.18]   next resolution: 10 bit
[  68.20]   resolution applied: 10 bit
[  73.42] 28 F1 39 AD 0B 00 00 D9: 23.5 C
[  73.42] -------------------------------
[  73.43]   next resolution: 11 bit
[  73.44]   resolution applied: 11 bit
