# COM5 115200 t0=22:18:48
[   3.18] DS18B20 4_scan_mode starting...
[   3.18] Searching 1-Wire bus...
[   3.22]   ROM: 28 20 78 92 07 00 00 67
[   3.25]   ROM: 28 78 B8 AC 0B 00 00 2C
[   3.29]   ROM: 28 64 69 AB 0B 00 00 1F
[   3.32]   ROM: 28 FC AE AA 0B 00 00 F3
[   3.35]   ROM: 28 C6 BB 4E 04 00 00 67
[   3.39]   ROM: 28 7E 63 AD 0B 00 00 3F
[   3.42]   ROM: 28 F1 39 AD 0B 00 00 D9
[   3.43] Found 7 device(s). Simultaneous conversion:
[   4.21] 28 20 78 92 07 00 00 67: 23.2 C
[   4.24] 28 78 B8 AC 0B 00 00 2C: 23.3 C
[   4.27] 28 64 69 AB 0B 00 00 1F: 23.3 C
[   4.29] 28 FC AE AA 0B 00 00 F3: 23.3 C
[   4.32] 28 C6 BB 4E 04 00 00 67: 23.3 C
[   4.35] 28 7E 63 AD 0B 00 00 3F: 23.4 C
[   4.38] 28 F1 39 AD 0B 00 00 D9: 23.3 C
[   4.38] -------------------------------
[   5.15] 28 20 78 92 07 00 00 67: 23.1 C
[   5.18] 28 78 B8 AC 0B 00 00 2C: 23.4 C
[   5.21] 28 64 69 AB 0B 00 00 1F: 23.3 C
[   5.24] 28 FC AE AA 0B 00 00 F3: 23.3 C
[   5.26] 28 C6 BB 4E 04 00 00 67: 23.3 C
[   5.29] 28 7E 63 AD 0B 00 00 3F: 23.4 C
[   5.32] 28 F1 39 AD 0B 00 00 D9: 23.3 C
[   5.32] -------------------------------
[   6.10] 28 20 78 92 07 00 00 67: 23.2 C
[   6.13] 28 78 B8 AC 0B 00 00 2C: 23.4 C
[   6.15] 28 64 69 AB 0B 00 00 1F: 23.3 C
[   6.18] 28 FC AE AA 0B 00 00 F3: 23.3 C
[   6.21] 28 C6 BB 4E 04 00 00 67: 23.3 C
[   6.23] 28 7E 63 AD 0B 00 00 3F: 23.4 C
[   6.26] 28 F1 39 AD 0B 00 00 D9: 23.3 C
[   6.26] -------------------------------
[   7.04] 28 20 78 92 07 00 00 67: 23.2 C
[   7.07] 28 78 B8 AC 0B 00 00 2C: 23.4 C
[   7.10] 28 64 69 AB 0B 00 00 1F: 23.3 C
[   7.12] 28 FC AE AA 0B 00 00 F3: 23.4 C
[   7.15] 28 C6 BB 4E 04 00 00 67: 23.3 C
[   7.18] 28 7E 63 AD 0B 00 00 3F: 23.4 C
[   7.21] 28 F1 39 AD 0B 00 00 D9: 23.3 C
[   7.21] -------------------------------
[   7.98] 28 20 78 92 07 00 00 67: 23.2 C
[   8.01] 28 78 B8 AC 0B 00 00 2C: 23.4 C
[   8.04] 28 64 69 AB 0B 00 00 1F: 23.3 C
[   8.07] 28 FC AE AA 0B 00 00 F3: 23.4 C
[   8.09] 28 C6 BB 4E 04 00 00 67: 23.3 C
[   8.12] 28 7E 63 AD 0B 00 00 3F: 23.4 C
[   8.15] 28 F1 39 AD 0B 00 00 D9: 23.3 C
[   8.15] -------------------------------
[   8.93] 28 20 78 92 07 00 00 67: 23.2 C
[   8.96] 28 78 B8 AC 0B 00 00 2C: 23.4 C
[   8.98] 28 64 69 AB 0B 00 00 1F: 23.3 C
[   9.01] 28 FC AE AA 0B 00 00 F3: 23.4 C
[   9.04] 28 C6 BB 4E 04 00 00 67: 23.3 C
[   9.07] 28 7E 63 AD 0B 00 00 3F: 23.4 C
[   9.09] 28 F1 39 AD 0B 00 00 D9: 23.3 C
[   9.10] -------------------------------
[   9.87] 28 20 78 92 07 00 00 67: 23.2 C
[   9.90] 28 78 B8 AC 0B 00 00 2C: 23.4 C
[   9.93] 28 64 69 AB 0B 00 00 1F: 23.3 C
[   9.95] 28 FC AE AA 0B 00 00 F3: 23.4 C
[   9.98] 28 C6 BB 4E 04 00 00 67: 23.3 C
[  10.01] 28 7E 63 AD 0B 00 00 3F: 23.4 C
[  10.04] 28 F1 39 AD 0B 00 00 D9: 23.3 C
[  10.04] -------------------------------
[  10.82] 28 20 78 92 07 00 00 67: 23.2 C
[  10.84] 28 78 B8 AC 0B 00 00 2C: 23.4 C
[  10.87] 28 64 69 AB 0B 00 00 1F: 23.3 C
[  10.90] 28 FC AE AA 0B 00 00 F3: 23.4 C
[  10.92] 28 C6 BB 4E 04 00 00 67: 23.3 C
[  10.95] 28 7E 63 AD 0B 00 00 3F: 23.4 C
[  10.98] 28 F1 39 AD 0B 00 00 D9: 23.3 C
[  10.98] -------------------------------
[  11.76] 28 20 78 92 07 00 00 67: 23.2 C
[  11.79] 28 78 B8 AC 0B 00 00 2C: 23.4 C
[  11.81] 28 64 69 AB 0B 00 00 1F: 23.3 C
[  11.84] 28 FC AE AA 0B 00 00 F3: 23.4 C
[  11.87] 28 C6 BB 4E 04 00 00 67: 23.3 C
[  11.90] 28 7E 63 AD 0B 00 00 3F: 23.4 C
[  11.92] 28 F1 39 AD 0B 00 00 D9: 23.3 C
[  11.93] -------------------------------
[  12.70] 28 20 78 92 07 00 00 67: 23.2 C
[  12.73] 28 78 B8 AC 0B 00 00 2C: 23.4 C
[  12.76] 28 64 69 AB 0B 00 00 1F: 23.3 C
[  12.78] 28 FC AE AA 0B 00 00 F3: 23.4 C
[  12.81] 28 C6 BB 4E 04 00 00 67: 23.3 C
[  12.84] 28 7E 63 AD 0B 00 00 3F: 23.4 C
[  12.87] 28 F1 39 AD 0B 00 00 D9: 23.3 C
[  12.87] -------------------------------
[  13.65] 28 20 78 92 07 00 00 67: 23.2 C
[  13.67] 28 78 B8 AC 0B 00 00 2C: 23.4 C
[  13.70] 28 64 69 AB 0B 00 00 1F: 23.3 C
[  13.73] 28 FC AE AA 0B 00 00 F3: 23.4 C
[  13.76] 28 C6 BB 4E 04 00 00 67: 23.3 C
[  13.78] 28 7E 63 AD 0B 00 00 3F: 23.4 C
[  13.81] 28 F1 39 AD 0B 00 00 D9: 23.3 C
[  13.81] -------------------------------
[  14.59] 28 20 78 92 07 00 00 67: 23.2 C
[  14.62] 28 78 B8 AC 0B 00 00 2C: 23.4 C
[  14.64] 28 64 69 AB 0B 00 00 1F: 23.3 C
[  14.67] 28 FC AE AA 0B 00 00 F3: 23.4 C
[  14.70] 28 C6 BB 4E 04 00 00 67: 23.3 C
[  14.73] 28 7E 63 AD 0B 00 00 3F: 23.4 C
[  14.75] 28 F1 39 AD 0B 00 00 D9: 23.3 C
[  14.76] -------------------------------
[  15.53] 28 20 78 92 07 00 00 67: 23.2 C
[  15.56] 28 78 B8 AC 0B 00 00 2C: 23.4 C
[  15.59] 28 64 69 AB 0B 00 00 1F: 23.3 C
[  15.62] 28 FC AE AA 0B 00 00 F3: 23.4 C
[  15.64] 28 C6 BB 4E 04 00 00 67: 23.3 C
[  15.67] 28 7E 63 AD 0B 00 00 3F: 23.4 C
[  15.70] 28 F1 39 AD 0B 00 00 D9: 23.3 C
[  15.70] -------------------------------
[  16.48] 28 20 78 92 07 00 00 67: 23.3 C
[  16.50] 28 78 B8 AC 0B 00 00 2C: 23.4 C
[  16.53] 28 64 69 AB 0B 00 00 1F: 23.3 C
[  16.56] 28 FC AE AA 0B 00 00 F3: 23.4 C
[  16.59] 28 C6 BB 4E 04 00 00 67: 23.3 C
[  16.61] 28 7E 63 AD 0B 00 00 3F: 23.5 C
[  16.64] 28 F1 39 AD 0B 00 00 D9: 23.3 C
[  16.64] -------------------------------
[  17.42] 28 20 78 92 07 00 00 67: 23.3 C
[  17.45] 28 78 B8 AC 0B 00 00 2C: 23.4 C
[  17.47] 28 64 69 AB 0B 00 00 1F: 23.3 C
[  17.50] 28 FC AE AA 0B 00 00 F3: 23.4 C
[  17.53] 28 C6 BB 4E 04 00 00 67: 23.4 C
[  17.56] 28 7E 63 AD 0B 00 00 3F: 23.5 C
[  17.58] 28 F1 39 AD 0B 00 00 D9: 23.4 C
[  17.59] -------------------------------
[  18.36] 28 20 78 92 07 00 00 67: 23.2 C
[  18.39] 28 78 B8 AC 0B 00 00 2C: 23.4 C
[  18.42] 28 64 69 AB 0B 00 00 1F: 23.3 C
[  18.45] 28 FC AE AA 0B 00 00 F3: 23.4 C
[  18.47] 28 C6 BB 4E 04 00 00 67: 23.4 C
[  18.50] 28 7E 63 AD 0B 00 00 3F: 23.4 C
[  18.53] 28 F1 39 AD 0B 00 00 D9: 23.4 C
[  18.53] -------------------------------
[  19.31] 28 20 78 92 07 00 00 67: 23.3 C
[  19.33] 28 78 B8 AC 0B 00 00 2C: 23.4 C
[  19.36] 28 64 69 AB 0B 00 00 1F: 23.3 C
[  19.39] 28 FC AE AA 0B 00 00 F3: 23.4 C
[  19.42] 28 C6 BB 4E 04 00 00 67: 23.4 C
[  19.44] 28 7E 63 AD 0B 00 00 3F: 23.5 C
[  19.47] 28 F1 39 AD 0B 00 00 D9: 23.4 C
[  19.47] -------------------------------
[  20.25] 28 20 78 92 07 00 00 67: 23.3 C
[  20.28] 28 78 B8 AC 0B 00 00 2C: 23.4 C
[  20.31] 28 64 69 AB 0B 00 00 1F: 23.4 C
[  20.33] 28 FC AE AA 0B 00 00 F3: 23.4 C
[  20.36] 28 C6 BB 4E 04 00 00 67: 23.3 C
[  20.39] 28 7E 63 AD 0B 00 00 3F: 23.5 C
[  20.41] 28 F1 39 AD 0B 00 00 D9: 23.4 C
[  20.42] -------------------------------
[  21.19] 28 20 78 92 07 00 00 67: 23.2 C
[  21.22] 28 78 B8 AC 0B 00 00 2C: 23.4 C
[  21.25] 28 64 69 AB 0B 00 00 1F: 23.3 C
[  21.28] 28 FC AE AA 0B 00 00 F3: 23.4 C
[  21.30] 28 C6 BB 4E 04 00 00 67: 23.4 C
[  21.33] 28 7E 63 AD 0B 00 00 3F: 23.5 C
[  21.36] 28 F1 39 AD 0B 00 00 D9: 23.4 C
[  21.36] -------------------------------
[  22.14] 28 20 78 92 07 00 00 67: 23.3 C
[  22.16] 28 78 B8 AC 0B 00 00 2C: 23.4 C
[  22.19] 28 64 69 AB 0B 00 00 1F: 23.3 C
[  22.22] 28 FC AE AA 0B 00 00 F3: 23.4 C
[  22.25] 28 C6 BB 4E 04 00 00 67: 23.4 C
[  22.27] 28 7E 63 AD 0B 00 00 3F: 23.5 C
[  22.30] 28 F1 39 AD 0B 00 00 D9: 23.4 C
[  22.30] -------------------------------
[  23.08] 28 20 78 92 07 00 00 67: 23.3 C
[  23.11] 28 78 B8 AC 0B 00 00 2C: 23.4 C
[  23.14] 28 64 69 AB 0B 00 00 1F: 23.4 C
[  23.16] 28 FC AE AA 0B 00 00 F3: 23.4 C
[  23.19] 28 C6 BB 4E 04 00 00 67: 23.4 C
[  23.22] 28 7E 63 AD 0B 00 00 3F: 23.5 C
[  23.25] 28 F1 39 AD 0B 00 00 D9: 23.4 C
[  23.25] -------------------------------
[  24.02] 28 20 78 92 07 00 00 67: 23.3 C
[  24.05] 28 78 B8 AC 0B 00 00 2C: 23.4 C
[  24.08] 28 64 69 AB 0B 00 00 1F: 23.4 C
[  24.11] 28 FC AE AA 0B 00 00 F3: 23.4 C
[  24.13] 28 C6 BB 4E 04 00 00 67: 23.4 C
[  24.16] 28 7E 63 AD 0B 00 00 3F: 23.5 C
[  24.19] 28 F1 39 AD 0B 00 00 D9: 23.4 C
[  24.19] -------------------------------
[  24.97] 28 20 78 92 07 00 00 67: 23.3 C
[  25.00] 28 78 B8 AC 0B 00 00 2C: 23.4 C
[  25.02] 28 64 69 AB 0B 00 00 1F: 23.4 C
[  25.05] 28 FC AE AA 0B 00 00 F3: 23.4 C
[  25.08] 28 C6 BB 4E 04 00 00 67: 23.4 C
[  25.10] 28 7E 63 AD 0B 00 00 3F: 23.5 C
[  25.13] 28 F1 39 AD 0B 00 00 D9: 23.4 C
[  25.13] -------------------------------
[  25.91] 28 20 78 92 07 00 00 67: 23.3 C
[  25.94] 28 78 B8 AC 0B 00 00 2C: 23.4 C
[  25.97] 28 64 69 AB 0B 00 00 1F: 23.4 C
[  25.99] 28 FC AE AA 0B 00 00 F3: 23.4 C
[  26.02] 28 C6 BB 4E 04 00 00 67: 23.3 C
[  26.05] 28 7E 63 AD 0B 00 00 3F: 23.5 C
[  26.08] 28 F1 39 AD 0B 00 00 D9: 23.4 C
[  26.08] -------------------------------
[  26.86] 28 20 78 92 07 00 00 67: 23.3 C
[  26.88] 28 78 B8 AC 0B 00 00 2C: 23.4 C
[  26.91] 28 64 69 AB 0B 00 00 1F: 23.4 C
[  26.94] 28 FC AE AA 0B 00 00 F3: 23.4 C
[  26.96] 28 C6 BB 4E 04 00 00 67: 23.4 C
[  26.99] 28 7E 63 AD 0B 00 00 3F: 23.5 C
[  27.02] 28 F1 39 AD 0B 00 00 D9: 23.4 C
[  27.02] -------------------------------
[  27.80] 28 20 78 92 07 00 00 67: 23.3 C
[  27.83] 28 78 B8 AC 0B 00 00 2C: 23.4 C
[  27.85] 28 64 69 AB 0B 00 00 1F: 23.4 C
[  27.88] 28 FC AE AA 0B 00 00 F3: 23.4 C
[  27.91] 28 C6 BB 4E 04 00 00 67: 23.4 C
[  27.94] 28 7E 63 AD 0B 00 00 3F: 23.5 C
[  27.96] 28 F1 39 AD 0B 00 00 D9: 23.4 C
[  27.97] -------------------------------
[  28.74] 28 20 78 92 07 00 00 67: 23.3 C
[  28.77] 28 78 B8 AC 0B 00 00 2C: 23.4 C
[  28.80] 28 64 69 AB 0B 00 00 1F: 23.4 C
[  28.82] 28 FC AE AA 0B 00 00 F3: 23.4 C
[  28.85] 28 C6 BB 4E 04 00 00 67: 23.4 C
[  28.88] 28 7E 63 AD 0B 00 00 3F: 23.5 C
[  28.91] 28 F1 39 AD 0B 00 00 D9: 23.4 C
[  28.91] -------------------------------
[  29.69] 28 20 78 92 07 00 00 67: 23.3 C
[  29.71] 28 78 B8 AC 0B 00 00 2C: 23.4 C
[  29.74] 28 64 69 AB 0B 00 00 1F: 23.4 C
[  29.77] 28 FC AE AA 0B 00 00 F3: 23.4 C
[  29.79] 28 C6 BB 4E 04 00 00 67: 23.4 C
[  29.82] 28 7E 63 AD 0B 00 00 3F: 23.5 C
[  29.85] 28 F1 39 AD 0B 00 00 D9: 23.4 C
[  29.85] -------------------------------
[  30.63] 28 20 78 92 07 00 00 67: 23.3 C
[  30.66] 28 78 B8 AC 0B 00 00 2C: 23.4 C
[  30.68] 28 64 69 AB 0B 00 00 1F: 23.4 C
[  30.71] 28 FC AE AA 0B 00 00 F3: 23.4 C
[  30.74] 28 C6 BB 4E 04 00 00 67: 23.4 C
[  30.77] 28 7E 63 AD 0B 00 00 3F: 23.5 C
[  30.79] 28 F1 39 AD 0B 00 00 D9: 23.4 C
[  30.80] -------------------------------
[  31.57] 28 20 78 92 07 00 00 67: 23.3 C
[  31.60] 28 78 B8 AC 0B 00 00 2C: 23.4 C
[  31.63] 28 64 69 AB 0B 00 00 1F: 23.4 C
[  31.65] 28 FC AE AA 0B 00 00 F3: 23.4 C
[  31.68] 28 C6 BB 4E 04 00 00 67: 23.4 C
[  31.71] 28 7E 63 AD 0B 00 00 3F: 23.5 C
[  31.74] 28 F1 39 AD 0B 00 00 D9: 23.4 C
[  31.74] -------------------------------
[  32.52] 28 20 78 92 07 00 00 67: 23.3 C
[  32.54] 28 78 B8 AC 0B 00 00 2C: 23.4 C
[  32.57] 28 64 69 AB 0B 00 00 1F: 23.4 C
[  32.60] 28 FC AE AA 0B 00 00 F3: 23.4 C
[  32.63] 28 C6 BB 4E 04 00 00 67: 23.4 C
[  32.65] 28 7E 63 AD 0B 00 00 3F: 23.5 C
[  32.68] 28 F1 39 AD 0B 00 00 D9: 23.4 C
[  32.68] -------------------------------
[  33.46] 28 20 78 92 07 00 00 67: 23.3 C
[  33.49] 28 78 B8 AC 0B 00 00 2C: 23.4 C
[  33.51] 28 64 69 AB 0B 00 00 1F: 23.4 C
[  33.54] 28 FC AE AA 0B 00 00 F3: 23.4 C
[  33.57] 28 C6 BB 4E 04 00 00 67: 23.4 C
[  33.60] 28 7E 63 AD 0B 00 00 3F: 23.5 C
[  33.62] 28 F1 39 AD 0B 00 00 D9: 23.4 C
[  33.63] -------------------------------
[  34.40] 28 20 78 92 07 00 00 67: 23.3 C
[  34.43] 28 78 B8 AC 0B 00 00 2C: 23.4 C
[  34.46] 28 64 69 AB 0B 00 00 1F: 23.4 C
[  34.48] 28 FC AE AA 0B 00 00 F3: 23.5 C
[  34.51] 28 C6 BB 4E 04 00 00 67: 23.4 C
[  34.54] 28 7E 63 AD 0B 00 00 3F: 23.5 C
[  34.57] 28 F1 39 AD 0B 00 00 D9: 23.4 C
[  34.57] -------------------------------
[  35.35] 28 20 78 92 07 00 00 67: 23.3 C
[  35.37] 28 78 B8 AC 0B 00 00 2C: 23.4 C
[  35.40] 28 64 69 AB 0B 00 00 1F: 23.4 C
[  35.43] 28 FC AE AA 0B 00 00 F3: 23.4 C
[  35.46] 28 C6 BB 4E 04 00 00 67: 23.4 C
[  35.48] 28 7E 63 AD 0B 00 00 3F: 23.5 C
[  35.51] 28 F1 39 AD 0B 00 00 D9: 23.4 C
[  35.51] -------------------------------
[  36.29] 28 20 78 92 07 00 00 67: 23.3 C
[  36.32] 28 78 B8 AC 0B 00 00 2C: 23.5 C
[  36.34] 28 64 69 AB 0B 00 00 1F: 23.4 C
[  36.37] 28 FC AE AA 0B 00 00 F3: 23.4 C
[  36.40] 28 C6 BB 4E 04 00 00 67: 23.4 C
[  36.43] 28 7E 63 AD 0B 00 00 3F: 23.5 C
[  36.45] 28 F1 39 AD 0B 00 00 D9: 23.4 C
[  36.46] -------------------------------
[  37.23] 28 20 78 92 07 00 00 67: 23.3 C
[  37.26] 28 78 B8 AC 0B 00 00 2C: 23.4 C
[  37.29] 28 64 69 AB 0B 00 00 1F: 23.4 C
[  37.32] 28 FC AE AA 0B 00 00 F3: 23.4 C
[  37.34] 28 C6 BB 4E 04 00 00 67: 23.4 C
[  37.37] 28 7E 63 AD 0B 00 00 3F: 23.5 C
[  37.40] 28 F1 39 AD 0B 00 00 D9: 23.4 C
[  37.40] -------------------------------
[  38.18] 28 20 78 92 07 00 00 67: 23.3 C
[  38.20] 28 78 B8 AC 0B 00 00 2C: 23.4 C
[  38.23] 28 64 69 AB 0B 00 00 1F: 23.4 C
[  38.26] 28 FC AE AA 0B 00 00 F3: 23.4 C
[  38.29] 28 C6 BB 4E 04 00 00 67: 23.4 C
[  38.31] 28 7E 63 AD 0B 00 00 3F: 23.5 C
[  38.34] 28 F1 39 AD 0B 00 00 D9: 23.4 C
[  38.34] -------------------------------
[  39.12] 28 20 78 92 07 00 00 67: 23.3 C
[  39.15] 28 78 B8 AC 0B 00 00 2C: 23.4 C
[  39.17] 28 64 69 AB 0B 00 00 1F: 23.4 C
[  39.20] 28 FC AE AA 0B 00 00 F3: 23.5 C
[  39.23] 28 C6 BB 4E 04 00 00 67: 23.4 C
[  39.26] 28 7E 63 AD 0B 00 00 3F: 23.5 C
[  39.28] 28 F1 39 AD 0B 00 00 D9: 23.4 C
[  39.29] -------------------------------
[  40.06] 28 20 78 92 07 00 00 67: 23.3 C
[  40.09] 28 78 B8 AC 0B 00 00 2C: 23.5 C
[  40.12] 28 64 69 AB 0B 00 00 1F: 23.4 C
[  40.15] 28 FC AE AA 0B 00 00 F3: 23.4 C
[  40.17] 28 C6 BB 4E 04 00 00 67: 23.4 C
[  40.20] 28 7E 63 AD 0B 00 00 3F: 23.6 C
[  40.23] 28 F1 39 AD 0B 00 00 D9: 23.4 C
[  40.23] -------------------------------
[  41.01] 28 20 78 92 07 00 00 67: 23.3 C
[  41.03] 28 78 B8 AC 0B 00 00 2C: 23.4 C
[  41.06] 28 64 69 AB 0B 00 00 1F: 23.4 C
[  41.09] 28 FC AE AA 0B 00 00 F3: 23.5 C
[  41.12] 28 C6 BB 4E 04 00 00 67: 23.4 C
[  41.14] 28 7E 63 AD 0B 00 00 3F: 23.5 C
[  41.17] 28 F1 39 AD 0B 00 00 D9: 23.4 C
[  41.17] -------------------------------
[  41.95] 28 20 78 92 07 00 00 67: 23.3 C
[  41.98] 28 78 B8 AC 0B 00 00 2C: 23.5 C
[  42.01] 28 64 69 AB 0B 00 00 1F: 23.4 C
[  42.03] 28 FC AE AA 0B 00 00 F3: 23.4 C
[  42.06] 28 C6 BB 4E 04 00 00 67: 23.4 C
[  42.09] 28 7E 63 AD 0B 00 00 3F: 23.5 C
[  42.11] 28 F1 39 AD 0B 00 00 D9: 23.4 C
[  42.12] -------------------------------
[  42.89] 28 20 78 92 07 00 00 67: 23.3 C
[  42.92] 28 78 B8 AC 0B 00 00 2C: 23.4 C
[  42.95] 28 64 69 AB 0B 00 00 1F: 23.4 C
[  42.98] 28 FC AE AA 0B 00 00 F3: 23.5 C
[  43.00] 28 C6 BB 4E 04 00 00 67: 23.4 C
[  43.03] 28 7E 63 AD 0B 00 00 3F: 23.6 C
[  43.06] 28 F1 39 AD 0B 00 00 D9: 23.4 C
[  43.06] -------------------------------
[  43.84] 28 20 78 92 07 00 00 67: 23.3 C
[  43.86] 28 78 B8 AC 0B 00 00 2C: 23.5 C
[  43.89] 28 64 69 AB 0B 00 00 1F: 23.4 C
[  43.92] 28 FC AE AA 0B 00 00 F3: 23.5 C
[  43.95] 28 C6 BB 4E 04 00 00 67: 23.4 C
[  43.97] 28 7E 63 AD 0B 00 00 3F: 23.5 C
[  44.00] 28 F1 39 AD 0B 00 00 D9: 23.4 C
[  44.00] -------------------------------
[  44.78] 28 20 78 92 07 00 00 67: 23.3 C
[  44.81] 28 78 B8 AC 0B 00 00 2C: 23.5 C
[  44.84] 28 64 69 AB 0B 00 00 1F: 23.4 C
[  44.86] 28 FC AE AA 0B 00 00 F3: 23.5 C
[  44.89] 28 C6 BB 4E 04 00 00 67: 23.4 C
[  44.92] 28 7E 63 AD 0B 00 00 3F: 23.6 C
[  44.94] 28 F1 39 AD 0B 00 00 D9: 23.4 C
[  44.95] -------------------------------
[  45.72] 28 20 78 92 07 00 00 67: 23.3 C
[  45.75] 28 78 B8 AC 0B 00 00 2C: 23.4 C
[  45.78] 28 64 69 AB 0B 00 00 1F: 23.4 C
[  45.81] 28 FC AE AA 0B 00 00 F3: 23.5 C
[  45.83] 28 C6 BB 4E 04 00 00 67: 23.4 C
[  45.86] 28 7E 63 AD 0B 00 00 3F: 23.6 C
[  45.89] 28 F1 39 AD 0B 00 00 D9: 23.4 C
[  45.89] -------------------------------
[  46.67] 28 20 78 92 07 00 00 67: 23.3 C
[  46.70] 28 78 B8 AC 0B 00 00 2C: 23.5 C
[  46.72] 28 64 69 AB 0B 00 00 1F: 23.4 C
[  46.75] 28 FC AE AA 0B 00 00 F3: 23.4 C
[  46.78] 28 C6 BB 4E 04 00 00 67: 23.4 C
[  46.80] 28 7E 63 AD 0B 00 00 3F: 23.5 C
[  46.83] 28 F1 39 AD 0B 00 00 D9: 23.4 C
[  46.83] -------------------------------
[  47.61] 28 20 78 92 07 00 00 67: 23.3 C
[  47.64] 28 78 B8 AC 0B 00 00 2C: 23.4 C
[  47.67] 28 64 69 AB 0B 00 00 1F: 23.4 C
[  47.69] 28 FC AE AA 0B 00 00 F3: 23.5 C
[  47.72] 28 C6 BB 4E 04 00 00 67: 23.4 C
[  47.75] 28 7E 63 AD 0B 00 00 3F: 23.6 C
[  47.78] 28 F1 39 AD 0B 00 00 D9: 23.4 C
[  47.78] -------------------------------
[  48.55] 28 20 78 92 07 00 00 67: 23.3 C
[  48.58] 28 78 B8 AC 0B 00 00 2C: 23.5 C
[  48.61] 28 64 69 AB 0B 00 00 1F: 23.4 C
[  48.64] 28 FC AE AA 0B 00 00 F3: 23.5 C
[  48.66] 28 C6 BB 4E 04 00 00 67: 23.4 C
[  48.69] 28 7E 63 AD 0B 00 00 3F: 23.5 C
[  48.72] 28 F1 39 AD 0B 00 00 D9: 23.4 C
[  48.72] -------------------------------
[  49.50] 28 20 78 92 07 00 00 67: 23.3 C
[  49.53] 28 78 B8 AC 0B 00 00 2C: 23.5 C
[  49.55] 28 64 69 AB 0B 00 00 1F: 23.4 C
[  49.58] 28 FC AE AA 0B 00 00 F3: 23.5 C
[  49.61] 28 C6 BB 4E 04 00 00 67: 23.4 C
[  49.63] 28 7E 63 AD 0B 00 00 3F: 23.6 C
[  49.66] 28 F1 39 AD 0B 00 00 D9: 23.4 C
[  49.67] -------------------------------
