# COM5 115200 t0=21:56:55
[   2.32] DS18B20 4_scan_mode starting...
[   2.32] Searching 1-Wire bus...
[   2.36]   ROM: 28 20 78 92 07 00 00 67
[   2.39]   ROM: 28 78 B8 AC 0B 00 00 2C
[   2.42]   ROM: 28 64 69 AB 0B 00 00 1F
[   2.46]   ROM: 28 FC AE AA 0B 00 00 F3
[   2.49]   ROM: 28 C6 BB 4E 04 00 00 67
[   2.53]   ROM: 28 7E 63 AD 0B 00 00 3F
[   2.56]   ROM: 28 F1 39 AD 0B 00 00 D9
[   2.57] Found 7 device(s). Simultaneous conversion:
[   3.35] 28 20 78 92 07 00 00 67: 23.2 C
[   3.38] 28 78 B8 AC 0B 00 00 2C: 23.4 C
[   3.41] 28 64 69 AB 0B 00 00 1F: 23.3 C
[   3.43] 28 FC AE AA 0B 00 00 F3: 23.3 C
[   3.46] 28 C6 BB 4E 04 00 00 67: 23.3 C
[   3.49] 28 7E 63 AD 0B 00 00 3F: 23.4 C
[   3.51] 28 F1 39 AD 0B 00 00 D9: 23.3 C
[   3.52] -------------------------------
[   4.29] 28 20 78 92 07 00 00 67: 23.2 C
[   4.32] 28 78 B8 AC 0B 00 00 2C: 23.4 C
[   4.35] 28 64 69 AB 0B 00 00 1F: 23.3 C
[   4.38] 28 FC AE AA 0B 00 00 F3: 23.4 C
[   4.40] 28 C6 BB 4E 04 00 00 67: 23.3 C
[   4.43] 28 7E 63 AD 0B 00 00 3F: 23.4 C
[   4.46] 28 F1 39 AD 0B 00 00 D9: 23.3 C
[   4.46] -------------------------------
[   5.24] 28 20 78 92 07 00 00 67: 23.2 C
[   5.27] 28 78 B8 AC 0B 00 00 2C: 23.4 C
[   5.29] 28 64 69 AB 0B 00 00 1F: 23.3 C
[   5.32] 28 FC AE AA 0B 00 00 F3: 23.4 C
[   5.35] 28 C6 BB 4E 04 00 00 67: 23.3 C
[   5.38] 28 7E 63 AD 0B 00 00 3F: 23.4 C
[   5.40] 28 F1 39 AD 0B 00 00 D9: 23.3 C
[   5.41] -------------------------------
