# COM5 115200 t0=22:25:03
[   3.19] DS18B20 4_scan_mode starting...
[   3.20] Searching 1-Wire bus...
[   3.23]   ROM: 28 20 78 92 07 00 00 67
[   3.27]   ROM: 28 78 B8 AC 0B 00 00 2C
[   3.30]   ROM: 28 64 69 AB 0B 00 00 1F
[   3.34]   ROM: 28 FC AE AA 0B 00 00 F3
[   3.37]   ROM: 28 C6 BB 4E 04 00 00 67
[   3.41]   ROM: 28 7E 63 AD 0B 00 00 3F
[   3.44]   ROM: 28 F1 39 AD 0B 00 00 D9
[   3.45] Found 7 device(s). Simultaneous conversion:
[   4.23] 28 20 78 92 07 00 00 67: 23.1 C
[   4.26] 28 78 B8 AC 0B 00 00 2C: 23.3 C
[   4.29] 28 64 69 AB 0B 00 00 1F: 23.3 C
[   4.32] 28 FC AE AA 0B 00 00 F3: 23.3 C
[   4.34] 28 C6 BB 4E 04 00 00 67: 23.3 C
[   4.37] 28 7E 63 AD 0B 00 00 3F: 23.4 C
[   4.40] 28 F1 39 AD 0B 00 00 D9: 23.3 C
[   4.40] -------------------------------
[   5.18] 28 20 78 92 07 00 00 67: 23.2 C
[   5.21] 28 78 B8 AC 0B 00 00 2C: 23.3 C
[   5.23] 28 64 69 AB 0B 00 00 1F: 23.3 C
[   5.26] 28 FC AE AA 0B 00 00 F3: 23.4 C
[   5.29] 28 C6 BB 4E 04 00 00 67: 23.3 C
[   5.32] 28 7E 63 AD 0B 00 00 3F: 23.4 C
[   5.35] 28 F1 39 AD 0B 00 00 D9: 23.3 C
[   5.35] -------------------------------
[   6.12] 28 20 78 92 07 00 00 67: 23.2 C
[   6.15] 28 78 B8 AC 0B 00 00 2C: 23.3 C
[   6.18] 28 64 69 AB 0B 00 00 1F: 23.3 C
[   6.21] 28 FC AE AA 0B 00 00 F3: 23.4 C
[   6.24] 28 C6 BB 4E 04 00 00 67: 23.3 C
[   6.26] 28 7E 63 AD 0B 00 00 3F: 23.4 C
[   6.29] 28 F1 39 AD 0B 00 00 D9: 23.3 C
[   6.29] -------------------------------
[   7.07] 28 20 78 92 07 00 00 67: 23.2 C
[   7.10] 28 78 B8 AC 0B 00 00 2C: 23.3 C
[   7.13] 28 64 69 AB 0B 00 00 1F: 23.3 C
[   7.15] 28 FC AE AA 0B 00 00 F3: 23.4 C
[   7.18] 28 C6 BB 4E 04 00 00 67: 23.3 C
[   7.21] 28 7E 63 AD 0B 00 00 3F: 23.4 C
[   7.24] 28 F1 39 AD 0B 00 00 D9: 23.3 C
[   7.24] -------------------------------
[   8.02] 28 20 78 92 07 00 00 67: 23.2 C
[   8.05] 28 78 B8 AC 0B 00 00 2C: 23.4 C
[   8.07] 28 64 69 AB 0B 00 00 1F: 23.3 C
[   8.10] 28 FC AE AA 0B 00 00 F3: 23.4 C
[   8.13] 28 C6 BB 4E 04 00 00 67: 23.3 C
[   8.16] 28 7E 63 AD 0B 00 00 3F: 23.4 C
[   8.18] 28 F1 39 AD 0B 00 00 D9: 23.3 C
[   8.19] -------------------------------
[   8.96] 28 20 78 92 07 00 00 67: 23.2 C
[   8.99] 28 78 B8 AC 0B 00 00 2C: 23.4 C
[   9.02] 28 64 69 AB 0B 00 00 1F: 23.3 C
[   9.05] 28 FC AE AA 0B 00 00 F3: 23.4 C
[   9.08] 28 C6 BB 4E 04 00 00 67: 23.3 C
[   9.10] 28 7E 63 AD 0B 00 00 3F: 23.4 C
[   9.13] 28 F1 39 AD 0B 00 00 D9: 23.3 C
[   9.13] -------------------------------
[   9.91] 28 20 78 92 07 00 00 67: 23.2 C
[   9.94] 28 78 B8 AC 0B 00 00 2C: 23.4 C
[   9.97] 28 64 69 AB 0B 00 00 1F: 23.3 C
[   9.99] 28 FC AE AA 0B 00 00 F3: 23.4 C
[  10.02] 28 C6 BB 4E 04 00 00 67: 23.3 C
[  10.05] 28 7E 63 AD 0B 00 00 3F: 23.4 C
[  10.08] 28 F1 39 AD 0B 00 00 D9: 23.3 C
[  10.08] -------------------------------
[  10.86] 28 20 78 92 07 00 00 67: 23.2 C
[  10.88] 28 78 B8 AC 0B 00 00 2C: 23.4 C
[  10.91] 28 64 69 AB 0B 00 00 1F: 23.3 C
[  10.94] 28 FC AE AA 0B 00 00 F3: 23.4 C
[  10.97] 28 C6 BB 4E 04 00 00 67: 23.3 C
[  11.00] 28 7E 63 AD 0B 00 00 3F: 23.4 C
[  11.02] 28 F1 39 AD 0B 00 00 D9: 23.3 C
[  11.03] -------------------------------
[  11.80] 28 20 78 92 07 00 00 67: 23.2 C
[  11.83] 28 78 B8 AC 0B 00 00 2C: 23.4 C
[  11.86] 28 64 69 AB 0B 00 00 1F: 23.3 C
[  11.89] 28 FC AE AA 0B 00 00 F3: 23.4 C
[  11.91] 28 C6 BB 4E 04 00 00 67: 23.3 C
[  11.94] 28 7E 63 AD 0B 00 00 3F: 23.4 C
[  11.97] 28 F1 39 AD 0B 00 00 D9: 23.3 C
[  11.97] -------------------------------
[  12.75] 28 20 78 92 07 00 00 67: 23.2 C
[  12.78] 28 78 B8 AC 0B 00 00 2C: 23.4 C
[  12.80] 28 64 69 AB 0B 00 00 1F: 23.4 C
[  12.83] 28 FC AE AA 0B 00 00 F3: 23.4 C
[  12.86] 28 C6 BB 4E 04 00 00 67: 23.3 C
[  12.89] 28 7E 63 AD 0B 00 00 3F: 23.4 C
[  12.92] 28 F1 39 AD 0B 00 00 D9: 23.3 C
[  12.92] -------------------------------
[  13.70] 28 20 78 92 07 00 00 67: 23.2 C
[  13.72] 28 78 B8 AC 0B 00 00 2C: 23.4 C
[  13.75] 28 64 69 AB 0B 00 00 1F: 23.3 C
[  13.78] 28 FC AE AA 0B 00 00 F3: 23.4 C
[  13.81] 28 C6 BB 4E 04 00 00 67: 23.4 C
[  13.83] 28 7E 63 AD 0B 00 00 3F: 23.4 C
[  13.86] 28 F1 39 AD 0B 00 00 D9: 23.4 C
[  13.86] -------------------------------
[  14.64] 28 20 78 92 07 00 00 67: 23.2 C
[  14.67] 28 78 B8 AC 0B 00 00 2C: 23.4 C
[  14.70] 28 64 69 AB 0B 00 00 1F: 23.3 C
[  14.73] 28 FC AE AA 0B 00 00 F3: 23.4 C
[  14.75] 28 C6 BB 4E 04 00 00 67: 23.4 C
[  14.78] 28 7E 63 AD 0B 00 00 3F: 23.4 C
[  14.81] 28 F1 39 AD 0B 00 00 D9: 23.4 C
[  14.81] -------------------------------
[  15.59] 28 20 78 92 07 00 00 67: 23.3 C
[  15.62] 28 78 B8 AC 0B 00 00 2C: 23.4 C
[  15.64] 28 64 69 AB 0B 00 00 1F: 23.3 C
[  15.67] 28 FC AE AA 0B 00 00 F3: 23.4 C
[  15.70] 28 C6 BB 4E 04 00 00 67: 23.4 C
[  15.73] 28 7E 63 AD 0B 00 00 3F: 23.5 C
[  15.75] 28 F1 39 AD 0B 00 00 D9: 23.4 C
[  15.76] -------------------------------
[  16.53] 28 20 78 92 07 00 00 67: 23.3 C
[  16.56] 28 78 B8 AC 0B 00 00 2C: 23.4 C
[  16.59] 28 64 69 AB 0B 00 00 1F: 23.4 C
[  16.62] 28 FC AE AA 0B 00 00 F3: 23.4 C
[  16.65] 28 C6 BB 4E 04 00 00 67: 23.4 C
[  16.67] 28 7E 63 AD 0B 00 00 3F: 23.4 C
[  16.70] 28 F1 39 AD 0B 00 00 D9: 23.4 C
[  16.70] -------------------------------
[  17.48] 28 20 78 92 07 00 00 67: 23.3 C
[  17.51] 28 78 B8 AC 0B 00 00 2C: 23.4 C
[  17.54] 28 64 69 AB 0B 00 00 1F: 23.4 C
[  17.56] 28 FC AE AA 0B 00 00 F3: 23.4 C
[  17.59] 28 C6 BB 4E 04 00 00 67: 23.4 C
[  17.62] 28 7E 63 AD 0B 00 00 3F: 23.4 C
[  17.65] 28 F1 39 AD 0B 00 00 D9: 23.3 C
[  17.65] -------------------------------
[  18.43] 28 20 78 92 07 00 00 67: 23.3 C
[  18.45] 28 78 B8 AC 0B 00 00 2C: 23.4 C
[  18.48] 28 64 69 AB 0B 00 00 1F: 23.4 C
[  18.51] 28 FC AE AA 0B 00 00 F3: 23.4 C
[  18.54] 28 C6 BB 4E 04 00 00 67: 23.3 C
[  18.57] 28 7E 63 AD 0B 00 00 3F: 23.4 C
[  18.59] 28 F1 39 AD 0B 00 00 D9: 23.4 C
[  18.60] -------------------------------
[  19.37] 28 20 78 92 07 00 00 67: 23.3 C
[  19.40] 28 78 B8 AC 0B 00 00 2C: 23.4 C
[  19.43] 28 64 69 AB 0B 00 00 1F: 23.4 C
[  19.46] 28 FC AE AA 0B 00 00 F3: 23.4 C
[  19.48] 28 C6 BB 4E 04 00 00 67: 23.4 C
[  19.51] 28 7E 63 AD 0B 00 00 3F: 23.4 C
[  19.54] 28 F1 39 AD 0B 00 00 D9: 23.4 C
[  19.54] -------------------------------
[  20.32] 28 20 78 92 07 00 00 67: 23.3 C
[  20.35] 28 78 B8 AC 0B 00 00 2C: 23.4 C
[  20.38] 28 64 69 AB 0B 00 00 1F: 23.4 C
[  20.40] 28 FC AE AA 0B 00 00 F3: 23.4 C
[  20.43] 28 C6 BB 4E 04 00 00 67: 23.4 C
[  20.46] 28 7E 63 AD 0B 00 00 3F: 23.4 C
[  20.49] 28 F1 39 AD 0B 00 00 D9: 23.4 C
[  20.49] -------------------------------
[  21.27] 28 20 78 92 07 00 00 67: 23.3 C
[  21.29] 28 78 B8 AC 0B 00 00 2C: 23.4 C
[  21.32] 28 64 69 AB 0B 00 00 1F: 23.4 C
[  21.35] 28 FC AE AA 0B 00 00 F3: 23.4 C
[  21.38] 28 C6 BB 4E 04 00 00 67: 23.4 C
[  21.40] 28 7E 63 AD 0B 00 00 3F: 23.4 C
[  21.43] 28 F1 39 AD 0B 00 00 D9: 23.4 C
[  21.44] -------------------------------
[  22.21] 28 20 78 92 07 00 00 67: 23.3 C
[  22.24] 28 78 B8 AC 0B 00 00 2C: 23.4 C
[  22.27] 28 64 69 AB 0B 00 00 1F: 23.4 C
[  22.30] 28 FC AE AA 0B 00 00 F3: 23.4 C
[  22.32] 28 C6 BB 4E 04 00 00 67: 23.4 C
[  22.35] 28 7E 63 AD 0B 00 00 3F: 23.5 C
[  22.38] 28 F1 39 AD 0B 00 00 D9: 23.4 C
[  22.38] -------------------------------
[  23.16] 28 20 78 92 07 00 00 67: 23.3 C
[  23.19] 28 78 B8 AC 0B 00 00 2C: 23.4 C
[  23.21] 28 64 69 AB 0B 00 00 1F: 23.4 C
[  23.24] 28 FC AE AA 0B 00 00 F3: 23.4 C
[  23.27] 28 C6 BB 4E 04 00 00 67: 23.4 C
[  23.30] 28 7E 63 AD 0B 00 00 3F: 23.5 C
[  23.33] 28 F1 39 AD 0B 00 00 D9: 23.4 C
[  23.33] -------------------------------
[  24.11] 28 20 78 92 07 00 00 67: 23.3 C
[  24.13] 28 78 B8 AC 0B 00 00 2C: 23.4 C
[  24.16] 28 64 69 AB 0B 00 00 1F: 23.4 C
[  24.19] 28 FC AE AA 0B 00 00 F3: 23.4 C
[  24.22] 28 C6 BB 4E 04 00 00 67: 23.4 C
[  24.24] 28 7E 63 AD 0B 00 00 3F: 23.5 C
[  24.27] 28 F1 39 AD 0B 00 00 D9: 23.4 C
[  24.27] -------------------------------
[  25.05] 28 20 78 92 07 00 00 67: 23.3 C
[  25.08] 28 78 B8 AC 0B 00 00 2C: 23.4 C
[  25.11] 28 64 69 AB 0B 00 00 1F: 23.4 C
[  25.13] 28 FC AE AA 0B 00 00 F3: 23.4 C
[  25.16] 28 C6 BB 4E 04 00 00 67: 23.4 C
[  25.19] 28 7E 63 AD 0B 00 00 3F: 23.4 C
[  25.22] 28 F1 39 AD 0B 00 00 D9: 23.4 C
[  25.22] -------------------------------
[  26.00] 28 20 78 92 07 00 00 67: 23.3 C
[  26.03] 28 78 B8 AC 0B 00 00 2C: 23.4 C
[  26.05] 28 64 69 AB 0B 00 00 1F: 23.4 C
[  26.08] 28 FC AE AA 0B 00 00 F3: 23.4 C
[  26.11] 28 C6 BB 4E 04 00 00 67: 23.4 C
[  26.14] 28 7E 63 AD 0B 00 00 3F: 23.5 C
[  26.16] 28 F1 39 AD 0B 00 00 D9: 23.4 C
[  26.17] -------------------------------
[  26.94] 28 20 78 92 07 00 00 67: 23.3 C
[  26.97] 28 78 B8 AC 0B 00 00 2C: 23.4 C
[  27.00] 28 64 69 AB 0B 00 00 1F: 23.4 C
[  27.03] 28 FC AE AA 0B 00 00 F3: 23.4 C
[  27.05] 28 C6 BB 4E 04 00 00 67: 23.4 C
[  27.08] 28 7E 63 AD 0B 00 00 3F: 23.5 C
[  27.11] 28 F1 39 AD 0B 00 00 D9: 23.4 C
[  27.11] -------------------------------
[  27.89] 28 20 78 92 07 00 00 67: 23.3 C
[  27.92] 28 78 B8 AC 0B 00 00 2C: 23.4 C
[  27.95] 28 64 69 AB 0B 00 00 1F: 23.4 C
[  27.97] 28 FC AE AA 0B 00 00 F3: 23.4 C
[  28.00] 28 C6 BB 4E 04 00 00 67: 23.4 C
[  28.03] 28 7E 63 AD 0B 00 00 3F: 23.5 C
[  28.06] 28 F1 39 AD 0B 00 00 D9: 23.4 C
[  28.06] -------------------------------
[  28.84] 28 20 78 92 07 00 00 67: 23.3 C
[  28.86] 28 78 B8 AC 0B 00 00 2C: 23.4 C
[  28.89] 28 64 69 AB 0B 00 00 1F: 23.4 C
[  28.92] 28 FC AE AA 0B 00 00 F3: 23.4 C
[  28.95] 28 C6 BB 4E 04 00 00 67: 23.4 C
[  28.98] 28 7E 63 AD 0B 00 00 3F: 23.5 C
[  29.00] 28 F1 39 AD 0B 00 00 D9: 23.4 C
[  29.01] -------------------------------
[  29.78] 28 20 78 92 07 00 00 67: 23.3 C
[  29.81] 28 78 B8 AC 0B 00 00 2C: 23.4 C
[  29.84] 28 64 69 AB 0B 00 00 1F: 23.4 C
[  29.87] 28 FC AE AA 0B 00 00 F3: 23.5 C
[  29.89] 28 C6 BB 4E 04 00 00 67: 23.4 C
[  29.92] 28 7E 63 AD 0B 00 00 3F: 23.5 C
[  29.95] 28 F1 39 AD 0B 00 00 D9: 23.4 C
[  29.95] -------------------------------
[  30.73] 28 20 78 92 07 00 00 67: 23.3 C
[  30.76] 28 78 B8 AC 0B 00 00 2C: 23.4 C
[  30.78] 28 64 69 AB 0B 00 00 1F: 23.4 C
[  30.81] 28 FC AE AA 0B 00 00 F3: 23.4 C
[  30.84] 28 C6 BB 4E 04 00 00 67: 23.4 C
[  30.87] 28 7E 63 AD 0B 00 00 3F: 23.5 C
[  30.90] 28 F1 39 AD 0B 00 00 D9: 23.4 C
[  30.90] -------------------------------
[  31.68] 28 20 78 92 07 00 00 67: 23.3 C
[  31.70] 28 78 B8 AC 0B 00 00 2C: 23.4 C
[  31.73] 28 64 69 AB 0B 00 00 1F: 23.4 C
[  31.76] 28 FC AE AA 0B 00 00 F3: 23.4 C
[  31.79] 28 C6 BB 4E 04 00 00 67: 23.4 C
[  31.81] 28 7E 63 AD 0B 00 00 3F: 23.5 C
[  31.84] 28 F1 39 AD 0B 00 00 D9: 23.4 C
[  31.84] -------------------------------
[  32.62] 28 20 78 92 07 00 00 67: 23.3 C
[  32.65] 28 78 B8 AC 0B 00 00 2C: 23.4 C
[  32.68] 28 64 69 AB 0B 00 00 1F: 23.4 C
[  32.70] 28 FC AE AA 0B 00 00 F3: 23.4 C
[  32.73] 28 C6 BB 4E 04 00 00 67: 23.4 C
[  32.76] 28 7E 63 AD 0B 00 00 3F: 23.5 C
[  32.79] 28 F1 39 AD 0B 00 00 D9: 23.4 C
[  32.79] -------------------------------
[  33.57] 28 20 78 92 07 00 00 67: 23.3 C
[  33.60] 28 78 B8 AC 0B 00 00 2C: 23.4 C
[  33.62] 28 64 69 AB 0B 00 00 1F: 23.4 C
[  33.65] 28 FC AE AA 0B 00 00 F3: 23.4 C
[  33.68] 28 C6 BB 4E 04 00 00 67: 23.4 C
[  33.71] 28 7E 63 AD 0B 00 00 3F: 23.5 C
[  33.73] 28 F1 39 AD 0B 00 00 D9: 23.4 C
[  33.74] -------------------------------
[  34.51] 28 20 78 92 07 00 00 67: 23.3 C
[  34.54] 28 78 B8 AC 0B 00 00 2C: 23.4 C
[  34.57] 28 64 69 AB 0B 00 00 1F: 23.4 C
[  34.60] 28 FC AE AA 0B 00 00 F3: 23.5 C
[  34.63] 28 C6 BB 4E 04 00 00 67: 23.4 C
[  34.65] 28 7E 63 AD 0B 00 00 3F: 23.5 C
[  34.68] 28 F1 39 AD 0B 00 00 D9: 23.4 C
[  34.68] -------------------------------
[  35.46] 28 20 78 92 07 00 00 67: 23.3 C
[  35.49] 28 78 B8 AC 0B 00 00 2C: 23.4 C
[  35.52] 28 64 69 AB 0B 00 00 1F: 23.4 C
[  35.54] 28 FC AE AA 0B 00 00 F3: 23.5 C
[  35.57] 28 C6 BB 4E 04 00 00 67: 23.4 C
[  35.60] 28 7E 63 AD 0B 00 00 3F: 23.5 C
[  35.63] 28 F1 39 AD 0B 00 00 D9: 23.4 C
[  35.63] -------------------------------
[  36.41] 28 20 78 92 07 00 00 67: 23.3 C
[  36.43] 28 78 B8 AC 0B 00 00 2C: 23.4 C
[  36.46] 28 64 69 AB 0B 00 00 1F: 23.4 C
[  36.49] 28 FC AE AA 0B 00 00 F3: 23.4 C
[  36.52] 28 C6 BB 4E 04 00 00 67: 23.4 C
[  36.55] 28 7E 63 AD 0B 00 00 3F: 23.5 C
[  36.57] 28 F1 39 AD 0B 00 00 D9: 23.4 C
[  36.58] -------------------------------
[  37.35] 28 20 78 92 07 00 00 67: 23.3 C
[  37.38] 28 78 B8 AC 0B 00 00 2C: 23.4 C
[  37.41] 28 64 69 AB 0B 00 00 1F: 23.4 C
[  37.44] 28 FC AE AA 0B 00 00 F3: 23.5 C
[  37.46] 28 C6 BB 4E 04 00 00 67: 23.4 C
[  37.49] 28 7E 63 AD 0B 00 00 3F: 23.5 C
[  37.52] 28 F1 39 AD 0B 00 00 D9: 23.4 C
[  37.52] -------------------------------
[  38.30] 28 20 78 92 07 00 00 67: 23.3 C
[  38.33] 28 78 B8 AC 0B 00 00 2C: 23.4 C
[  38.35] 28 64 69 AB 0B 00 00 1F: 23.4 C
[  38.38] 28 FC AE AA 0B 00 00 F3: 23.5 C
[  38.41] 28 C6 BB 4E 04 00 00 67: 23.4 C
[  38.44] 28 7E 63 AD 0B 00 00 3F: 23.5 C
[  38.47] 28 F1 39 AD 0B 00 00 D9: 23.4 C
[  38.47] -------------------------------
[  39.25] 28 20 78 92 07 00 00 67: 23.3 C
[  39.27] 28 78 B8 AC 0B 00 00 2C: 23.4 C
[  39.30] 28 64 69 AB 0B 00 00 1F: 23.4 C
[  39.33] 28 FC AE AA 0B 00 00 F3: 23.5 C
[  39.36] 28 C6 BB 4E 04 00 00 67: 23.4 C
[  39.38] 28 7E 63 AD 0B 00 00 3F: 23.5 C
[  39.41] 28 F1 39 AD 0B 00 00 D9: 23.4 C
[  39.42] -------------------------------
[  40.19] 28 20 78 92 07 00 00 67: 23.3 C
[  40.22] 28 78 B8 AC 0B 00 00 2C: 23.4 C
[  40.25] 28 64 69 AB 0B 00 00 1F: 23.4 C
[  40.28] 28 FC AE AA 0B 00 00 F3: 23.5 C
[  40.30] 28 C6 BB 4E 04 00 00 67: 23.4 C
[  40.33] 28 7E 63 AD 0B 00 00 3F: 23.6 C
[  40.36] 28 F1 39 AD 0B 00 00 D9: 23.4 C
[  40.36] -------------------------------
[  41.14] 28 20 78 92 07 00 00 67: 23.3 C
[  41.17] 28 78 B8 AC 0B 00 00 2C: 23.4 C
[  41.19] 28 64 69 AB 0B 00 00 1F: 23.4 C
[  41.22] 28 FC AE AA 0B 00 00 F3: 23.5 C
[  41.25] 28 C6 BB 4E 04 00 00 67: 23.4 C
[  41.28] 28 7E 63 AD 0B 00 00 3F: 23.6 C
[  41.30] 28 F1 39 AD 0B 00 00 D9: 23.4 C
[  41.31] -------------------------------
[  42.08] 28 20 78 92 07 00 00 67: 23.3 C
