# COM5 115200 t0=22:26:35
[   3.17] DS18B20 5_commands starting...
[   3.18] Searching 1-Wire bus...
[   3.21]   ROM: 28 20 78 92 07 00 00 67
[   3.24]   ROM: 28 78 B8 AC 0B 00 00 2C
[   3.28]   ROM: 28 64 69 AB 0B 00 00 1F
[   3.32]   ROM: 28 FC AE AA 0B 00 00 F3
[   3.35]   ROM: 28 C6 BB 4E 04 00 00 67
[   3.39]   ROM: 28 7E 63 AD 0B 00 00 3F
[   3.42]   ROM: 28 F1 39 AD 0B 00 00 D9
[   3.42] Found 7 device(s).
[   3.43] Read Power Supply (0xB4):
[   3.44]   power supply: parasite
[   3.44] Read Scratchpad (0xBE) - baseline:
[   3.47]   73 01 00 00 7F FF 0D 10 B9  CRC ok  TH=0x00 TL=0x00  res=12bit
[   3.47] Write Scratchpad (0x4E): TH=0x19 TL=0x0F
[   3.49] Scratchpad after threshold write:
[   3.52]   73 01 19 0F 7F FF 0D 10 1B  CRC ok  TH=0x19 TL=0x0F  res=12bit
[   3.52] Copy Scratchpad (0x48) -> EEPROM (10ms hold-off):
[   3.54]   copied to EEPROM
[   3.54] Write Scratchpad (0x4E): TH=0x05 TL=0x02 (volatile only)
[   3.56] Scratchpad after second write:
[   3.59]   73 01 05 02 7F FF 0D 10 D1  CRC ok  TH=0x05 TL=0x02  res=12bit
[   3.59] Recall EEPROM (0xB8) -> scratchpad (10ms hold-off):
[   3.61]   EEPROM copy loaded back
[   3.61] Scratchpad after Recall (EEPROM copy restored):
[   3.64]   73 01 19 0F 7F FF 0D 10 1B  CRC ok  TH=0x19 TL=0x0F  res=12bit
[   3.64] Read ROM (0x33) - single-device command:
[   3.65]   ROM: 28 00 20 00 00 00 00 00  CRC fail (valid only with one device on the bus)
[   3.66] Command demo done. Measuring selected device:
[   4.44] 23.2 C
[   5.23] 23.2 C
[   6.02] 23.2 C
[   6.81] 23.3 C
[   7.60] 23.3 C
[   8.39] 23.2 C
[   9.18] 23.2 C
[   9.97] 23.3 C
[  10.76] 23.3 C
[  11.55] 23.3 C
[  12.34] 23.3 C
[  13.13] 23.3 C
[  13.92] 23.3 C
[  14.71] 23.3 C
[  15.50] 23.3 C
[  16.29] 23.3 C
[  17.08] 23.3 C
[  17.87] 23.3 C
[  18.66] 23.3 C
[  19.45] 23.3 C
[  20.24] 23.3 C
[  21.03] 23.3 C
[  21.82] 23.3 C
[  22.60] 23.3 C
[  23.39] 23.3 C
[  24.18] 23.3 C
[  24.97] 23.3 C
[  25.76] 23.3 C
[  26.55] 23.3 C
[  27.34] 23.3 C
[  28.13] 23.3 C
[  28.92] 23.3 C
[  29.71] 23.3 C
[  30.50] 23.3 C
[  31.29] 23.3 C
[  32.08] 23.3 C
[  32.87] 23.3 C
[  33.66] 23.3 C
[  34.45] 23.3 C
[  35.24] 23.3 C
[  36.03] 23.3 C
[  36.82] 23.3 C
[  37.61] 23.3 C
[  38.40] 23.3 C
[  39.19] 23.3 C
[  39.98] 23.3 C
[  40.77] 23.3 C
[  41.56] 23.3 C
