# COM5 115200 t0=22:20:58
[   3.14] DS18B20 5_commands starting...
[   3.14] Searching 1-Wire bus...
[   3.18]   ROM: 28 20 78 92 07 00 00 67
[   3.21]   ROM: 28 78 B8 AC 0B 00 00 2C
[   3.25]   ROM: 28 64 69 AB 0B 00 00 1F
[   3.28]   ROM: 28 FC AE AA 0B 00 00 F3
[   3.31]   ROM: 28 C6 BB 4E 04 00 00 67
[   3.35]   ROM: 28 7E 63 AD 0B 00 00 3F
[   3.38]   ROM: 28 F1 39 AD 0B 00 00 D9
[   3.39] Found 7 device(s).
[   3.39] Read Power Supply (0xB4):
[   3.40]   power supply: parasite
[   3.40] Read Scratchpad (0xBE) - baseline:
[   3.43]   73 01 00 00 7F FF 0D 10 B9  CRC ok  TH=0x00 TL=0x00  res=12bit
[   3.43] Write Scratchpad (0x4E): TH=0x19 TL=0x0F
[   3.44] Scratchpad after threshold write:
[   3.47]   73 01 19 0F 7F FF 0D 10 1B  CRC ok  TH=0x19 TL=0x0F  res=12bit
[   3.48] Copy Scratchpad (0x48) -> EEPROM (10ms hold-off):
[   3.49]   copied to EEPROM
[   3.50] Write Scratchpad (0x4E): TH=0x05 TL=0x02 (volatile only)
[   3.51] Scratchpad after second write:
[   3.54]   73 01 05 02 7F FF 0D 10 D1  CRC ok  TH=0x05 TL=0x02  res=12bit
[   3.55] Recall EEPROM (0xB8) -> scratchpad (10ms hold-off):
[   3.56]   EEPROM copy loaded back
[   3.57] Scratchpad after Recall (EEPROM copy restored):
[   3.59]   73 01 19 0F 7F FF 0D 10 1B  CRC ok  TH=0x19 TL=0x0F  res=12bit
[   3.60] Read ROM (0x33) - single-device command:
[   3.61]   ROM: 28 00 20 00 00 00 00 00  CRC fail (valid only with one device on the bus)
[   3.61] Command demo done. Measuring selected device:
[   4.39] 23.2 C
[   5.18] 23.2 C
[   5.97] 23.2 C
[   6.76] 23.2 C
[   7.55] 23.3 C
[   8.34] 23.2 C
[   9.13] 23.2 C
[   9.92] 23.3 C
[  10.71] 23.2 C
[  11.50] 23.3 C
[  12.29] 23.3 C
[  13.08] 23.3 C
[  13.87] 23.3 C
[  14.66] 23.3 C
[  15.45] 23.3 C
[  16.24] 23.3 C
[  17.03] 23.3 C
[  17.82] 23.3 C
[  18.61] 23.3 C
[  19.40] 23.3 C
[  20.19] 23.3 C
[  20.98] 23.3 C
[  21.77] 23.3 C
[  22.56] 23.3 C
[  23.35] 23.3 C
[  24.14] 23.3 C
[  24.93] 23.3 C
[  25.72] 23.3 C
[  26.51] 23.3 C
[  27.30] 23.3 C
[  28.09] 23.3 C
[  28.88] 23.3 C
[  29.67] 23.3 C
[  30.46] 23.3 C
[  31.25] 23.3 C
[  32.04] 23.3 C
[  32.83] 23.3 C
[  33.62] 23.3 C
[  34.41] 23.3 C
[  35.20] 23.3 C
[  35.99] 23.3 C
[  36.78] 23.3 C
[  37.57] 23.3 C
[  38.36] 23.3 C
[  39.15] 23.3 C
[  39.94] 23.3 C
[  40.73] 23.3 C
[  41.52] 23.3 C
[  42.31] 23.3 C
[  43.10] 23.3 C
[  43.89] 23.3 C
[  44.68] 23.3 C
