# COM5 115200 t0=22:19:41
[   3.24] DS18B20 6_statistics (stats) starting...
[   3.27]   ROM: 28 20 78 92 07 00 00 67
[   3.31]   ROM: 28 78 B8 AC 0B 00 00 2C
[   3.34]   ROM: 28 64 69 AB 0B 00 00 1F
[   3.38]   ROM: 28 FC AE AA 0B 00 00 F3
[   3.41]   ROM: 28 C6 BB 4E 04 00 00 67
[   3.45]   ROM: 28 7E 63 AD 0B 00 00 3F
[   3.48]   ROM: 28 F1 39 AD 0B 00 00 D9
[   3.48] Found 7 device(s).
[   3.49]   stats dump every 10 sweeps (70 samples with 7 devices)
[   4.27] 28 20 78 92 07 00 00 67: 23.3 C
[   5.06] 28 78 B8 AC 0B 00 00 2C: 23.4 C
[   5.85] 28 64 69 AB 0B 00 00 1F: 23.4 C
[   6.64] 28 FC AE AA 0B 00 00 F3: 23.4 C
[   7.43] 28 C6 BB 4E 04 00 00 67: 23.3 C
[   8.22] 28 7E 63 AD 0B 00 00 3F: 23.5 C
[   9.01] 28 F1 39 AD 0B 00 00 D9: 23.4 C
[   9.01] ---
[   9.80] 28 20 78 92 07 00 00 67: 23.3 C
[  10.59] 28 78 B8 AC 0B 00 00 2C: 23.5 C
[  11.38] 28 64 69 AB 0B 00 00 1F: 23.4 C
[  12.17] 28 FC AE AA 0B 00 00 F3: 23.4 C
[  12.96] 28 C6 BB 4E 04 00 00 67: 23.3 C
[  13.75] 28 7E 63 AD 0B 00 00 3F: 23.5 C
[  14.54] 28 F1 39 AD 0B 00 00 D9: 23.4 C
[  14.54] ---
[  15.33] 28 20 78 92 07 00 00 67: 23.2 C
[  16.12] 28 78 B8 AC 0B 00 00 2C: 23.4 C
[  16.92] 28 64 69 AB 0B 00 00 1F: 23.4 C
[  17.71] 28 FC AE AA 0B 00 00 F3: 23.4 C
[  18.50] 28 C6 BB 4E 04 00 00 67: 23.4 C
[  19.29] 28 7E 63 AD 0B 00 00 3F: 23.4 C
[  20.08] 28 F1 39 AD 0B 00 00 D9: 23.4 C
[  20.08] ---
[  20.87] 28 20 78 92 07 00 00 67: 23.2 C
[  21.66] 28 78 B8 AC 0B 00 00 2C: 23.4 C
[  22.45] 28 64 69 AB 0B 00 00 1F: 23.3 C
[  23.24] 28 FC AE AA 0B 00 00 F3: 23.4 C
[  24.03] 28 C6 BB 4E 04 00 00 67: 23.3 C
[  24.82] 28 7E 63 AD 0B 00 00 3F: 23.4 C
[  25.61] 28 F1 39 AD 0B 00 00 D9: 23.3 C
[  25.61] ---
[  26.40] 28 20 78 92 07 00 00 67: 23.2 C
[  27.19] 28 78 B8 AC 0B 00 00 2C: 23.4 C
[  27.98] 28 64 69 AB 0B 00 00 1F: 23.3 C
[  28.77] 28 FC AE AA 0B 00 00 F3: 23.4 C
[  29.56] 28 C6 BB 4E 04 00 00 67: 23.3 C
[  30.35] 28 7E 63 AD 0B 00 00 3F: 23.4 C
[  31.14] 28 F1 39 AD 0B 00 00 D9: 23.3 C
[  31.14] ---
[  31.93] 28 20 78 92 07 00 00 67: 23.2 C
[  32.72] 28 78 B8 AC 0B 00 00 2C: 23.4 C
[  33.51] 28 64 69 AB 0B 00 00 1F: 23.3 C
[  34.30] 28 FC AE AA 0B 00 00 F3: 23.4 C
[  35.09] 28 C6 BB 4E 04 00 00 67: 23.3 C
[  35.88] 28 7E 63 AD 0B 00 00 3F: 23.4 C
[  36.67] 28 F1 39 AD 0B 00 00 D9: 23.3 C
[  36.67] ---
[  37.46] 28 20 78 92 07 00 00 67: 23.2 C
[  38.25] 28 78 B8 AC 0B 00 00 2C: 23.4 C
[  39.04] 28 64 69 AB 0B 00 00 1F: 23.3 C
[  39.83] 28 FC AE AA 0B 00 00 F3: 23.4 C
[  40.62] 28 C6 BB 4E 04 00 00 67: 23.3 C
[  41.41] 28 7E 63 AD 0B 00 00 3F: 23.4 C
[  42.20] 28 F1 39 AD 0B 00 00 D9: 23.3 C
[  42.20] ---
[  42.99] 28 20 78 92 07 00 00 67: 23.2 C
[  43.78] 28 78 B8 AC 0B 00 00 2C: 23.4 C
[  44.57] 28 64 69 AB 0B 00 00 1F: 23.3 C
[  45.36] 28 FC AE AA 0B 00 00 F3: 23.4 C
[  46.15] 28 C6 BB 4E 04 00 00 67: 23.3 C
[  46.94] 28 7E 63 AD 0B 00 00 3F: 23.4 C
[  47.73] 28 F1 39 AD 0B 00 00 D9: 23.3 C
[  47.74] ---
[  48.53] 28 20 78 92 07 00 00 67: 23.2 C
[  49.32] 28 78 B8 AC 0B 00 00 2C: 23.4 C
[  50.11] 28 64 69 AB 0B 00 00 1F: 23.3 C
