# COM5 115200 t0=22:25:49
[   3.23] DS18B20 6_statistics (stats) starting...
[   3.26]   ROM: 28 20 78 92 07 00 00 67
[   3.30]   ROM: 28 78 B8 AC 0B 00 00 2C
[   3.34]   ROM: 28 64 69 AB 0B 00 00 1F
[   3.37]   ROM: 28 FC AE AA 0B 00 00 F3
[   3.41]   ROM: 28 C6 BB 4E 04 00 00 67
[   3.44]   ROM: 28 7E 63 AD 0B 00 00 3F
[   3.48]   ROM: 28 F1 39 AD 0B 00 00 D9
[   3.48] Found 7 device(s).
[   3.49]   stats dump every 10 sweeps (70 samples with 7 devices)
[   4.27] 28 20 78 92 07 00 00 67: 23.3 C
[   5.06] 28 78 B8 AC 0B 00 00 2C: 23.4 C
[   5.85] 28 64 69 AB 0B 00 00 1F: 23.4 C
[   6.64] 28 FC AE AA 0B 00 00 F3: 23.4 C
[   7.43] 28 C6 BB 4E 04 00 00 67: 23.3 C
[   8.22] 28 7E 63 AD 0B 00 00 3F: 23.5 C
[   9.01] 28 F1 39 AD 0B 00 00 D9: 23.4 C
[   9.01] ---
[   9.80] 28 20 78 92 07 00 00 67: 23.3 C
[  10.59] 28 78 B8 AC 0B 00 00 2C: 23.4 C
[  11.38] 28 64 69 AB 0B 00 00 1F: 23.4 C
[  12.18] 28 FC AE AA 0B 00 00 F3: 23.4 C
[  12.97] 28 C6 BB 4E 04 00 00 67: 23.4 C
[  13.76] 28 7E 63 AD 0B 00 00 3F: 23.5 C
[  14.55] 28 F1 39 AD 0B 00 00 D9: 23.3 C
[  14.55] ---
[  15.34] 28 20 78 92 07 00 00 67: 23.3 C
[  16.13] 28 78 B8 AC 0B 00 00 2C: 23.4 C
[  16.92] 28 64 69 AB 0B 00 00 1F: 23.4 C
[  17.71] 28 FC AE AA 0B 00 00 F3: 23.4 C
[  18.50] 28 C6 BB 4E 04 00 00 67: 23.3 C
[  19.29] 28 7E 63 AD 0B 00 00 3F: 23.4 C
[  20.08] 28 F1 39 AD 0B 00 00 D9: 23.3 C
[  20.08] ---
[  20.87] 28 20 78 92 07 00 00 67: 23.2 C
[  21.66] 28 78 B8 AC 0B 00 00 2C: 23.4 C
[  22.45] 28 64 69 AB 0B 00 00 1F: 23.3 C
[  23.24] 28 FC AE AA 0B 00 00 F3: 23.4 C
[  24.03] 28 C6 BB 4E 04 00 00 67: 23.3 C
[  24.82] 28 7E 63 AD 0B 00 00 3F: 23.5 C
[  25.62] 28 F1 39 AD 0B 00 00 D9: 23.3 C
[  25.62] ---
[  26.41] 28 20 78 92 07 00 00 67: 23.2 C
[  27.20] 28 78 B8 AC 0B 00 00 2C: 23.4 C
[  27.99] 28 64 69 AB 0B 00 00 1F: 23.3 C
[  28.78] 28 FC AE AA 0B 00 00 F3: 23.4 C
[  29.57] 28 C6 BB 4E 04 00 00 67: 23.4 C
[  30.36] 28 7E 63 AD 0B 00 00 3F: 23.4 C
[  31.15] 28 F1 39 AD 0B 00 00 D9: 23.3 C
[  31.15] ---
[  31.94] 28 20 78 92 07 00 00 67: 23.3 C
[  32.73] 28 78 B8 AC 0B 00 00 2C: 23.4 C
[  33.52] 28 64 69 AB 0B 00 00 1F: 23.3 C
[  34.31] 28 FC AE AA 0B 00 00 F3: 23.4 C
[  35.10] 28 C6 BB 4E 04 00 00 67: 23.3 C
[  35.89] 28 7E 63 AD 0B 00 00 3F: 23.4 C
[  36.68] 28 F1 39 AD 0B 00 00 D9: 23.3 C
[  36.68] ---
[  37.47] 28 20 78 92 07 00 00 67: 23.2 C
[  38.27] 28 78 B8 AC 0B 00 00 2C: 23.4 C
[  39.06] 28 64 69 AB 0B 00 00 1F: 23.3 C
[  39.85] 28 FC AE AA 0B 00 00 F3: 23.4 C
[  40.64] 28 C6 BB 4E 04 00 00 67: 23.3 C
[  41.43] 28 7E 63 AD 0B 00 00 3F: 23.4 C
