# COM5 115200 t0=21:53:57
[   0.35] 28 64 69 AB 0B 00 00 1F: 23.5 C
[   0.49] 28 FC AE AA 0B 00 00 F3: 85.0 C
[   1.28] 28 C6 BB 4E 04 00 00 67: 23.3 C
[   2.07] 28 7E 63 AD 0B 00 00 3F: 23.5 C
[   2.29] DS18B20 6_statistics (stats) starting...
[   2.32]   ROM: 28 20 78 92 07 00 00 67
[   2.36]   ROM: 28 78 B8 AC 0B 00 00 2C
[   2.39]   ROM: 28 64 69 AB 0B 00 00 1F
[   2.43]   ROM: 28 FC AE AA 0B 00 00 F3
[   2.46]   ROM: 28 C6 BB 4E 04 00 00 67
[   2.50]   ROM: 28 7E 63 AD 0B 00 00 3F
[   2.53]   ROM: 28 F1 39 AD 0B 00 00 D9
[   2.53] Found 7 device(s).
[   2.54]   stats dump every 10 sweeps (70 samples with 7 devices)
[   3.32] 28 20 78 92 07 00 00 67: 23.2 C
[   4.11] 28 78 B8 AC 0B 00 00 2C: 23.4 C
[   4.90] 28 64 69 AB 0B 00 00 1F: 23.3 C
[   5.69] 28 FC AE AA 0B 00 00 F3: 23.4 C
[   6.48] 28 C6 BB 4E 04 00 00 67: 23.3 C
[   7.27] 28 7E 63 AD 0B 00 00 3F: 23.4 C
[   8.06] 28 F1 39 AD 0B 00 00 D9: 23.3 C
[   8.07] ---
[   8.86] 28 20 78 92 07 00 00 67: 23.2 C
[   9.65] 28 78 B8 AC 0B 00 00 2C: 23.3 C
[  10.44] 28 64 69 AB 0B 00 00 1F: 23.3 C
[  11.23] 28 FC AE AA 0B 00 00 F3: 23.4 C
[  12.02] 28 C6 BB 4E 04 00 00 67: 23.3 C
[  12.81] 28 7E 63 AD 0B 00 00 3F: 23.4 C
[  13.60] 28 F1 39 AD 0B 00 00 D9: 23.3 C
[  13.60] ---
[  14.39] 28 20 78 92 07 00 00 67: 23.2 C
[  15.18] 28 78 B8 AC 0B 00 00 2C: 23.4 C
[  15.97] 28 64 69 AB 0B 00 00 1F: 23.3 C
[  16.76] 28 FC AE AA 0B 00 00 F3: 23.4 C
[  17.55] 28 C6 BB 4E 04 00 00 67: 23.3 C
[  18.34] 28 7E 63 AD 0B 00 00 3F: 23.4 C
[  19.13] 28 F1 39 AD 0B 00 00 D9: 23.3 C
[  19.13] ---
[  19.92] 28 20 78 92 07 00 00 67: 23.2 C
[  20.72] 28 78 B8 AC 0B 00 00 2C: 23.4 C
[  21.51] 28 64 69 AB 0B 00 00 1F: 23.3 C
[  22.30] 28 FC AE AA 0B 00 00 F3: 23.4 C
[  23.09] 28 C6 BB 4E 04 00 00 67: 23.3 C
[  23.88] 28 7E 63 AD 0B 00 00 3F: 23.4 C
[  24.67] 28 F1 39 AD 0B 00 00 D9: 23.3 C
[  24.67] ---
[  25.46] 28 20 78 92 07 00 00 67: 23.2 C
[  26.25] 28 78 B8 AC 0B 00 00 2C: 23.4 C
[  27.04] 28 64 69 AB 0B 00 00 1F: 23.3 C
[  27.83] 28 FC AE AA 0B 00 00 F3: 23.4 C
[  28.62] 28 C6 BB 4E 04 00 00 67: 23.3 C
[  29.41] 28 7E 63 AD 0B 00 00 3F: 23.4 C
[  30.20] 28 F1 39 AD 0B 00 00 D9: 23.3 C
[  30.20] ---
[  30.99] 28 20 78 92 07 00 00 67: 23.2 C
[  31.78] 28 78 B8 AC 0B 00 00 2C: 23.4 C
[  32.58] 28 64 69 AB 0B 00 00 1F: 23.3 C
[  33.37] 28 FC AE AA 0B 00 00 F3: 23.4 C
[  34.16] 28 C6 BB 4E 04 00 00 67: 23.3 C
[  34.95] 28 7E 63 AD 0B 00 00 3F: 23.4 C
[  35.74] 28 F1 39 AD 0B 00 00 D9: 23.3 C
[  35.74] ---
[  36.53] 28 20 78 92 07 00 00 67: 23.2 C
[  37.32] 28 78 B8 AC 0B 00 00 2C: 23.4 C
[  38.11] 28 64 69 AB 0B 00 00 1F: 23.3 C
[  38.90] 28 FC AE AA 0B 00 00 F3: 23.4 C
[  39.69] 28 C6 BB 4E 04 00 00 67: 23.3 C
[  40.48] 28 7E 63 AD 0B 00 00 3F: 23.4 C
[  41.27] 28 F1 39 AD 0B 00 00 D9: 23.3 C
[  41.27] ---
[  42.06] 28 20 78 92 07 00 00 67: 23.2 C
[  42.85] 28 78 B8 AC 0B 00 00 2C: 23.4 C
[  43.64] 28 64 69 AB 0B 00 00 1F: 23.3 C
[  44.43] 28 FC AE AA 0B 00 00 F3: 23.4 C
