# COM5 115200 t0=22:15:13
[   2.20] DS18B20 7_low_power (low power) starting...
[   2.20] Searching 1-Wire bus...
[   2.20] OW_PORT_LOW_POWER enabled - WFE sleep on stages > 1ms
[   2.23]   ROM: 28 20 78 92 07 00 00 67
[   2.27]   ROM: 28 78 B8 AC 0B 00 00 2C
[   2.30]   ROM: 28 64 69 AB 0B 00 00 1F
[   2.33]   ROM: 28 FC AE AA 0B 00 00 F3
[   2.37]   ROM: 28 C6 BB 4E 04 00 00 67
[   2.40]   ROM: 28 7E 63 AD 0B 00 00 3F
[   2.44]   ROM: 28 F1 39 AD 0B 00 00 D9
[   2.44] Found 7 device(s). Measuring each in turn (WFE sleep on long stages).
[   3.23] 28 20 78 92 07 00 00 67: 23.1 C
[   4.02] 28 78 B8 AC 0B 00 00 2C: 23.3 C
[   4.81] 28 64 69 AB 0B 00 00 1F: 23.3 C
[   5.60] 28 FC AE AA 0B 00 00 F3: 23.4 C
[   6.39] 28 C6 BB 4E 04 00 00 67: 23.3 C
[   7.18] 28 7E 63 AD 0B 00 00 3F: 23.4 C
[   7.97] 28 F1 39 AD 0B 00 00 D9: 23.3 C
[   7.97] --------------------------------
[   8.76] 28 20 78 92 07 00 00 67: 23.1 C
[   9.55] 28 78 B8 AC 0B 00 00 2C: 23.3 C
[  10.34] 28 64 69 AB 0B 00 00 1F: 23.3 C
[  11.13] 28 FC AE AA 0B 00 00 F3: 23.4 C
[  11.92] 28 C6 BB 4E 04 00 00 67: 23.3 C
[  12.71] 28 7E 63 AD 0B 00 00 3F: 23.4 C
[  13.51] 28 F1 39 AD 0B 00 00 D9: 23.3 C
[  13.51] --------------------------------
[  14.30] 28 20 78 92 07 00 00 67: 23.2 C
[  15.09] 28 78 B8 AC 0B 00 00 2C: 23.4 C
[  15.88] 28 64 69 AB 0B 00 00 1F: 23.3 C
[  16.67] 28 FC AE AA 0B 00 00 F3: 23.3 C
[  17.46] 28 C6 BB 4E 04 00 00 67: 23.3 C
[  18.25] 28 7E 63 AD 0B 00 00 3F: 23.4 C
[  19.04] 28 F1 39 AD 0B 00 00 D9: 23.3 C
[  19.04] --------------------------------
[  19.83] 28 20 78 92 07 00 00 67: 23.1 C
[  20.62] 28 78 B8 AC 0B 00 00 2C: 23.3 C
[  21.41] 28 64 69 AB 0B 00 00 1F: 23.3 C
[  22.20] 28 FC AE AA 0B 00 00 F3: 23.4 C
[  22.99] 28 C6 BB 4E 04 00 00 67: 23.3 C
[  23.78] 28 7E 63 AD 0B 00 00 3F: 23.4 C
[  24.57] 28 F1 39 AD 0B 00 00 D9: 23.3 C
[  24.58] --------------------------------
[  25.36] 28 20 78 92 07 00 00 67: 23.2 C
[  26.15] 28 78 B8 AC 0B 00 00 2C: 23.4 C
[  26.94] 28 64 69 AB 0B 00 00 1F: 23.3 C
[  27.74] 28 FC AE AA 0B 00 00 F3: 23.4 C
[  28.53] 28 C6 BB 4E 04 00 00 67: 23.3 C
[  29.32] 28 7E 63 AD 0B 00 00 3F: 23.4 C
[  30.11] 28 F1 39 AD 0B 00 00 D9: 23.3 C
[  30.11] --------------------------------
[  30.90] 28 20 78 92 07 00 00 67: 23.1 C
[  31.69] 28 78 B8 AC 0B 00 00 2C: 23.4 C
