# COM5 115200 t0=22:22:35
[   3.20] DS18B20 7_low_power (low power) starting...
[   3.20] Searching 1-Wire bus...
[   3.20] OW_PORT_LOW_POWER enabled - WFE sleep on stages > 1ms
[   3.23]   ROM: 28 20 78 92 07 00 00 67
[   3.26]   ROM: 28 78 B8 AC 0B 00 00 2C
[   3.30]   ROM: 28 64 69 AB 0B 00 00 1F
[   3.33]   ROM: 28 FC AE AA 0B 00 00 F3
[   3.37]   ROM: 28 C6 BB 4E 04 00 00 67
[   3.40]   ROM: 28 7E 63 AD 0B 00 00 3F
[   3.44]   ROM: 28 F1 39 AD 0B 00 00 D9
[   3.44] Found 7 device(s). Measuring each in turn (WFE sleep on long stages).
[   4.23] 28 20 78 92 07 00 00 67: 23.3 C
[   5.02] 28 78 B8 AC 0B 00 00 2C: 23.4 C
[   5.81] 28 64 69 AB 0B 00 00 1F: 23.4 C
[   6.60] 28 FC AE AA 0B 00 00 F3: 23.5 C
[   7.39] 28 C6 BB 4E 04 00 00 67: 23.4 C
[   8.18] 28 7E 63 AD 0B 00 00 3F: 23.5 C
[   8.97] 28 F1 39 AD 0B 00 00 D9: 23.4 C
[   8.97] --------------------------------
[   9.76] 28 20 78 92 07 00 00 67: 23.3 C
[  10.55] 28 78 B8 AC 0B 00 00 2C: 23.4 C
[  11.34] 28 64 69 AB 0B 00 00 1F: 23.4 C
[  12.13] 28 FC AE AA 0B 00 00 F3: 23.5 C
[  12.92] 28 C6 BB 4E 04 00 00 67: 23.4 C
[  13.71] 28 7E 63 AD 0B 00 00 3F: 23.5 C
[  14.50] 28 F1 39 AD 0B 00 00 D9: 23.4 C
[  14.50] --------------------------------
[  15.29] 28 20 78 92 07 00 00 67: 23.3 C
[  16.08] 28 78 B8 AC 0B 00 00 2C: 23.4 C
[  16.87] 28 64 69 AB 0B 00 00 1F: 23.4 C
[  17.66] 28 FC AE AA 0B 00 00 F3: 23.4 C
[  18.45] 28 C6 BB 4E 04 00 00 67: 23.3 C
[  19.24] 28 7E 63 AD 0B 00 00 3F: 23.5 C
[  20.03] 28 F1 39 AD 0B 00 00 D9: 23.4 C
[  20.03] --------------------------------
[  20.82] 28 20 78 92 07 00 00 67: 23.3 C
[  21.61] 28 78 B8 AC 0B 00 00 2C: 23.4 C
[  22.40] 28 64 69 AB 0B 00 00 1F: 23.4 C
[  23.19] 28 FC AE AA 0B 00 00 F3: 23.4 C
[  23.98] 28 C6 BB 4E 04 00 00 67: 23.3 C
[  24.77] 28 7E 63 AD 0B 00 00 3F: 23.4 C
[  25.56] 28 F1 39 AD 0B 00 00 D9: 23.4 C
[  25.56] --------------------------------
[  26.35] 28 20 78 92 07 00 00 67: 23.3 C
[  27.14] 28 78 B8 AC 0B 00 00 2C: 23.4 C
[  27.93] 28 64 69 AB 0B 00 00 1F: 23.3 C
[  28.72] 28 FC AE AA 0B 00 00 F3: 23.4 C
[  29.51] 28 C6 BB 4E 04 00 00 67: 23.3 C
[  30.30] 28 7E 63 AD 0B 00 00 3F: 23.4 C
[  31.09] 28 F1 39 AD 0B 00 00 D9: 23.3 C
[  31.09] --------------------------------
[  31.88] 28 20 78 92 07 00 00 67: 23.2 C
[  32.67] 28 78 B8 AC 0B 00 00 2C: 23.4 C
[  33.46] 28 64 69 AB 0B 00 00 1F: 23.3 C
[  34.25] 28 FC AE AA 0B 00 00 F3: 23.4 C
[  35.04] 28 C6 BB 4E 04 00 00 67: 23.3 C
[  35.83] 28 7E 63 AD 0B 00 00 3F: 23.4 C
[  36.62] 28 F1 39 AD 0B 00 00 D9: 23.3 C
[  36.62] --------------------------------
[  37.41] 28 20 78 92 07 00 00 67: 23.2 C
[  38.20] 28 78 B8 AC 0B 00 00 2C: 23.4 C
[  38.99] 28 64 69 AB 0B 00 00 1F: 23.3 C
[  39.78] 28 FC AE AA 0B 00 00 F3: 23.4 C
[  40.57] 28 C6 BB 4E 04 00 00 67: 23.3 C
[  41.36] 28 7E 63 AD 0B 00 00 3F: 23.4 C
[  42.15] 28 F1 39 AD 0B 00 00 D9: 23.3 C
[  42.15] --------------------------------
[  42.94] 28 20 78 92 07 00 00 67: 23.3 C
[  43.73] 28 78 B8 AC 0B 00 00 2C: 23.4 C
[  44.52] 28 64 69 AB 0B 00 00 1F: 23.3 C
