# COM5 115200 t0=22:28:14
[   3.25] DS18B20 7_low_power (low power) starting...
[   3.25] Searching 1-Wire bus...
[   3.25] OW_PORT_LOW_POWER enabled - WFE sleep on stages > 1ms
[   3.28]   ROM: 28 20 78 92 07 00 00 67
[   3.32]   ROM: 28 78 B8 AC 0B 00 00 2C
[   3.35]   ROM: 28 64 69 AB 0B 00 00 1F
[   3.39]   ROM: 28 FC AE AA 0B 00 00 F3
[   3.43]   ROM: 28 C6 BB 4E 04 00 00 67
[   3.46]   ROM: 28 7E 63 AD 0B 00 00 3F
[   3.50]   ROM: 28 F1 39 AD 0B 00 00 D9
[   3.50] Found 7 device(s). Measuring each in turn (WFE sleep on long stages).
[   4.29] 28 20 78 92 07 00 00 67: 23.3 C
[   5.08] 28 78 B8 AC 0B 00 00 2C: 23.5 C
[   5.87] 28 64 69 AB 0B 00 00 1F: 23.4 C
[   6.66] 28 FC AE AA 0B 00 00 F3: 23.5 C
[   7.45] 28 C6 BB 4E 04 00 00 67: 23.4 C
[   8.24] 28 7E 63 AD 0B 00 00 3F: 23.5 C
[   9.03] 28 F1 39 AD 0B 00 00 D9: 23.4 C
[   9.03] --------------------------------
[   9.82] 28 20 78 92 07 00 00 67: 23.3 C
[  10.61] 28 78 B8 AC 0B 00 00 2C: 23.4 C
[  11.40] 28 64 69 AB 0B 00 00 1F: 23.4 C
[  12.19] 28 FC AE AA 0B 00 00 F3: 23.5 C
[  12.98] 28 C6 BB 4E 04 00 00 67: 23.4 C
[  13.77] 28 7E 63 AD 0B 00 00 3F: 23.5 C
[  14.56] 28 F1 39 AD 0B 00 00 D9: 23.4 C
[  14.56] --------------------------------
[  15.35] 28 20 78 92 07 00 00 67: 23.3 C
[  16.14] 28 78 B8 AC 0B 00 00 2C: 23.4 C
[  16.93] 28 64 69 AB 0B 00 00 1F: 23.4 C
[  17.72] 28 FC AE AA 0B 00 00 F3: 23.4 C
[  18.51] 28 C6 BB 4E 04 00 00 67: 23.4 C
[  19.30] 28 7E 63 AD 0B 00 00 3F: 23.5 C
[  20.09] 28 F1 39 AD 0B 00 00 D9: 23.4 C
[  20.09] --------------------------------
[  20.88] 28 20 78 92 07 00 00 67: 23.3 C
[  21.67] 28 78 B8 AC 0B 00 00 2C: 23.4 C
[  22.46] 28 64 69 AB 0B 00 00 1F: 23.4 C
[  23.25] 28 FC AE AA 0B 00 00 F3: 23.4 C
[  24.04] 28 C6 BB 4E 04 00 00 67: 23.4 C
[  24.83] 28 7E 63 AD 0B 00 00 3F: 23.5 C
[  25.62] 28 F1 39 AD 0B 00 00 D9: 23.4 C
[  25.63] --------------------------------
[  26.41] 28 20 78 92 07 00 00 67: 23.3 C
[  27.20] 28 78 B8 AC 0B 00 00 2C: 23.4 C
[  27.99] 28 64 69 AB 0B 00 00 1F: 23.4 C
[  28.78] 28 FC AE AA 0B 00 00 F3: 23.4 C
[  29.57] 28 C6 BB 4E 04 00 00 67: 23.4 C
[  30.36] 28 7E 63 AD 0B 00 00 3F: 23.4 C
[  31.15] 28 F1 39 AD 0B 00 00 D9: 23.4 C
[  31.16] --------------------------------
[  31.95] 28 20 78 92 07 00 00 67: 23.3 C
[  32.74] 28 78 B8 AC 0B 00 00 2C: 23.4 C
[  33.53] 28 64 69 AB 0B 00 00 1F: 23.4 C
[  34.32] 28 FC AE AA 0B 00 00 F3: 23.4 C
[  35.11] 28 C6 BB 4E 04 00 00 67: 23.3 C
[  35.90] 28 7E 63 AD 0B 00 00 3F: 23.4 C
[  36.69] 28 F1 39 AD 0B 00 00 D9: 23.4 C
[  36.69] --------------------------------
[  37.48] 28 20 78 92 07 00 00 67: 23.2 C
[  38.27] 28 78 B8 AC 0B 00 00 2C: 23.4 C
[  39.06] 28 64 69 AB 0B 00 00 1F: 23.4 C
[  39.85] 28 FC AE AA 0B 00 00 F3: 23.4 C
[  40.64] 28 C6 BB 4E 04 00 00 67: 23.3 C
[  41.43] 28 7E 63 AD 0B 00 00 3F: 23.4 C
[  42.22] 28 F1 39 AD 0B 00 00 D9: 23.3 C
[  42.22] --------------------------------
[  43.01] 28 20 78 92 07 00 00 67: 23.2 C
[  43.80] 28 78 B8 AC 0B 00 00 2C: 23.4 C
[  44.59] 28 64 69 AB 0B 00 00 1F: 23.4 C
