# COM5 115200 t0=19:30:17
[   0.20] 28 F1 39 AD 0B 00 00 D9: 22.5 C
[   0.21] --------------------------------
[   1.00] 28 20 78 92 07 00 00 67: 22.4 C
[   1.79] 28 78 B8 AC 0B 00 00 2C: 22.5 C
[   2.89] DS18B20 1_basic starting...
[   3.66] DS18B20 error: CRC check failed.
[   4.43] DS18B20 error: CRC check failed.
[   5.20] DS18B20 error: CRC check failed.
[   5.97] DS18B20 error: CRC check failed.
[   6.74] DS18B20 error: CRC check failed.
[   7.51] DS18B20 error: CRC check failed.
[   8.28] DS18B20 error: CRC check failed.
[   9.05] DS18B20 error: CRC check failed.
[   9.82] DS18B20 error: CRC check failed.
[  10.59] DS18B20 error: CRC check failed.
[  11.36] DS18B20 error: CRC check failed.
[  12.13] DS18B20 error: CRC check failed.
[  12.90] DS18B20 error: CRC check failed.
[  13.67] DS18B20 error: CRC check failed.
[  14.44] DS18B20 error: CRC check failed.
[  15.21] DS18B20 error: CRC check failed.
[  15.98] DS18B20 error: CRC check failed.
[  16.75] DS18B20 error: CRC check failed.
[  17.52] DS18B20 error: CRC check failed.
[  18.29] DS18B20 error: CRC check failed.
[  19.06] DS18B20 error: CRC check failed.
[  19.83] DS18B20 error: CRC check failed.
[  20.60] DS18B20 error: CRC check failed.
[  21.37] DS18B20 error: CRC check failed.
[  22.14] DS18B20 error: CRC check failed.
[  22.91] DS18B20 error: CRC check failed.
[  23.68] DS18B20 error: CRC check failed.
[  24.44] DS18B20 error: CRC check failed.
[  25.21] DS18B20 error: CRC check failed.
[  25.98] DS18B20 error: CRC check failed.
[  26.75] DS18B20 error: CRC check failed.
[  27.52] DS18B20 error: CRC check failed.
[  28.29] DS18B20 error: CRC check failed.
[  29.06] DS18B20 error: CRC check failed.
[  29.83] DS18B20 error: CRC check failed.
[  30.60] DS18B20 error: CRC check failed.
[  31.37] DS18B20 error: CRC check failed.
[  32.14] DS18B20 error: CRC check failed.
[  32.91] DS18B20 error: CRC check failed.
[  33.68] DS18B20 error: CRC check failed.
[  34.45] DS18B20 error: CRC check failed.
[  35.22] DS18B20 error: CRC check failed.
[  35.99] DS18B20 error: CRC check failed.
[  36.76] DS18B20 error: CRC check failed.
[  37.53] DS18B20 error: CRC check failed.
[  38.30] DS18B20 error: CRC check failed.
[  39.07] DS18B20 error: CRC check failed.
[  39.84] DS18B20 error: CRC check failed.
