# COM5 115200 t0=19:25:27
[   0.75] 28 F1 39 AD 0B 00 00 D9: 22.3 C
[   0.75] --------------------------------
[   1.54] 28 20 78 92 07 00 00 67: 22.3 C
[   2.76] DS18B20 1_basic starting...
[   3.53] DS18B20 error: CRC check failed.
[   4.30] DS18B20 error: CRC check failed.
[   5.07] DS18B20 error: CRC check failed.
[   5.84] DS18B20 error: CRC check failed.
[   6.61] DS18B20 error: CRC check failed.
[   7.38] DS18B20 error: CRC check failed.
[   8.15] DS18B20 error: CRC check failed.
[   8.92] DS18B20 error: CRC check failed.
[   9.69] DS18B20 error: CRC check failed.
[  10.46] DS18B20 error: CRC check failed.
[  11.23] DS18B20 error: CRC check failed.
[  12.00] DS18B20 error: CRC check failed.
[  12.77] DS18B20 error: CRC check failed.
[  13.54] DS18B20 error: CRC check failed.
[  14.31] DS18B20 error: CRC check failed.
[  15.08] DS18B20 error: CRC check failed.
[  15.85] DS18B20 error: CRC check failed.
[  16.62] DS18B20 error: CRC check failed.
[  17.39] DS18B20 error: CRC check failed.
[  18.16] DS18B20 error: CRC check failed.
[  18.93] DS18B20 error: CRC check failed.
[  19.70] DS18B20 error: CRC check failed.
[  20.47] DS18B20 error: CRC check failed.
[  21.24] DS18B20 error: CRC check failed.
[  22.01] DS18B20 error: CRC check failed.
[  22.77] DS18B20 error: CRC check failed.
[  23.54] DS18B20 error: CRC check failed.
[  24.31] DS18B20 error: CRC check failed.
[  25.08] DS18B20 error: CRC check failed.
[  25.85] DS18B20 error: CRC check failed.
[  26.62] DS18B20 error: CRC check failed.
[  27.39] DS18B20 error: CRC check failed.
[  28.16] DS18B20 error: CRC check failed.
[  28.93] DS18B20 error: CRC check failed.
[  29.70] DS18B20 error: CRC check failed.
[  30.47] DS18B20 error: CRC check failed.
[  31.24] DS18B20 error: CRC check failed.
[  32.01] DS18B20 error: CRC check failed.
[  32.78] DS18B20 error: CRC check failed.
[  33.55] DS18B20 error: CRC check failed.
[  34.32] DS18B20 error: CRC check failed.
[  35.09] DS18B20 error: CRC check failed.
[  35.86] DS18B20 error: CRC check failed.
[  36.63] DS18B20 error: CRC check failed.
[  37.40] DS18B20 error: CRC check failed.
[  38.17] DS18B20 error: CRC check failed.
[  38.94] DS18B20 error: CRC check failed.
[  39.71] DS18B20 error: CRC check failed.
