# COM5 115200 t0=19:40:01
[   0.19] 28 F1 39 AD 0B 00 00 D9: 22.6 C
[   0.19] --------------------------------
[   0.98] 28 20 78 92 07 00 00 67: 22.5 C
[   1.77] 28 78 B8 AC 0B 00 00 2C: 22.6 C
[   2.88] DS18B20 1_basic starting...
[   3.65] DS18B20 error: CRC check failed.
[   4.42] DS18B20 error: CRC check failed.
[   5.18] DS18B20 error: CRC check failed.
[   5.95] DS18B20 error: CRC check failed.
[   6.72] DS18B20 error: CRC check failed.
[   7.49] DS18B20 error: CRC check failed.
[   8.26] DS18B20 error: CRC check failed.
[   9.03] DS18B20 error: CRC check failed.
[   9.80] DS18B20 error: CRC check failed.
[  10.57] DS18B20 error: CRC check failed.
[  11.34] DS18B20 error: CRC check failed.
[  12.11] DS18B20 error: CRC check failed.
[  12.88] DS18B20 error: CRC check failed.
[  13.65] DS18B20 error: CRC check failed.
[  14.42] DS18B20 error: CRC check failed.
[  15.19] DS18B20 error: CRC check failed.
[  15.96] DS18B20 error: CRC check failed.
[  16.73] DS18B20 error: CRC check failed.
[  17.50] DS18B20 error: CRC check failed.
[  18.27] DS18B20 error: CRC check failed.
[  19.04] DS18B20 error: CRC check failed.
[  19.81] DS18B20 error: CRC check failed.
[  20.58] DS18B20 error: CRC check failed.
[  21.35] DS18B20 error: CRC check failed.
[  22.12] DS18B20 error: CRC check failed.
[  22.89] DS18B20 error: CRC check failed.
[  23.66] DS18B20 error: CRC check failed.
[  24.43] DS18B20 error: CRC check failed.
[  25.19] DS18B20 error: CRC check failed.
[  25.96] DS18B20 error: CRC check failed.
[  26.73] DS18B20 error: CRC check failed.
[  27.50] DS18B20 error: CRC check failed.
[  28.27] DS18B20 error: CRC check failed.
[  29.04] DS18B20 error: CRC check failed.
[  29.81] DS18B20 error: CRC check failed.
[  30.58] DS18B20 error: CRC check failed.
[  31.35] DS18B20 error: CRC check failed.
[  32.12] DS18B20 error: CRC check failed.
[  32.89] DS18B20 error: CRC check failed.
[  33.66] DS18B20 error: CRC check failed.
[  34.43] DS18B20 error: CRC check failed.
[  35.20] DS18B20 error: CRC check failed.
[  35.97] DS18B20 error: CRC check failed.
[  36.74] DS18B20 error: CRC check failed.
[  37.51] DS18B20 error: CRC check failed.
[  38.28] DS18B20 error: CRC check failed.
[  39.05] DS18B20 error: CRC check failed.
[  39.82] DS18B20 error: CRC check failed.
