# COM5 115200 t0=19:35:50
[   0.48] DS18B20 error: CRC check failed.
[   1.25] DS18B20 error: CRC check failed.
[   2.02] DS18B20 error: CRC check failed.
[   2.90] DS18B20 2_device_search starting...
[   2.90] Searching 1-Wire bus...
[   2.93]   ROM: 28 20 78 92 07 00 00 67
[   2.97]   ROM: 28 78 B8 AC 0B 00 00 2C
[   3.00]   ROM: 28 64 69 AB 0B 00 00 1F
[   3.04]   ROM: 28 FC AE AA 0B 00 00 F3
[   3.08]   ROM: 28 C6 BB 4E 04 00 00 67
[   3.11]   ROM: 28 7E 63 AD 0B 00 00 3F
[   3.15]   ROM: 28 F1 39 AD 0B 00 00 D9
[   3.15] Found 7 device(s). Measuring each in turn.
[   3.94] 28 20 78 92 07 00 00 67: 22.6 C
[   4.73] 28 78 B8 AC 0B 00 00 2C: 22.8 C
[   5.52] 28 64 69 AB 0B 00 00 1F: 22.8 C
[   6.31] 28 FC AE AA 0B 00 00 F3: 22.8 C
[   7.10] 28 C6 BB 4E 04 00 00 67: 22.3 C
[   7.90] 28 7E 63 AD 0B 00 00 3F: 22.8 C
[   8.69] 28 F1 39 AD 0B 00 00 D9: 22.7 C
[   8.69] --------------------------------
[   9.48] 28 20 78 92 07 00 00 67: 22.6 C
[  10.27] 28 78 B8 AC 0B 00 00 2C: 22.7 C
[  11.06] 28 64 69 AB 0B 00 00 1F: 22.8 C
[  11.85] 28 FC AE AA 0B 00 00 F3: 22.8 C
[  12.64] 28 C6 BB 4E 04 00 00 67: 22.2 C
[  13.43] 28 7E 63 AD 0B 00 00 3F: 22.8 C
[  14.23] 28 F1 39 AD 0B 00 00 D9: 22.7 C
[  14.23] --------------------------------
[  15.02] 28 20 78 92 07 00 00 67: 22.6 C
[  15.81] 28 78 B8 AC 0B 00 00 2C: 22.7 C
[  16.60] 28 64 69 AB 0B 00 00 1F: 22.7 C
[  17.39] 28 FC AE AA 0B 00 00 F3: 22.8 C
[  18.18] 28 C6 BB 4E 04 00 00 67: 22.2 C
[  18.97] 28 7E 63 AD 0B 00 00 3F: 22.8 C
[  19.76] 28 F1 39 AD 0B 00 00 D9: 22.7 C
[  19.77] --------------------------------
[  20.55] 28 20 78 92 07 00 00 67: 22.6 C
[  21.35] 28 78 B8 AC 0B 00 00 2C: 22.7 C
[  22.14] 28 64 69 AB 0B 00 00 1F: 22.7 C
[  22.93] 28 FC AE AA 0B 00 00 F3: 22.8 C
[  23.72] 28 C6 BB 4E 04 00 00 67: 22.2 C
[  24.51] 28 7E 63 AD 0B 00 00 3F: 22.8 C
[  25.30] 28 F1 39 AD 0B 00 00 D9: 22.6 C
[  25.30] --------------------------------
[  26.09] 28 20 78 92 07 00 00 67: 22.5 C
[  26.88] 28 78 B8 AC 0B 00 00 2C: 22.7 C
[  27.67] 28 64 69 AB 0B 00 00 1F: 22.7 C
[  28.47] 28 FC AE AA 0B 00 00 F3: 22.8 C
[  29.26] 28 C6 BB 4E 04 00 00 67: 22.2 C
[  30.05] 28 7E 63 AD 0B 00 00 3F: 22.8 C
[  30.84] 28 F1 39 AD 0B 00 00 D9: 22.6 C
[  30.84] --------------------------------
[  31.63] 28 20 78 92 07 00 00 67: 22.5 C
[  32.42] 28 78 B8 AC 0B 00 00 2C: 22.7 C
[  33.21] 28 64 69 AB 0B 00 00 1F: 22.7 C
[  34.00] 28 FC AE AA 0B 00 00 F3: 22.7 C
[  34.80] 28 C6 BB 4E 04 00 00 67: 22.2 C
[  35.59] 28 7E 63 AD 0B 00 00 3F: 22.7 C
[  36.38] 28 F1 39 AD 0B 00 00 D9: 22.6 C
[  36.38] --------------------------------
[  37.17] 28 20 78 92 07 00 00 67: 22.5 C
[  37.96] 28 78 B8 AC 0B 00 00 2C: 22.6 C
[  38.75] 28 64 69 AB 0B 00 00 1F: 22.7 C
[  39.54] 28 FC AE AA 0B 00 00 F3: 22.7 C
