# COM5 115200 t0=19:26:09
[   0.23] DS18B20 error: CRC check failed.
[   1.00] DS18B20 error: CRC check failed.
[   1.77] DS18B20 error: CRC check failed.
[   2.80] DS18B20 2_device_search starting...
[   2.80] Searching 1-Wire bus...
[   2.84]   ROM: 28 20 78 92 07 00 00 67
[   2.87]   ROM: 28 78 B8 AC 0B 00 00 2C
[   2.91]   ROM: 28 64 69 AB 0B 00 00 1F
[   2.94]   ROM: 28 FC AE AA 0B 00 00 F3
[   2.98]   ROM: 28 C6 BB 4E 04 00 00 67
[   3.02]   ROM: 28 7E 63 AD 0B 00 00 3F
[   3.05]   ROM: 28 F1 39 AD 0B 00 00 D9
[   3.06] Found 7 device(s). Measuring each in turn.
[   3.84] 28 20 78 92 07 00 00 67: 22.4 C
[   4.64] 28 78 B8 AC 0B 00 00 2C: 22.6 C
[   5.43] 28 64 69 AB 0B 00 00 1F: 22.6 C
[   6.22] 28 FC AE AA 0B 00 00 F3: 22.6 C
[   7.01] 28 C6 BB 4E 04 00 00 67: 22.1 C
[   7.80] 28 7E 63 AD 0B 00 00 3F: 22.6 C
[   8.59] 28 F1 39 AD 0B 00 00 D9: 22.5 C
[   8.59] --------------------------------
[   9.38] 28 20 78 92 07 00 00 67: 22.4 C
[  10.17] 28 78 B8 AC 0B 00 00 2C: 22.6 C
[  10.96] 28 64 69 AB 0B 00 00 1F: 22.6 C
[  11.76] 28 FC AE AA 0B 00 00 F3: 22.6 C
[  12.55] 28 C6 BB 4E 04 00 00 67: 22.1 C
[  13.34] 28 7E 63 AD 0B 00 00 3F: 22.6 C
[  14.13] 28 F1 39 AD 0B 00 00 D9: 22.4 C
[  14.13] --------------------------------
[  14.92] 28 20 78 92 07 00 00 67: 22.4 C
[  15.71] 28 78 B8 AC 0B 00 00 2C: 22.5 C
[  16.50] 28 64 69 AB 0B 00 00 1F: 22.5 C
[  17.29] 28 FC AE AA 0B 00 00 F3: 22.6 C
[  18.09] 28 C6 BB 4E 04 00 00 67: 22.1 C
[  18.88] 28 7E 63 AD 0B 00 00 3F: 22.6 C
[  19.67] 28 F1 39 AD 0B 00 00 D9: 22.5 C
[  19.67] --------------------------------
[  20.46] 28 20 78 92 07 00 00 67: 22.4 C
[  21.25] 28 78 B8 AC 0B 00 00 2C: 22.5 C
[  22.04] 28 64 69 AB 0B 00 00 1F: 22.5 C
[  22.83] 28 FC AE AA 0B 00 00 F3: 22.6 C
[  23.62] 28 C6 BB 4E 04 00 00 67: 22.0 C
[  24.41] 28 7E 63 AD 0B 00 00 3F: 22.6 C
[  25.21] 28 F1 39 AD 0B 00 00 D9: 22.4 C
[  25.21] --------------------------------
[  26.00] 28 20 78 92 07 00 00 67: 22.4 C
[  26.79] 28 78 B8 AC 0B 00 00 2C: 22.5 C
[  27.58] 28 64 69 AB 0B 00 00 1F: 22.5 C
[  28.37] 28 FC AE AA 0B 00 00 F3: 22.6 C
[  29.16] 28 C6 BB 4E 04 00 00 67: 22.1 C
[  29.95] 28 7E 63 AD 0B 00 00 3F: 22.6 C
[  30.74] 28 F1 39 AD 0B 00 00 D9: 22.4 C
[  30.75] --------------------------------
[  31.53] 28 20 78 92 07 00 00 67: 22.3 C
[  32.33] 28 78 B8 AC 0B 00 00 2C: 22.5 C
[  33.12] 28 64 69 AB 0B 00 00 1F: 22.5 C
[  33.91] 28 FC AE AA 0B 00 00 F3: 22.6 C
[  34.70] 28 C6 BB 4E 04 00 00 67: 22.1 C
[  35.49] 28 7E 63 AD 0B 00 00 3F: 22.6 C
[  36.28] 28 F1 39 AD 0B 00 00 D9: 22.4 C
[  36.28] --------------------------------
[  37.07] 28 20 78 92 07 00 00 67: 22.3 C
[  37.86] 28 78 B8 AC 0B 00 00 2C: 22.5 C
[  38.66] 28 64 69 AB 0B 00 00 1F: 22.5 C
[  39.45] 28 FC AE AA 0B 00 00 F3: 22.5 C
