# COM5 115200 t0=19:30:59
[   0.51] DS18B20 error: CRC check failed.
[   1.28] DS18B20 error: CRC check failed.
[   2.92] DS18B20 2_device_search starting...
[   2.92] Searching 1-Wire bus...
[   2.95]   ROM: 28 20 78 92 07 00 00 67
[   2.99]   ROM: 28 78 B8 AC 0B 00 00 2C
[   3.02]   ROM: 28 64 69 AB 0B 00 00 1F
[   3.06]   ROM: 28 FC AE AA 0B 00 00 F3
[   3.10]   ROM: 28 C6 BB 4E 04 00 00 67
[   3.13]   ROM: 28 7E 63 AD 0B 00 00 3F
[   3.17]   ROM: 28 F1 39 AD 0B 00 00 D9
[   3.17] Found 7 device(s). Measuring each in turn.
[   3.96] 28 20 78 92 07 00 00 67: 22.6 C
[   4.75] 28 78 B8 AC 0B 00 00 2C: 22.6 C
[   5.54] 28 64 69 AB 0B 00 00 1F: 22.7 C
[   6.33] 28 FC AE AA 0B 00 00 F3: 22.8 C
[   7.12] 28 C6 BB 4E 04 00 00 67: 22.2 C
[   7.92] 28 7E 63 AD 0B 00 00 3F: 22.8 C
[   8.71] 28 F1 39 AD 0B 00 00 D9: 22.6 C
[   8.71] --------------------------------
[   9.50] 28 20 78 92 07 00 00 67: 22.5 C
[  10.29] 28 78 B8 AC 0B 00 00 2C: 22.6 C
[  11.08] 28 64 69 AB 0B 00 00 1F: 22.6 C
[  11.87] 28 FC AE AA 0B 00 00 F3: 22.7 C
[  12.66] 28 C6 BB 4E 04 00 00 67: 22.1 C
[  13.45] 28 7E 63 AD 0B 00 00 3F: 22.7 C
[  14.24] 28 F1 39 AD 0B 00 00 D9: 22.6 C
[  14.25] --------------------------------
[  15.04] 28 20 78 92 07 00 00 67: 22.4 C
[  15.83] 28 78 B8 AC 0B 00 00 2C: 22.6 C
[  16.62] 28 64 69 AB 0B 00 00 1F: 22.6 C
[  17.41] 28 FC AE AA 0B 00 00 F3: 22.7 C
[  18.20] 28 C6 BB 4E 04 00 00 67: 22.1 C
[  18.99] 28 7E 63 AD 0B 00 00 3F: 22.7 C
[  19.78] 28 F1 39 AD 0B 00 00 D9: 22.6 C
[  19.79] --------------------------------
[  20.57] 28 20 78 92 07 00 00 67: 22.4 C
[  21.37] 28 78 B8 AC 0B 00 00 2C: 22.6 C
[  22.16] 28 64 69 AB 0B 00 00 1F: 22.6 C
[  22.95] 28 FC AE AA 0B 00 00 F3: 22.7 C
[  23.74] 28 C6 BB 4E 04 00 00 67: 22.1 C
[  24.53] 28 7E 63 AD 0B 00 00 3F: 22.6 C
[  25.32] 28 F1 39 AD 0B 00 00 D9: 22.6 C
[  25.32] --------------------------------
[  26.11] 28 20 78 92 07 00 00 67: 22.4 C
[  26.90] 28 78 B8 AC 0B 00 00 2C: 22.6 C
[  27.69] 28 64 69 AB 0B 00 00 1F: 22.6 C
[  28.49] 28 FC AE AA 0B 00 00 F3: 22.7 C
[  29.28] 28 C6 BB 4E 04 00 00 67: 22.1 C
[  30.07] 28 7E 63 AD 0B 00 00 3F: 22.6 C
[  30.86] 28 F1 39 AD 0B 00 00 D9: 22.6 C
[  30.86] --------------------------------
[  31.65] 28 20 78 92 07 00 00 67: 22.4 C
[  32.44] 28 78 B8 AC 0B 00 00 2C: 22.6 C
[  33.23] 28 64 69 AB 0B 00 00 1F: 22.6 C
[  34.02] 28 FC AE AA 0B 00 00 F3: 22.6 C
[  34.81] 28 C6 BB 4E 04 00 00 67: 22.1 C
[  35.61] 28 7E 63 AD 0B 00 00 3F: 22.6 C
[  36.40] 28 F1 39 AD 0B 00 00 D9: 22.5 C
[  36.40] --------------------------------
[  37.19] 28 20 78 92 07 00 00 67: 22.4 C
[  37.98] 28 78 B8 AC 0B 00 00 2C: 22.6 C
[  38.77] 28 64 69 AB 0B 00 00 1F: 22.6 C
[  39.56] 28 FC AE AA 0B 00 00 F3: 22.6 C
