# COM5 115200 t0=19:45:34
[   0.41] DS18B20 error: CRC check failed.
[   1.18] DS18B20 error: CRC check failed.
[   1.95] DS18B20 error: CRC check failed.
[   2.87] DS18B20 2_device_search starting...
[   2.88] Searching 1-Wire bus...
[   2.91]   ROM: 28 20 78 92 07 00 00 67
[   2.95]   ROM: 28 78 B8 AC 0B 00 00 2C
[   2.98]   ROM: 28 64 69 AB 0B 00 00 1F
[   3.02]   ROM: 28 FC AE AA 0B 00 00 F3
[   3.05]   ROM: 28 C6 BB 4E 04 00 00 67
[   3.09]   ROM: 28 7E 63 AD 0B 00 00 3F
[   3.13]   ROM: 28 F1 39 AD 0B 00 00 D9
[   3.13] Found 7 device(s). Measuring each in turn.
[   3.92] 28 20 78 92 07 00 00 67: 22.7 C
[   4.71] 28 78 B8 AC 0B 00 00 2C: 22.9 C
[   5.50] 28 64 69 AB 0B 00 00 1F: 22.8 C
[   6.29] 28 FC AE AA 0B 00 00 F3: 22.9 C
[   7.08] 28 C6 BB 4E 04 00 00 67: 22.4 C
[   7.87] 28 7E 63 AD 0B 00 00 3F: 22.9 C
[   8.66] 28 F1 39 AD 0B 00 00 D9: 22.8 C
[   8.67] --------------------------------
[   9.46] 28 20 78 92 07 00 00 67: 22.7 C
[  10.25] 28 78 B8 AC 0B 00 00 2C: 22.8 C
[  11.04] 28 64 69 AB 0B 00 00 1F: 22.8 C
[  11.83] 28 FC AE AA 0B 00 00 F3: 22.9 C
[  12.62] 28 C6 BB 4E 04 00 00 67: 22.4 C
[  13.41] 28 7E 63 AD 0B 00 00 3F: 22.9 C
[  14.20] 28 F1 39 AD 0B 00 00 D9: 22.8 C
[  14.21] --------------------------------
[  14.99] 28 20 78 92 07 00 00 67: 22.6 C
[  15.79] 28 78 B8 AC 0B 00 00 2C: 22.8 C
[  16.58] 28 64 69 AB 0B 00 00 1F: 22.8 C
[  17.37] 28 FC AE AA 0B 00 00 F3: 22.9 C
[  18.16] 28 C6 BB 4E 04 00 00 67: 22.4 C
[  18.95] 28 7E 63 AD 0B 00 00 3F: 22.9 C
[  19.74] 28 F1 39 AD 0B 00 00 D9: 22.8 C
[  19.74] --------------------------------
[  20.53] 28 20 78 92 07 00 00 67: 22.6 C
[  21.32] 28 78 B8 AC 0B 00 00 2C: 22.8 C
[  22.11] 28 64 69 AB 0B 00 00 1F: 22.8 C
[  22.91] 28 FC AE AA 0B 00 00 F3: 22.9 C
[  23.70] 28 C6 BB 4E 04 00 00 67: 22.4 C
[  24.49] 28 7E 63 AD 0B 00 00 3F: 22.9 C
[  25.28] 28 F1 39 AD 0B 00 00 D9: 22.8 C
[  25.28] --------------------------------
[  26.07] 28 20 78 92 07 00 00 67: 22.6 C
[  26.86] 28 78 B8 AC 0B 00 00 2C: 22.8 C
[  27.65] 28 64 69 AB 0B 00 00 1F: 22.8 C
[  28.44] 28 FC AE AA 0B 00 00 F3: 22.8 C
[  29.23] 28 C6 BB 4E 04 00 00 67: 22.4 C
[  30.03] 28 7E 63 AD 0B 00 00 3F: 22.9 C
[  30.82] 28 F1 39 AD 0B 00 00 D9: 22.8 C
[  30.82] --------------------------------
[  31.61] 28 20 78 92 07 00 00 67: 22.6 C
[  32.40] 28 78 B8 AC 0B 00 00 2C: 22.8 C
[  33.19] 28 64 69 AB 0B 00 00 1F: 22.8 C
[  33.98] 28 FC AE AA 0B 00 00 F3: 22.8 C
[  34.77] 28 C6 BB 4E 04 00 00 67: 22.4 C
[  35.56] 28 7E 63 AD 0B 00 00 3F: 22.9 C
[  36.36] 28 F1 39 AD 0B 00 00 D9: 22.8 C
[  36.36] --------------------------------
[  37.15] 28 20 78 92 07 00 00 67: 22.6 C
[  37.94] 28 78 B8 AC 0B 00 00 2C: 22.8 C
[  38.73] 28 64 69 AB 0B 00 00 1F: 22.8 C
[  39.52] 28 FC AE AA 0B 00 00 F3: 22.8 C
