# COM5 115200 t0=19:26:51
[   0.04] 28 F1 39 AD 0B 00 00 D9: 22.4 C
[   0.04] --------------------------------
[   0.83] 28 20 78 92 07 00 00 67: 22.3 C
[   1.62] 28 78 B8 AC 0B 00 00 2C: 22.4 C
[   2.81] DS18B20 3_round_robin starting...
[   2.82] Searching 1-Wire bus...
[   2.85]   ROM: 28 20 78 92 07 00 00 67
[   2.89]   ROM: 28 78 B8 AC 0B 00 00 2C
[   2.92]   ROM: 28 64 69 AB 0B 00 00 1F
[   2.96]   ROM: 28 FC AE AA 0B 00 00 F3
[   2.99]   ROM: 28 C6 BB 4E 04 00 00 67
[   3.03]   ROM: 28 7E 63 AD 0B 00 00 3F
[   3.07]   ROM: 28 F1 39 AD 0B 00 00 D9
[   3.07] Found 7 device(s).
[   3.07] Measuring devices in turn.
[   3.86] 28 20 78 92 07 00 00 67: 22.3 C
[   3.86]   next resolution: 10 bit
[   3.88]   resolution applied: 10 bit
[   9.10] 28 78 B8 AC 0B 00 00 2C: 22.8 C
[   9.10]   next resolution: 11 bit
[   9.12]   resolution applied: 11 bit
[  14.54] 28 64 69 AB 0B 00 00 1F: 22.5 C
[  14.54]   next resolution: 12 bit
[  14.55]   resolution applied: 12 bit
[  20.34] 28 FC AE AA 0B 00 00 F3: 22.5 C
[  20.35]   next resolution: 9 bit
[  20.36]   resolution applied: 9 bit
[  25.50] 28 C6 BB 4E 04 00 00 67: 22.0 C
[  25.50]   next resolution: 10 bit
[  25.51]   resolution applied: 10 bit
[  30.74] 28 7E 63 AD 0B 00 00 3F: 22.5 C
[  30.74]   next resolution: 11 bit
[  30.76]   resolution applied: 11 bit
[  36.17] 28 F1 39 AD 0B 00 00 D9: 22.5 C
[  36.18] -------------------------------
[  36.18]   next resolution: 12 bit
[  36.19]   resolution applied: 12 bit
