# COM5 115200 t0=19:36:32
[   0.21] 28 F1 39 AD 0B 00 00 D9: 22.6 C
[   0.21] --------------------------------
[   1.00] 28 20 78 92 07 00 00 67: 22.5 C
[   1.79] 28 78 B8 AC 0B 00 00 2C: 22.6 C
[   2.95] DS18B20 3_round_robin starting...
[   2.96] Searching 1-Wire bus...
[   2.99]   ROM: 28 20 78 92 07 00 00 67
[   3.02]   ROM: 28 78 B8 AC 0B 00 00 2C
[   3.06]   ROM: 28 64 69 AB 0B 00 00 1F
[   3.10]   ROM: 28 FC AE AA 0B 00 00 F3
[   3.13]   ROM: 28 C6 BB 4E 04 00 00 67
[   3.17]   ROM: 28 7E 63 AD 0B 00 00 3F
[   3.21]   ROM: 28 F1 39 AD 0B 00 00 D9
[   3.21] Found 7 device(s).
[   3.21] Measuring devices in turn.
[   4.00] 28 20 78 92 07 00 00 67: 22.5 C
[   4.00]   next resolution: 10 bit
[   4.01]   resolution applied: 10 bit
[   9.24] 28 78 B8 AC 0B 00 00 2C: 22.8 C
[   9.24]   next resolution: 11 bit
[   9.26]   resolution applied: 11 bit
[  14.68] 28 64 69 AB 0B 00 00 1F: 22.8 C
[  14.68]   next resolution: 12 bit
[  14.69]   resolution applied: 12 bit
[  20.48] 28 FC AE AA 0B 00 00 F3: 22.7 C
[  20.49]   next resolution: 9 bit
[  20.50]   resolution applied: 9 bit
[  25.64] 28 C6 BB 4E 04 00 00 67: 22.0 C
[  25.64]   next resolution: 10 bit
[  25.65]   resolution applied: 10 bit
[  30.88] 28 7E 63 AD 0B 00 00 3F: 22.8 C
[  30.88]   next resolution: 11 bit
[  30.90]   resolution applied: 11 bit
[  36.31] 28 F1 39 AD 0B 00 00 D9: 22.6 C
[  36.32] -------------------------------
[  36.32]   next resolution: 12 bit
[  36.33]   resolution applied: 12 bit
