# COM5 115200 t0=19:46:16
[   0.09] 28 F1 39 AD 0B 00 00 D9: 22.7 C
[   0.09] --------------------------------
[   0.88] 28 20 78 92 07 00 00 67: 22.6 C
[   1.67] 28 78 B8 AC 0B 00 00 2C: 22.8 C
[   2.83] DS18B20 3_round_robin starting...
[   2.83] Searching 1-Wire bus...
[   2.87]   ROM: 28 20 78 92 07 00 00 67
[   2.90]   ROM: 28 78 B8 AC 0B 00 00 2C
[   2.94]   ROM: 28 64 69 AB 0B 00 00 1F
[   2.97]   ROM: 28 FC AE AA 0B 00 00 F3
[   3.01]   ROM: 28 C6 BB 4E 04 00 00 67
[   3.05]   ROM: 28 7E 63 AD 0B 00 00 3F
[   3.08]   ROM: 28 F1 39 AD 0B 00 00 D9
[   3.08] Found 7 device(s).
[   3.09] Measuring devices in turn.
[   3.87] 28 20 78 92 07 00 00 67: 22.6 C
[   3.88]   next resolution: 10 bit
[   3.89]   resolution applied: 10 bit
[   9.12] 28 78 B8 AC 0B 00 00 2C: 23.0 C
[   9.12]   next resolution: 11 bit
[   9.14]   resolution applied: 11 bit
[  14.55] 28 64 69 AB 0B 00 00 1F: 22.9 C
[  14.55]   next resolution: 12 bit
[  14.57]   resolution applied: 12 bit
[  20.36] 28 FC AE AA 0B 00 00 F3: 22.8 C
[  20.36]   next resolution: 9 bit
[  20.38]   resolution applied: 9 bit
[  25.51] 28 C6 BB 4E 04 00 00 67: 22.5 C
[  25.51]   next resolution: 10 bit
[  25.53]   resolution applied: 10 bit
[  30.76] 28 7E 63 AD 0B 00 00 3F: 22.8 C
[  30.76]   next resolution: 11 bit
[  30.78]   resolution applied: 11 bit
[  36.19] 28 F1 39 AD 0B 00 00 D9: 22.8 C
[  36.19] -------------------------------
[  36.20]   next resolution: 12 bit
[  36.21]   resolution applied: 12 bit
