# COM5 115200 t0=19:41:24
[   0.28] 28 F1 39 AD 0B 00 00 D9: 22.7 C
[   0.28] --------------------------------
[   1.07] 28 20 78 92 07 00 00 67: 22.6 C
[   1.86] 28 78 B8 AC 0B 00 00 2C: 22.7 C
[   2.92] DS18B20 3_round_robin starting...
[   2.92] Searching 1-Wire bus...
[   2.96]   ROM: 28 20 78 92 07 00 00 67
[   2.99]   ROM: 28 78 B8 AC 0B 00 00 2C
[   3.03]   ROM: 28 64 69 AB 0B 00 00 1F
[   3.06]   ROM: 28 FC AE AA 0B 00 00 F3
[   3.10]   ROM: 28 C6 BB 4E 04 00 00 67
[   3.14]   ROM: 28 7E 63 AD 0B 00 00 3F
[   3.17]   ROM: 28 F1 39 AD 0B 00 00 D9
[   3.17] Found 7 device(s).
[   3.18] Measuring devices in turn.
[   3.96] 28 20 78 92 07 00 00 67: 22.6 C
[   3.97]   next resolution: 10 bit
[   3.98]   resolution applied: 10 bit
[   9.21] 28 78 B8 AC 0B 00 00 2C: 22.8 C
[   9.21]   next resolution: 11 bit
[   9.23]   resolution applied: 11 bit
[  14.64] 28 64 69 AB 0B 00 00 1F: 22.9 C
[  14.65]   next resolution: 12 bit
[  14.66]   resolution applied: 12 bit
[  20.45] 28 FC AE AA 0B 00 00 F3: 22.8 C
[  20.45]   next resolution: 9 bit
[  20.47]   resolution applied: 9 bit
[  25.60] 28 C6 BB 4E 04 00 00 67: 22.5 C
[  25.60]   next resolution: 10 bit
[  25.62]   resolution applied: 10 bit
[  30.85] 28 7E 63 AD 0B 00 00 3F: 22.8 C
[  30.85]   next resolution: 11 bit
[  30.87]   resolution applied: 11 bit
[  36.28] 28 F1 39 AD 0B 00 00 D9: 22.8 C
[  36.28] -------------------------------
[  36.29]   next resolution: 12 bit
[  36.30]   resolution applied: 12 bit
