# COM5 115200 t0=19:37:14
[   0.37] 28 20 78 92 07 00 00 67: 22.5 C
[   0.37]   next resolution: 9 bit
[   0.39]   resolution applied: 9 bit
[   2.93] DS18B20 4_scan_mode starting...
[   2.93] Searching 1-Wire bus...
[   2.97]   ROM: 28 20 78 92 07 00 00 67
[   3.00]   ROM: 28 78 B8 AC 0B 00 00 2C
[   3.04]   ROM: 28 64 69 AB 0B 00 00 1F
[   3.07]   ROM: 28 FC AE AA 0B 00 00 F3
[   3.11]   ROM: 28 C6 BB 4E 04 00 00 67
[   3.15]   ROM: 28 7E 63 AD 0B 00 00 3F
[   3.18]   ROM: 28 F1 39 AD 0B 00 00 D9
[   3.19] Found 7 device(s). Simultaneous conversion:
[   3.97] 28 20 78 92 07 00 00 67: 22.4 C
[   4.00] 28 78 B8 AC 0B 00 00 2C: 22.6 C
[   4.03] 28 64 69 AB 0B 00 00 1F: 22.6 C
[   4.05] 28 FC AE AA 0B 00 00 F3: 22.7 C
[   4.08] 28 C6 BB 4E 04 00 00 67: 22.2 C
[   4.11] 28 7E 63 AD 0B 00 00 3F: 22.6 C
[   4.14] 28 F1 39 AD 0B 00 00 D9: 22.6 C
[   4.14] -------------------------------
[   4.92] 28 20 78 92 07 00 00 67: 22.5 C
[   4.95] 28 78 B8 AC 0B 00 00 2C: 22.6 C
[   4.97] 28 64 69 AB 0B 00 00 1F: 22.6 C
[   5.00] 28 FC AE AA 0B 00 00 F3: 22.7 C
[   5.03] 28 C6 BB 4E 04 00 00 67: 22.2 C
[   5.06] 28 7E 63 AD 0B 00 00 3F: 22.6 C
[   5.08] 28 F1 39 AD 0B 00 00 D9: 22.6 C
[   5.09] -------------------------------
[   5.87] 28 20 78 92 07 00 00 67: 22.5 C
[   5.89] 28 78 B8 AC 0B 00 00 2C: 22.6 C
[   5.92] 28 64 69 AB 0B 00 00 1F: 22.6 C
[   5.95] 28 FC AE AA 0B 00 00 F3: 22.7 C
[   5.98] 28 C6 BB 4E 04 00 00 67: 22.2 C
[   6.00] 28 7E 63 AD 0B 00 00 3F: 22.6 C
[   6.03] 28 F1 39 AD 0B 00 00 D9: 22.6 C
[   6.03] -------------------------------
[   6.81] 28 20 78 92 07 00 00 67: 22.4 C
[   6.84] 28 78 B8 AC 0B 00 00 2C: 22.6 C
[   6.87] 28 64 69 AB 0B 00 00 1F: 22.6 C
[   6.90] 28 FC AE AA 0B 00 00 F3: 22.7 C
[   6.92] 28 C6 BB 4E 04 00 00 67: 22.2 C
[   6.95] 28 7E 63 AD 0B 00 00 3F: 22.7 C
[   6.98] 28 F1 39 AD 0B 00 00 D9: 22.6 C
[   6.98] -------------------------------
[   7.76] 28 20 78 92 07 00 00 67: 22.5 C
[   7.79] 28 78 B8 AC 0B 00 00 2C: 22.6 C
[   7.82] 28 64 69 AB 0B 00 00 1F: 22.6 C
[   7.84] 28 FC AE AA 0B 00 00 F3: 22.7 C
[   7.87] 28 C6 BB 4E 04 00 00 67: 22.2 C
[   7.90] 28 7E 63 AD 0B 00 00 3F: 22.7 C
[   7.93] 28 F1 39 AD 0B 00 00 D9: 22.6 C
[   7.93] -------------------------------
[   8.71] 28 20 78 92 07 00 00 67: 22.5 C
[   8.74] 28 78 B8 AC 0B 00 00 2C: 22.6 C
[   8.76] 28 64 69 AB 0B 00 00 1F: 22.7 C
[   8.79] 28 FC AE AA 0B 00 00 F3: 22.7 C
[   8.82] 28 C6 BB 4E 04 00 00 67: 22.2 C
[   8.85] 28 7E 63 AD 0B 00 00 3F: 22.7 C
[   8.87] 28 F1 39 AD 0B 00 00 D9: 22.6 C
[   8.88] -------------------------------
[   9.66] 28 20 78 92 07 00 00 67: 22.5 C
[   9.68] 28 78 B8 AC 0B 00 00 2C: 22.6 C
[   9.71] 28 64 69 AB 0B 00 00 1F: 22.7 C
[   9.74] 28 FC AE AA 0B 00 00 F3: 22.7 C
[   9.77] 28 C6 BB 4E 04 00 00 67: 22.2 C
[   9.79] 28 7E 63 AD 0B 00 00 3F: 22.7 C
[   9.82] 28 F1 39 AD 0B 00 00 D9: 22.6 C
[   9.83] -------------------------------
[  10.60] 28 20 78 92 07 00 00 67: 22.5 C
[  10.63] 28 78 B8 AC 0B 00 00 2C: 22.6 C
[  10.66] 28 64 69 AB 0B 00 00 1F: 22.7 C
[  10.69] 28 FC AE AA 0B 00 00 F3: 22.7 C
[  10.71] 28 C6 BB 4E 04 00 00 67: 22.3 C
[  10.74] 28 7E 63 AD 0B 00 00 3F: 22.7 C
[  10.77] 28 F1 39 AD 0B 00 00 D9: 22.6 C
[  10.77] -------------------------------
[  11.55] 28 20 78 92 07 00 00 67: 22.5 C
[  11.58] 28 78 B8 AC 0B 00 00 2C: 22.6 C
[  11.61] 28 64 69 AB 0B 00 00 1F: 22.7 C
[  11.63] 28 FC AE AA 0B 00 00 F3: 22.7 C
[  11.66] 28 C6 BB 4E 04 00 00 67: 22.3 C
[  11.69] 28 7E 63 AD 0B 00 00 3F: 22.7 C
[  11.72] 28 F1 39 AD 0B 00 00 D9: 22.6 C
[  11.72] -------------------------------
[  12.50] 28 20 78 92 07 00 00 67: 22.5 C
[  12.53] 28 78 B8 AC 0B 00 00 2C: 22.6 C
[  12.55] 28 64 69 AB 0B 00 00 1F: 22.7 C
[  12.58] 28 FC AE AA 0B 00 00 F3: 22.7 C
[  12.61] 28 C6 BB 4E 04 00 00 67: 22.3 C
[  12.64] 28 7E 63 AD 0B 00 00 3F: 22.7 C
[  12.67] 28 F1 39 AD 0B 00 00 D9: 22.6 C
[  12.67] -------------------------------
[  13.45] 28 20 78 92 07 00 00 67: 22.5 C
[  13.47] 28 78 B8 AC 0B 00 00 2C: 22.6 C
[  13.50] 28 64 69 AB 0B 00 00 1F: 22.7 C
[  13.53] 28 FC AE AA 0B 00 00 F3: 22.8 C
[  13.56] 28 C6 BB 4E 04 00 00 67: 22.3 C
[  13.58] 28 7E 63 AD 0B 00 00 3F: 22.7 C
[  13.61] 28 F1 39 AD 0B 00 00 D9: 22.6 C
[  13.62] -------------------------------
[  14.39] 28 20 78 92 07 00 00 67: 22.6 C
[  14.42] 28 78 B8 AC 0B 00 00 2C: 22.6 C
[  14.45] 28 64 69 AB 0B 00 00 1F: 22.7 C
[  14.48] 28 FC AE AA 0B 00 00 F3: 22.8 C
[  14.50] 28 C6 BB 4E 04 00 00 67: 22.3 C
[  14.53] 28 7E 63 AD 0B 00 00 3F: 22.8 C
[  14.56] 28 F1 39 AD 0B 00 00 D9: 22.6 C
[  14.56] -------------------------------
[  15.34] 28 20 78 92 07 00 00 67: 22.5 C
[  15.37] 28 78 B8 AC 0B 00 00 2C: 22.6 C
[  15.40] 28 64 69 AB 0B 00 00 1F: 22.7 C
[  15.42] 28 FC AE AA 0B 00 00 F3: 22.8 C
[  15.45] 28 C6 BB 4E 04 00 00 67: 22.3 C
[  15.48] 28 7E 63 AD 0B 00 00 3F: 22.8 C
[  15.51] 28 F1 39 AD 0B 00 00 D9: 22.6 C
[  15.51] -------------------------------
[  16.29] 28 20 78 92 07 00 00 67: 22.6 C
[  16.32] 28 78 B8 AC 0B 00 00 2C: 22.6 C
[  16.34] 28 64 69 AB 0B 00 00 1F: 22.7 C
[  16.37] 28 FC AE AA 0B 00 00 F3: 22.8 C
[  16.40] 28 C6 BB 4E 04 00 00 67: 22.3 C
[  16.43] 28 7E 63 AD 0B 00 00 3F: 22.8 C
[  16.46] 28 F1 39 AD 0B 00 00 D9: 22.6 C
[  16.46] -------------------------------
[  17.24] 28 20 78 92 07 00 00 67: 22.5 C
[  17.26] 28 78 B8 AC 0B 00 00 2C: 22.7 C
[  17.29] 28 64 69 AB 0B 00 00 1F: 22.7 C
[  17.32] 28 FC AE AA 0B 00 00 F3: 22.8 C
[  17.35] 28 C6 BB 4E 04 00 00 67: 22.3 C
[  17.38] 28 7E 63 AD 0B 00 00 3F: 22.8 C
[  17.40] 28 F1 39 AD 0B 00 00 D9: 22.6 C
[  17.41] -------------------------------
[  18.18] 28 20 78 92 07 00 00 67: 22.6 C
[  18.21] 28 78 B8 AC 0B 00 00 2C: 22.6 C
[  18.24] 28 64 69 AB 0B 00 00 1F: 22.7 C
[  18.27] 28 FC AE AA 0B 00 00 F3: 22.8 C
[  18.29] 28 C6 BB 4E 04 00 00 67: 22.3 C
[  18.32] 28 7E 63 AD 0B 00 00 3F: 22.8 C
[  18.35] 28 F1 39 AD 0B 00 00 D9: 22.6 C
[  18.35] -------------------------------
[  19.13] 28 20 78 92 07 00 00 67: 22.6 C
[  19.16] 28 78 B8 AC 0B 00 00 2C: 22.7 C
[  19.19] 28 64 69 AB 0B 00 00 1F: 22.7 C
[  19.21] 28 FC AE AA 0B 00 00 F3: 22.8 C
[  19.24] 28 C6 BB 4E 04 00 00 67: 22.3 C
[  19.27] 28 7E 63 AD 0B 00 00 3F: 22.8 C
[  19.30] 28 F1 39 AD 0B 00 00 D9: 22.7 C
[  19.30] -------------------------------
[  20.08] 28 20 78 92 07 00 00 67: 22.6 C
[  20.11] 28 78 B8 AC 0B 00 00 2C: 22.7 C
[  20.13] 28 64 69 AB 0B 00 00 1F: 22.7 C
[  20.16] 28 FC AE AA 0B 00 00 F3: 22.8 C
[  20.19] 28 C6 BB 4E 04 00 00 67: 22.3 C
[  20.22] 28 7E 63 AD 0B 00 00 3F: 22.8 C
[  20.25] 28 F1 39 AD 0B 00 00 D9: 22.6 C
[  20.25] -------------------------------
[  21.03] 28 20 78 92 07 00 00 67: 22.6 C
[  21.05] 28 78 B8 AC 0B 00 00 2C: 22.6 C
[  21.08] 28 64 69 AB 0B 00 00 1F: 22.8 C
[  21.11] 28 FC AE AA 0B 00 00 F3: 22.8 C
[  21.14] 28 C6 BB 4E 04 00 00 67: 22.3 C
[  21.17] 28 7E 63 AD 0B 00 00 3F: 22.8 C
[  21.19] 28 F1 39 AD 0B 00 00 D9: 22.7 C
[  21.20] -------------------------------
[  21.97] 28 20 78 92 07 00 00 67: 22.6 C
[  22.00] 28 78 B8 AC 0B 00 00 2C: 22.7 C
[  22.03] 28 64 69 AB 0B 00 00 1F: 22.8 C
[  22.06] 28 FC AE AA 0B 00 00 F3: 22.8 C
[  22.09] 28 C6 BB 4E 04 00 00 67: 22.3 C
[  22.11] 28 7E 63 AD 0B 00 00 3F: 22.8 C
[  22.14] 28 F1 39 AD 0B 00 00 D9: 22.6 C
[  22.14] -------------------------------
[  22.92] 28 20 78 92 07 00 00 67: 22.6 C
[  22.95] 28 78 B8 AC 0B 00 00 2C: 22.7 C
[  22.98] 28 64 69 AB 0B 00 00 1F: 22.7 C
[  23.01] 28 FC AE AA 0B 00 00 F3: 22.8 C
[  23.03] 28 C6 BB 4E 04 00 00 67: 22.3 C
[  23.06] 28 7E 63 AD 0B 00 00 3F: 22.8 C
[  23.09] 28 F1 39 AD 0B 00 00 D9: 22.6 C
[  23.09] -------------------------------
[  23.87] 28 20 78 92 07 00 00 67: 22.6 C
[  23.90] 28 78 B8 AC 0B 00 00 2C: 22.7 C
[  23.92] 28 64 69 AB 0B 00 00 1F: 22.7 C
[  23.95] 28 FC AE AA 0B 00 00 F3: 22.8 C
[  23.98] 28 C6 BB 4E 04 00 00 67: 22.3 C
[  24.01] 28 7E 63 AD 0B 00 00 3F: 22.8 C
[  24.04] 28 F1 39 AD 0B 00 00 D9: 22.7 C
[  24.04] -------------------------------
[  24.82] 28 20 78 92 07 00 00 67: 22.6 C
[  24.84] 28 78 B8 AC 0B 00 00 2C: 22.6 C
[  24.87] 28 64 69 AB 0B 00 00 1F: 22.7 C
[  24.90] 28 FC AE AA 0B 00 00 F3: 22.8 C
[  24.93] 28 C6 BB 4E 04 00 00 67: 22.3 C
[  24.96] 28 7E 63 AD 0B 00 00 3F: 22.8 C
[  24.98] 28 F1 39 AD 0B 00 00 D9: 22.7 C
[  24.99] -------------------------------
[  25.76] 28 20 78 92 07 00 00 67: 22.6 C
[  25.79] 28 78 B8 AC 0B 00 00 2C: 22.7 C
[  25.82] 28 64 69 AB 0B 00 00 1F: 22.8 C
[  25.85] 28 FC AE AA 0B 00 00 F3: 22.8 C
[  25.88] 28 C6 BB 4E 04 00 00 67: 22.3 C
[  25.90] 28 7E 63 AD 0B 00 00 3F: 22.8 C
[  25.93] 28 F1 39 AD 0B 00 00 D9: 22.7 C
[  25.93] -------------------------------
[  26.71] 28 20 78 92 07 00 00 67: 22.6 C
[  26.74] 28 78 B8 AC 0B 00 00 2C: 22.7 C
[  26.77] 28 64 69 AB 0B 00 00 1F: 22.8 C
[  26.80] 28 FC AE AA 0B 00 00 F3: 22.8 C
[  26.82] 28 C6 BB 4E 04 00 00 67: 22.3 C
[  26.85] 28 7E 63 AD 0B 00 00 3F: 22.8 C
[  26.88] 28 F1 39 AD 0B 00 00 D9: 22.7 C
[  26.88] -------------------------------
[  27.66] 28 20 78 92 07 00 00 67: 22.6 C
[  27.69] 28 78 B8 AC 0B 00 00 2C: 22.7 C
[  27.72] 28 64 69 AB 0B 00 00 1F: 22.8 C
[  27.74] 28 FC AE AA 0B 00 00 F3: 22.8 C
[  27.77] 28 C6 BB 4E 04 00 00 67: 22.3 C
[  27.80] 28 7E 63 AD 0B 00 00 3F: 22.8 C
[  27.83] 28 F1 39 AD 0B 00 00 D9: 22.7 C
[  27.83] -------------------------------
[  28.61] 28 20 78 92 07 00 00 67: 22.6 C
[  28.63] 28 78 B8 AC 0B 00 00 2C: 22.7 C
[  28.66] 28 64 69 AB 0B 00 00 1F: 22.7 C
[  28.69] 28 FC AE AA 0B 00 00 F3: 22.8 C
[  28.72] 28 C6 BB 4E 04 00 00 67: 22.3 C
[  28.75] 28 7E 63 AD 0B 00 00 3F: 22.8 C
[  28.77] 28 F1 39 AD 0B 00 00 D9: 22.7 C
[  28.78] -------------------------------
[  29.55] 28 20 78 92 07 00 00 67: 22.6 C
[  29.58] 28 78 B8 AC 0B 00 00 2C: 22.7 C
[  29.61] 28 64 69 AB 0B 00 00 1F: 22.8 C
[  29.64] 28 FC AE AA 0B 00 00 F3: 22.8 C
[  29.67] 28 C6 BB 4E 04 00 00 67: 22.3 C
[  29.69] 28 7E 63 AD 0B 00 00 3F: 22.8 C
[  29.72] 28 F1 39 AD 0B 00 00 D9: 22.7 C
[  29.72] -------------------------------
[  30.50] 28 20 78 92 07 00 00 67: 22.6 C
[  30.53] 28 78 B8 AC 0B 00 00 2C: 22.7 C
[  30.56] 28 64 69 AB 0B 00 00 1F: 22.8 C
[  30.59] 28 FC AE AA 0B 00 00 F3: 22.8 C
[  30.61] 28 C6 BB 4E 04 00 00 67: 22.3 C
[  30.64] 28 7E 63 AD 0B 00 00 3F: 22.8 C
[  30.67] 28 F1 39 AD 0B 00 00 D9: 22.7 C
[  30.67] -------------------------------
[  31.45] 28 20 78 92 07 00 00 67: 22.6 C
[  31.48] 28 78 B8 AC 0B 00 00 2C: 22.7 C
[  31.51] 28 64 69 AB 0B 00 00 1F: 22.8 C
[  31.53] 28 FC AE AA 0B 00 00 F3: 22.8 C
[  31.56] 28 C6 BB 4E 04 00 00 67: 22.3 C
[  31.59] 28 7E 63 AD 0B 00 00 3F: 22.8 C
[  31.62] 28 F1 39 AD 0B 00 00 D9: 22.7 C
[  31.62] -------------------------------
[  32.40] 28 20 78 92 07 00 00 67: 22.6 C
[  32.43] 28 78 B8 AC 0B 00 00 2C: 22.7 C
[  32.45] 28 64 69 AB 0B 00 00 1F: 22.8 C
[  32.48] 28 FC AE AA 0B 00 00 F3: 22.8 C
[  32.51] 28 C6 BB 4E 04 00 00 67: 22.3 C
[  32.54] 28 7E 63 AD 0B 00 00 3F: 22.8 C
[  32.56] 28 F1 39 AD 0B 00 00 D9: 22.7 C
[  32.57] -------------------------------
[  33.34] 28 20 78 92 07 00 00 67: 22.6 C
[  33.37] 28 78 B8 AC 0B 00 00 2C: 22.7 C
[  33.40] 28 64 69 AB 0B 00 00 1F: 22.8 C
[  33.43] 28 FC AE AA 0B 00 00 F3: 22.8 C
[  33.46] 28 C6 BB 4E 04 00 00 67: 22.3 C
[  33.48] 28 7E 63 AD 0B 00 00 3F: 22.8 C
[  33.51] 28 F1 39 AD 0B 00 00 D9: 22.7 C
[  33.51] -------------------------------
[  34.29] 28 20 78 92 07 00 00 67: 22.6 C
[  34.32] 28 78 B8 AC 0B 00 00 2C: 22.7 C
[  34.35] 28 64 69 AB 0B 00 00 1F: 22.8 C
[  34.38] 28 FC AE AA 0B 00 00 F3: 22.8 C
[  34.40] 28 C6 BB 4E 04 00 00 67: 22.3 C
[  34.43] 28 7E 63 AD 0B 00 00 3F: 22.8 C
[  34.46] 28 F1 39 AD 0B 00 00 D9: 22.7 C
[  34.46] -------------------------------
[  35.24] 28 20 78 92 07 00 00 67: 22.6 C
[  35.27] 28 78 B8 AC 0B 00 00 2C: 22.7 C
[  35.30] 28 64 69 AB 0B 00 00 1F: 22.8 C
[  35.32] 28 FC AE AA 0B 00 00 F3: 22.8 C
[  35.35] 28 C6 BB 4E 04 00 00 67: 22.3 C
[  35.38] 28 7E 63 AD 0B 00 00 3F: 22.8 C
[  35.41] 28 F1 39 AD 0B 00 00 D9: 22.7 C
[  35.41] -------------------------------
[  36.19] 28 20 78 92 07 00 00 67: 22.6 C
[  36.22] 28 78 B8 AC 0B 00 00 2C: 22.7 C
[  36.24] 28 64 69 AB 0B 00 00 1F: 22.8 C
[  36.27] 28 FC AE AA 0B 00 00 F3: 22.8 C
[  36.30] 28 C6 BB 4E 04 00 00 67: 22.3 C
[  36.33] 28 7E 63 AD 0B 00 00 3F: 22.8 C
[  36.35] 28 F1 39 AD 0B 00 00 D9: 22.7 C
[  36.36] -------------------------------
[  37.14] 28 20 78 92 07 00 00 67: 22.6 C
[  37.16] 28 78 B8 AC 0B 00 00 2C: 22.7 C
[  37.19] 28 64 69 AB 0B 00 00 1F: 22.8 C
[  37.22] 28 FC AE AA 0B 00 00 F3: 22.8 C
[  37.25] 28 C6 BB 4E 04 00 00 67: 22.3 C
[  37.27] 28 7E 63 AD 0B 00 00 3F: 22.8 C
[  37.30] 28 F1 39 AD 0B 00 00 D9: 22.7 C
[  37.31] -------------------------------
[  38.08] 28 20 78 92 07 00 00 67: 22.6 C
[  38.11] 28 78 B8 AC 0B 00 00 2C: 22.7 C
[  38.14] 28 64 69 AB 0B 00 00 1F: 22.8 C
[  38.17] 28 FC AE AA 0B 00 00 F3: 22.8 C
[  38.19] 28 C6 BB 4E 04 00 00 67: 22.3 C
[  38.22] 28 7E 63 AD 0B 00 00 3F: 22.8 C
[  38.25] 28 F1 39 AD 0B 00 00 D9: 22.7 C
[  38.25] -------------------------------
[  39.03] 28 20 78 92 07 00 00 67: 22.6 C
[  39.06] 28 78 B8 AC 0B 00 00 2C: 22.7 C
[  39.09] 28 64 69 AB 0B 00 00 1F: 22.8 C
[  39.11] 28 FC AE AA 0B 00 00 F3: 22.8 C
[  39.14] 28 C6 BB 4E 04 00 00 67: 22.3 C
[  39.17] 28 7E 63 AD 0B 00 00 3F: 22.8 C
[  39.20] 28 F1 39 AD 0B 00 00 D9: 22.7 C
[  39.20] -------------------------------
[  39.98] 28 20 78 92 07 00 00 67: 22.6 C
[  40.01] 28 78 B8 AC 0B 00 00 2C: 22.7 C
