# COM5 115200 t0=19:27:32
[   0.27] 28 20 78 92 07 00 00 67: 22.3 C
[   0.27]   next resolution: 9 bit
[   0.29]   resolution applied: 9 bit
[   2.87] DS18B20 4_scan_mode starting...
[   2.88] Searching 1-Wire bus...
[   2.91]   ROM: 28 20 78 92 07 00 00 67
[   2.95]   ROM: 28 78 B8 AC 0B 00 00 2C
[   2.98]   ROM: 28 64 69 AB 0B 00 00 1F
[   3.02]   ROM: 28 FC AE AA 0B 00 00 F3
[   3.05]   ROM: 28 C6 BB 4E 04 00 00 67
[   3.09]   ROM: 28 7E 63 AD 0B 00 00 3F
[   3.13]   ROM: 28 F1 39 AD 0B 00 00 D9
[   3.13] Found 7 device(s). Simultaneous conversion:
[   3.91] 28 20 78 92 07 00 00 67: 22.3 C
[   3.94] 28 78 B8 AC 0B 00 00 2C: 22.4 C
[   3.97] 28 64 69 AB 0B 00 00 1F: 22.4 C
[   4.00] 28 FC AE AA 0B 00 00 F3: 22.5 C
[   4.03] 28 C6 BB 4E 04 00 00 67: 22.1 C
[   4.05] 28 7E 63 AD 0B 00 00 3F: 22.4 C
[   4.08] 28 F1 39 AD 0B 00 00 D9: 22.4 C
[   4.08] -------------------------------
[   4.86] 28 20 78 92 07 00 00 67: 22.3 C
[   4.89] 28 78 B8 AC 0B 00 00 2C: 22.4 C
[   4.92] 28 64 69 AB 0B 00 00 1F: 22.4 C
[   4.95] 28 FC AE AA 0B 00 00 F3: 22.5 C
[   4.97] 28 C6 BB 4E 04 00 00 67: 22.0 C
[   5.00] 28 7E 63 AD 0B 00 00 3F: 22.5 C
[   5.03] 28 F1 39 AD 0B 00 00 D9: 22.4 C
[   5.03] -------------------------------
[   5.81] 28 20 78 92 07 00 00 67: 22.3 C
[   5.84] 28 78 B8 AC 0B 00 00 2C: 22.4 C
[   5.86] 28 64 69 AB 0B 00 00 1F: 22.5 C
[   5.89] 28 FC AE AA 0B 00 00 F3: 22.5 C
[   5.92] 28 C6 BB 4E 04 00 00 67: 22.1 C
[   5.95] 28 7E 63 AD 0B 00 00 3F: 22.5 C
[   5.98] 28 F1 39 AD 0B 00 00 D9: 22.4 C
[   5.98] -------------------------------
[   6.76] 28 20 78 92 07 00 00 67: 22.3 C
[   6.79] 28 78 B8 AC 0B 00 00 2C: 22.4 C
[   6.81] 28 64 69 AB 0B 00 00 1F: 22.5 C
[   6.84] 28 FC AE AA 0B 00 00 F3: 22.6 C
[   6.87] 28 C6 BB 4E 04 00 00 67: 22.1 C
[   6.90] 28 7E 63 AD 0B 00 00 3F: 22.5 C
[   6.92] 28 F1 39 AD 0B 00 00 D9: 22.4 C
[   6.93] -------------------------------
[   7.70] 28 20 78 92 07 00 00 67: 22.3 C
[   7.73] 28 78 B8 AC 0B 00 00 2C: 22.4 C
[   7.76] 28 64 69 AB 0B 00 00 1F: 22.5 C
[   7.79] 28 FC AE AA 0B 00 00 F3: 22.6 C
[   7.82] 28 C6 BB 4E 04 00 00 67: 22.1 C
[   7.84] 28 7E 63 AD 0B 00 00 3F: 22.5 C
[   7.87] 28 F1 39 AD 0B 00 00 D9: 22.4 C
[   7.87] -------------------------------
[   8.65] 28 20 78 92 07 00 00 67: 22.4 C
[   8.68] 28 78 B8 AC 0B 00 00 2C: 22.4 C
[   8.71] 28 64 69 AB 0B 00 00 1F: 22.5 C
[   8.74] 28 FC AE AA 0B 00 00 F3: 22.6 C
[   8.76] 28 C6 BB 4E 04 00 00 67: 22.1 C
[   8.79] 28 7E 63 AD 0B 00 00 3F: 22.6 C
[   8.82] 28 F1 39 AD 0B 00 00 D9: 22.4 C
[   8.82] -------------------------------
[   9.60] 28 20 78 92 07 00 00 67: 22.3 C
[   9.63] 28 78 B8 AC 0B 00 00 2C: 22.5 C
[   9.66] 28 64 69 AB 0B 00 00 1F: 22.5 C
[   9.68] 28 FC AE AA 0B 00 00 F3: 22.6 C
[   9.71] 28 C6 BB 4E 04 00 00 67: 22.1 C
[   9.74] 28 7E 63 AD 0B 00 00 3F: 22.6 C
[   9.77] 28 F1 39 AD 0B 00 00 D9: 22.4 C
[   9.77] -------------------------------
[  10.55] 28 20 78 92 07 00 00 67: 22.4 C
[  10.57] 28 78 B8 AC 0B 00 00 2C: 22.5 C
[  10.60] 28 64 69 AB 0B 00 00 1F: 22.5 C
[  10.63] 28 FC AE AA 0B 00 00 F3: 22.6 C
[  10.66] 28 C6 BB 4E 04 00 00 67: 22.1 C
[  10.69] 28 7E 63 AD 0B 00 00 3F: 22.6 C
[  10.71] 28 F1 39 AD 0B 00 00 D9: 22.4 C
[  10.72] -------------------------------
[  11.49] 28 20 78 92 07 00 00 67: 22.4 C
[  11.52] 28 78 B8 AC 0B 00 00 2C: 22.5 C
[  11.55] 28 64 69 AB 0B 00 00 1F: 22.5 C
[  11.58] 28 FC AE AA 0B 00 00 F3: 22.6 C
[  11.61] 28 C6 BB 4E 04 00 00 67: 22.1 C
[  11.63] 28 7E 63 AD 0B 00 00 3F: 22.6 C
[  11.66] 28 F1 39 AD 0B 00 00 D9: 22.4 C
[  11.66] -------------------------------
[  12.44] 28 20 78 92 07 00 00 67: 22.4 C
[  12.47] 28 78 B8 AC 0B 00 00 2C: 22.5 C
[  12.50] 28 64 69 AB 0B 00 00 1F: 22.5 C
[  12.53] 28 FC AE AA 0B 00 00 F3: 22.6 C
[  12.55] 28 C6 BB 4E 04 00 00 67: 22.1 C
[  12.58] 28 7E 63 AD 0B 00 00 3F: 22.6 C
[  12.61] 28 F1 39 AD 0B 00 00 D9: 22.5 C
[  12.61] -------------------------------
[  13.39] 28 20 78 92 07 00 00 67: 22.4 C
[  13.42] 28 78 B8 AC 0B 00 00 2C: 22.5 C
[  13.45] 28 64 69 AB 0B 00 00 1F: 22.6 C
[  13.47] 28 FC AE AA 0B 00 00 F3: 22.6 C
[  13.50] 28 C6 BB 4E 04 00 00 67: 22.1 C
[  13.53] 28 7E 63 AD 0B 00 00 3F: 22.6 C
[  13.56] 28 F1 39 AD 0B 00 00 D9: 22.5 C
[  13.56] -------------------------------
[  14.34] 28 20 78 92 07 00 00 67: 22.4 C
[  14.37] 28 78 B8 AC 0B 00 00 2C: 22.5 C
[  14.39] 28 64 69 AB 0B 00 00 1F: 22.5 C
[  14.42] 28 FC AE AA 0B 00 00 F3: 22.6 C
[  14.45] 28 C6 BB 4E 04 00 00 67: 22.1 C
[  14.48] 28 7E 63 AD 0B 00 00 3F: 22.6 C
[  14.50] 28 F1 39 AD 0B 00 00 D9: 22.5 C
[  14.51] -------------------------------
[  15.29] 28 20 78 92 07 00 00 67: 22.4 C
[  15.31] 28 78 B8 AC 0B 00 00 2C: 22.5 C
[  15.34] 28 64 69 AB 0B 00 00 1F: 22.6 C
[  15.37] 28 FC AE AA 0B 00 00 F3: 22.6 C
[  15.40] 28 C6 BB 4E 04 00 00 67: 22.1 C
[  15.42] 28 7E 63 AD 0B 00 00 3F: 22.6 C
[  15.45] 28 F1 39 AD 0B 00 00 D9: 22.5 C
[  15.46] -------------------------------
[  16.23] 28 20 78 92 07 00 00 67: 22.4 C
[  16.26] 28 78 B8 AC 0B 00 00 2C: 22.5 C
[  16.29] 28 64 69 AB 0B 00 00 1F: 22.6 C
[  16.32] 28 FC AE AA 0B 00 00 F3: 22.6 C
[  16.34] 28 C6 BB 4E 04 00 00 67: 22.1 C
[  16.37] 28 7E 63 AD 0B 00 00 3F: 22.6 C
[  16.40] 28 F1 39 AD 0B 00 00 D9: 22.5 C
[  16.40] -------------------------------
[  17.18] 28 20 78 92 07 00 00 67: 22.4 C
[  17.21] 28 78 B8 AC 0B 00 00 2C: 22.5 C
[  17.24] 28 64 69 AB 0B 00 00 1F: 22.6 C
[  17.26] 28 FC AE AA 0B 00 00 F3: 22.6 C
[  17.29] 28 C6 BB 4E 04 00 00 67: 22.1 C
[  17.32] 28 7E 63 AD 0B 00 00 3F: 22.6 C
[  17.35] 28 F1 39 AD 0B 00 00 D9: 22.5 C
[  17.35] -------------------------------
[  18.13] 28 20 78 92 07 00 00 67: 22.4 C
[  18.16] 28 78 B8 AC 0B 00 00 2C: 22.6 C
[  18.18] 28 64 69 AB 0B 00 00 1F: 22.6 C
[  18.21] 28 FC AE AA 0B 00 00 F3: 22.6 C
[  18.24] 28 C6 BB 4E 04 00 00 67: 22.1 C
[  18.27] 28 7E 63 AD 0B 00 00 3F: 22.6 C
[  18.30] 28 F1 39 AD 0B 00 00 D9: 22.5 C
[  18.30] -------------------------------
[  19.08] 28 20 78 92 07 00 00 67: 22.4 C
[  19.10] 28 78 B8 AC 0B 00 00 2C: 22.5 C
[  19.13] 28 64 69 AB 0B 00 00 1F: 22.6 C
[  19.16] 28 FC AE AA 0B 00 00 F3: 22.6 C
[  19.19] 28 C6 BB 4E 04 00 00 67: 22.1 C
[  19.21] 28 7E 63 AD 0B 00 00 3F: 22.6 C
[  19.24] 28 F1 39 AD 0B 00 00 D9: 22.5 C
[  19.25] -------------------------------
[  20.02] 28 20 78 92 07 00 00 67: 22.4 C
[  20.05] 28 78 B8 AC 0B 00 00 2C: 22.5 C
[  20.08] 28 64 69 AB 0B 00 00 1F: 22.6 C
[  20.11] 28 FC AE AA 0B 00 00 F3: 22.6 C
[  20.13] 28 C6 BB 4E 04 00 00 67: 22.1 C
[  20.16] 28 7E 63 AD 0B 00 00 3F: 22.6 C
[  20.19] 28 F1 39 AD 0B 00 00 D9: 22.5 C
[  20.19] -------------------------------
[  20.97] 28 20 78 92 07 00 00 67: 22.4 C
[  21.00] 28 78 B8 AC 0B 00 00 2C: 22.6 C
[  21.03] 28 64 69 AB 0B 00 00 1F: 22.6 C
[  21.05] 28 FC AE AA 0B 00 00 F3: 22.6 C
[  21.08] 28 C6 BB 4E 04 00 00 67: 22.1 C
[  21.11] 28 7E 63 AD 0B 00 00 3F: 22.6 C
[  21.14] 28 F1 39 AD 0B 00 00 D9: 22.5 C
[  21.14] -------------------------------
[  21.92] 28 20 78 92 07 00 00 67: 22.4 C
[  21.95] 28 78 B8 AC 0B 00 00 2C: 22.6 C
[  21.97] 28 64 69 AB 0B 00 00 1F: 22.6 C
[  22.00] 28 FC AE AA 0B 00 00 F3: 22.6 C
[  22.03] 28 C6 BB 4E 04 00 00 67: 22.1 C
[  22.06] 28 7E 63 AD 0B 00 00 3F: 22.6 C
[  22.09] 28 F1 39 AD 0B 00 00 D9: 22.5 C
[  22.09] -------------------------------
[  22.87] 28 20 78 92 07 00 00 67: 22.4 C
[  22.89] 28 78 B8 AC 0B 00 00 2C: 22.6 C
[  22.92] 28 64 69 AB 0B 00 00 1F: 22.6 C
[  22.95] 28 FC AE AA 0B 00 00 F3: 22.6 C
[  22.98] 28 C6 BB 4E 04 00 00 67: 22.1 C
[  23.01] 28 7E 63 AD 0B 00 00 3F: 22.6 C
[  23.03] 28 F1 39 AD 0B 00 00 D9: 22.5 C
[  23.04] -------------------------------
[  23.81] 28 20 78 92 07 00 00 67: 22.4 C
[  23.84] 28 78 B8 AC 0B 00 00 2C: 22.6 C
[  23.87] 28 64 69 AB 0B 00 00 1F: 22.6 C
[  23.90] 28 FC AE AA 0B 00 00 F3: 22.6 C
[  23.92] 28 C6 BB 4E 04 00 00 67: 22.1 C
[  23.95] 28 7E 63 AD 0B 00 00 3F: 22.6 C
[  23.98] 28 F1 39 AD 0B 00 00 D9: 22.5 C
[  23.98] -------------------------------
[  24.76] 28 20 78 92 07 00 00 67: 22.4 C
[  24.79] 28 78 B8 AC 0B 00 00 2C: 22.6 C
[  24.82] 28 64 69 AB 0B 00 00 1F: 22.6 C
[  24.84] 28 FC AE AA 0B 00 00 F3: 22.6 C
[  24.87] 28 C6 BB 4E 04 00 00 67: 22.1 C
[  24.90] 28 7E 63 AD 0B 00 00 3F: 22.6 C
[  24.93] 28 F1 39 AD 0B 00 00 D9: 22.5 C
[  24.93] -------------------------------
[  25.71] 28 20 78 92 07 00 00 67: 22.4 C
[  25.74] 28 78 B8 AC 0B 00 00 2C: 22.6 C
[  25.76] 28 64 69 AB 0B 00 00 1F: 22.6 C
[  25.79] 28 FC AE AA 0B 00 00 F3: 22.6 C
[  25.82] 28 C6 BB 4E 04 00 00 67: 22.1 C
[  25.85] 28 7E 63 AD 0B 00 00 3F: 22.6 C
[  25.88] 28 F1 39 AD 0B 00 00 D9: 22.5 C
[  25.88] -------------------------------
[  26.66] 28 20 78 92 07 00 00 67: 22.4 C
[  26.68] 28 78 B8 AC 0B 00 00 2C: 22.6 C
[  26.71] 28 64 69 AB 0B 00 00 1F: 22.6 C
[  26.74] 28 FC AE AA 0B 00 00 F3: 22.6 C
[  26.77] 28 C6 BB 4E 04 00 00 67: 22.1 C
[  26.80] 28 7E 63 AD 0B 00 00 3F: 22.6 C
[  26.82] 28 F1 39 AD 0B 00 00 D9: 22.5 C
[  26.83] -------------------------------
[  27.60] 28 20 78 92 07 00 00 67: 22.4 C
[  27.63] 28 78 B8 AC 0B 00 00 2C: 22.6 C
[  27.66] 28 64 69 AB 0B 00 00 1F: 22.6 C
[  27.69] 28 FC AE AA 0B 00 00 F3: 22.7 C
[  27.72] 28 C6 BB 4E 04 00 00 67: 22.1 C
[  27.74] 28 7E 63 AD 0B 00 00 3F: 22.6 C
[  27.77] 28 F1 39 AD 0B 00 00 D9: 22.6 C
[  27.77] -------------------------------
[  28.55] 28 20 78 92 07 00 00 67: 22.4 C
[  28.58] 28 78 B8 AC 0B 00 00 2C: 22.6 C
[  28.61] 28 64 69 AB 0B 00 00 1F: 22.6 C
[  28.64] 28 FC AE AA 0B 00 00 F3: 22.6 C
[  28.66] 28 C6 BB 4E 04 00 00 67: 22.1 C
[  28.69] 28 7E 63 AD 0B 00 00 3F: 22.7 C
[  28.72] 28 F1 39 AD 0B 00 00 D9: 22.5 C
[  28.72] -------------------------------
[  29.50] 28 20 78 92 07 00 00 67: 22.4 C
[  29.53] 28 78 B8 AC 0B 00 00 2C: 22.6 C
[  29.55] 28 64 69 AB 0B 00 00 1F: 22.6 C
[  29.58] 28 FC AE AA 0B 00 00 F3: 22.6 C
[  29.61] 28 C6 BB 4E 04 00 00 67: 22.1 C
[  29.64] 28 7E 63 AD 0B 00 00 3F: 22.6 C
[  29.67] 28 F1 39 AD 0B 00 00 D9: 22.6 C
[  29.67] -------------------------------
[  30.45] 28 20 78 92 07 00 00 67: 22.4 C
[  30.47] 28 78 B8 AC 0B 00 00 2C: 22.6 C
[  30.50] 28 64 69 AB 0B 00 00 1F: 22.6 C
[  30.53] 28 FC AE AA 0B 00 00 F3: 22.6 C
[  30.56] 28 C6 BB 4E 04 00 00 67: 22.1 C
[  30.59] 28 7E 63 AD 0B 00 00 3F: 22.6 C
[  30.61] 28 F1 39 AD 0B 00 00 D9: 22.6 C
[  30.62] -------------------------------
[  31.39] 28 20 78 92 07 00 00 67: 22.4 C
[  31.42] 28 78 B8 AC 0B 00 00 2C: 22.6 C
[  31.45] 28 64 69 AB 0B 00 00 1F: 22.6 C
[  31.48] 28 FC AE AA 0B 00 00 F3: 22.7 C
[  31.51] 28 C6 BB 4E 04 00 00 67: 22.1 C
[  31.53] 28 7E 63 AD 0B 00 00 3F: 22.6 C
[  31.56] 28 F1 39 AD 0B 00 00 D9: 22.6 C
[  31.56] -------------------------------
[  32.34] 28 20 78 92 07 00 00 67: 22.4 C
[  32.37] 28 78 B8 AC 0B 00 00 2C: 22.6 C
[  32.40] 28 64 69 AB 0B 00 00 1F: 22.6 C
[  32.43] 28 FC AE AA 0B 00 00 F3: 22.7 C
[  32.45] 28 C6 BB 4E 04 00 00 67: 22.1 C
[  32.48] 28 7E 63 AD 0B 00 00 3F: 22.6 C
[  32.51] 28 F1 39 AD 0B 00 00 D9: 22.6 C
[  32.51] -------------------------------
[  33.29] 28 20 78 92 07 00 00 67: 22.4 C
[  33.32] 28 78 B8 AC 0B 00 00 2C: 22.6 C
[  33.35] 28 64 69 AB 0B 00 00 1F: 22.6 C
[  33.37] 28 FC AE AA 0B 00 00 F3: 22.6 C
[  33.40] 28 C6 BB 4E 04 00 00 67: 22.1 C
[  33.43] 28 7E 63 AD 0B 00 00 3F: 22.6 C
[  33.46] 28 F1 39 AD 0B 00 00 D9: 22.6 C
[  33.46] -------------------------------
[  34.24] 28 20 78 92 07 00 00 67: 22.4 C
[  34.26] 28 78 B8 AC 0B 00 00 2C: 22.6 C
[  34.29] 28 64 69 AB 0B 00 00 1F: 22.6 C
[  34.32] 28 FC AE AA 0B 00 00 F3: 22.6 C
[  34.35] 28 C6 BB 4E 04 00 00 67: 22.1 C
[  34.38] 28 7E 63 AD 0B 00 00 3F: 22.6 C
[  34.40] 28 F1 39 AD 0B 00 00 D9: 22.6 C
[  34.41] -------------------------------
[  35.18] 28 20 78 92 07 00 00 67: 22.4 C
[  35.21] 28 78 B8 AC 0B 00 00 2C: 22.6 C
[  35.24] 28 64 69 AB 0B 00 00 1F: 22.6 C
[  35.27] 28 FC AE AA 0B 00 00 F3: 22.7 C
[  35.30] 28 C6 BB 4E 04 00 00 67: 22.1 C
[  35.32] 28 7E 63 AD 0B 00 00 3F: 22.7 C
[  35.35] 28 F1 39 AD 0B 00 00 D9: 22.6 C
[  35.35] -------------------------------
[  36.13] 28 20 78 92 07 00 00 67: 22.4 C
[  36.16] 28 78 B8 AC 0B 00 00 2C: 22.6 C
[  36.19] 28 64 69 AB 0B 00 00 1F: 22.6 C
[  36.22] 28 FC AE AA 0B 00 00 F3: 22.7 C
[  36.24] 28 C6 BB 4E 04 00 00 67: 22.1 C
[  36.27] 28 7E 63 AD 0B 00 00 3F: 22.6 C
[  36.30] 28 F1 39 AD 0B 00 00 D9: 22.6 C
[  36.30] -------------------------------
[  37.08] 28 20 78 92 07 00 00 67: 22.4 C
[  37.11] 28 78 B8 AC 0B 00 00 2C: 22.6 C
[  37.14] 28 64 69 AB 0B 00 00 1F: 22.6 C
[  37.16] 28 FC AE AA 0B 00 00 F3: 22.7 C
[  37.19] 28 C6 BB 4E 04 00 00 67: 22.1 C
[  37.22] 28 7E 63 AD 0B 00 00 3F: 22.6 C
[  37.25] 28 F1 39 AD 0B 00 00 D9: 22.6 C
[  37.25] -------------------------------
[  38.03] 28 20 78 92 07 00 00 67: 22.4 C
[  38.05] 28 78 B8 AC 0B 00 00 2C: 22.6 C
[  38.08] 28 64 69 AB 0B 00 00 1F: 22.6 C
[  38.11] 28 FC AE AA 0B 00 00 F3: 22.7 C
[  38.14] 28 C6 BB 4E 04 00 00 67: 22.1 C
[  38.17] 28 7E 63 AD 0B 00 00 3F: 22.6 C
[  38.19] 28 F1 39 AD 0B 00 00 D9: 22.6 C
[  38.20] -------------------------------
[  38.97] 28 20 78 92 07 00 00 67: 22.4 C
[  39.00] 28 78 B8 AC 0B 00 00 2C: 22.6 C
[  39.03] 28 64 69 AB 0B 00 00 1F: 22.6 C
[  39.06] 28 FC AE AA 0B 00 00 F3: 22.7 C
[  39.09] 28 C6 BB 4E 04 00 00 67: 22.1 C
[  39.11] 28 7E 63 AD 0B 00 00 3F: 22.6 C
[  39.14] 28 F1 39 AD 0B 00 00 D9: 22.6 C
[  39.14] -------------------------------
[  39.92] 28 20 78 92 07 00 00 67: 22.4 C
[  39.95] 28 78 B8 AC 0B 00 00 2C: 22.6 C
[  39.98] 28 64 69 AB 0B 00 00 1F: 22.6 C
[  40.01] 28 FC AE AA 0B 00 00 F3: 22.7 C
