# COM5 115200 t0=19:46:58
[   0.33] 28 20 78 92 07 00 00 67: 22.6 C
[   0.33]   next resolution: 9 bit
[   0.35]   resolution applied: 9 bit
[   2.90] DS18B20 4_scan_mode starting...
[   2.90] Searching 1-Wire bus...
[   2.93]   ROM: 28 20 78 92 07 00 00 67
[   2.97]   ROM: 28 78 B8 AC 0B 00 00 2C
[   3.00]   ROM: 28 64 69 AB 0B 00 00 1F
[   3.04]   ROM: 28 FC AE AA 0B 00 00 F3
[   3.08]   ROM: 28 C6 BB 4E 04 00 00 67
[   3.11]   ROM: 28 7E 63 AD 0B 00 00 3F
[   3.15]   ROM: 28 F1 39 AD 0B 00 00 D9
[   3.15] Found 7 device(s). Simultaneous conversion:
[   3.94] 28 20 78 92 07 00 00 67: 22.5 C
[   3.97] 28 78 B8 AC 0B 00 00 2C: 22.7 C
[   3.99] 28 64 69 AB 0B 00 00 1F: 22.7 C
[   4.02] 28 FC AE AA 0B 00 00 F3: 22.8 C
[   4.05] 28 C6 BB 4E 04 00 00 67: 22.4 C
[   4.08] 28 7E 63 AD 0B 00 00 3F: 22.8 C
[   4.10] 28 F1 39 AD 0B 00 00 D9: 22.7 C
[   4.11] -------------------------------
[   4.88] 28 20 78 92 07 00 00 67: 22.6 C
[   4.91] 28 78 B8 AC 0B 00 00 2C: 22.8 C
[   4.94] 28 64 69 AB 0B 00 00 1F: 22.7 C
[   4.97] 28 FC AE AA 0B 00 00 F3: 22.8 C
[   5.00] 28 C6 BB 4E 04 00 00 67: 22.4 C
[   5.02] 28 7E 63 AD 0B 00 00 3F: 22.8 C
[   5.05] 28 F1 39 AD 0B 00 00 D9: 22.7 C
[   5.05] -------------------------------
[   5.83] 28 20 78 92 07 00 00 67: 22.6 C
[   5.86] 28 78 B8 AC 0B 00 00 2C: 22.8 C
[   5.89] 28 64 69 AB 0B 00 00 1F: 22.7 C
[   5.92] 28 FC AE AA 0B 00 00 F3: 22.8 C
[   5.94] 28 C6 BB 4E 04 00 00 67: 22.4 C
[   5.97] 28 7E 63 AD 0B 00 00 3F: 22.8 C
[   6.00] 28 F1 39 AD 0B 00 00 D9: 22.7 C
[   6.00] -------------------------------
[   6.78] 28 20 78 92 07 00 00 67: 22.6 C
[   6.81] 28 78 B8 AC 0B 00 00 2C: 22.7 C
[   6.84] 28 64 69 AB 0B 00 00 1F: 22.7 C
[   6.86] 28 FC AE AA 0B 00 00 F3: 22.8 C
[   6.89] 28 C6 BB 4E 04 00 00 67: 22.4 C
[   6.92] 28 7E 63 AD 0B 00 00 3F: 22.8 C
[   6.95] 28 F1 39 AD 0B 00 00 D9: 22.7 C
[   6.95] -------------------------------
[   7.73] 28 20 78 92 07 00 00 67: 22.6 C
[   7.76] 28 78 B8 AC 0B 00 00 2C: 22.8 C
[   7.78] 28 64 69 AB 0B 00 00 1F: 22.8 C
[   7.81] 28 FC AE AA 0B 00 00 F3: 22.8 C
[   7.84] 28 C6 BB 4E 04 00 00 67: 22.4 C
[   7.87] 28 7E 63 AD 0B 00 00 3F: 22.8 C
[   7.89] 28 F1 39 AD 0B 00 00 D9: 22.7 C
[   7.90] -------------------------------
[   8.68] 28 20 78 92 07 00 00 67: 22.6 C
[   8.70] 28 78 B8 AC 0B 00 00 2C: 22.8 C
[   8.73] 28 64 69 AB 0B 00 00 1F: 22.7 C
[   8.76] 28 FC AE AA 0B 00 00 F3: 22.8 C
[   8.79] 28 C6 BB 4E 04 00 00 67: 22.4 C
[   8.81] 28 7E 63 AD 0B 00 00 3F: 22.8 C
[   8.84] 28 F1 39 AD 0B 00 00 D9: 22.7 C
[   8.85] -------------------------------
[   9.62] 28 20 78 92 07 00 00 67: 22.6 C
[   9.65] 28 78 B8 AC 0B 00 00 2C: 22.8 C
[   9.68] 28 64 69 AB 0B 00 00 1F: 22.8 C
[   9.71] 28 FC AE AA 0B 00 00 F3: 22.8 C
[   9.73] 28 C6 BB 4E 04 00 00 67: 22.4 C
[   9.76] 28 7E 63 AD 0B 00 00 3F: 22.8 C
[   9.79] 28 F1 39 AD 0B 00 00 D9: 22.7 C
[   9.79] -------------------------------
[  10.57] 28 20 78 92 07 00 00 67: 22.6 C
[  10.60] 28 78 B8 AC 0B 00 00 2C: 22.8 C
[  10.63] 28 64 69 AB 0B 00 00 1F: 22.8 C
[  10.65] 28 FC AE AA 0B 00 00 F3: 22.8 C
[  10.68] 28 C6 BB 4E 04 00 00 67: 22.4 C
[  10.71] 28 7E 63 AD 0B 00 00 3F: 22.8 C
[  10.74] 28 F1 39 AD 0B 00 00 D9: 22.8 C
[  10.74] -------------------------------
[  11.52] 28 20 78 92 07 00 00 67: 22.6 C
[  11.55] 28 78 B8 AC 0B 00 00 2C: 22.8 C
[  11.57] 28 64 69 AB 0B 00 00 1F: 22.8 C
[  11.60] 28 FC AE AA 0B 00 00 F3: 22.8 C
[  11.63] 28 C6 BB 4E 04 00 00 67: 22.4 C
[  11.66] 28 7E 63 AD 0B 00 00 3F: 22.8 C
[  11.68] 28 F1 39 AD 0B 00 00 D9: 22.8 C
[  11.69] -------------------------------
[  12.47] 28 20 78 92 07 00 00 67: 22.6 C
[  12.49] 28 78 B8 AC 0B 00 00 2C: 22.8 C
[  12.52] 28 64 69 AB 0B 00 00 1F: 22.8 C
[  12.55] 28 FC AE AA 0B 00 00 F3: 22.8 C
[  12.58] 28 C6 BB 4E 04 00 00 67: 22.4 C
[  12.60] 28 7E 63 AD 0B 00 00 3F: 22.8 C
[  12.63] 28 F1 39 AD 0B 00 00 D9: 22.8 C
[  12.64] -------------------------------
[  13.41] 28 20 78 92 07 00 00 67: 22.6 C
[  13.44] 28 78 B8 AC 0B 00 00 2C: 22.8 C
[  13.47] 28 64 69 AB 0B 00 00 1F: 22.8 C
[  13.50] 28 FC AE AA 0B 00 00 F3: 22.8 C
[  13.52] 28 C6 BB 4E 04 00 00 67: 22.4 C
[  13.55] 28 7E 63 AD 0B 00 00 3F: 22.8 C
[  13.58] 28 F1 39 AD 0B 00 00 D9: 22.7 C
[  13.58] -------------------------------
[  14.36] 28 20 78 92 07 00 00 67: 22.6 C
[  14.39] 28 78 B8 AC 0B 00 00 2C: 22.8 C
[  14.42] 28 64 69 AB 0B 00 00 1F: 22.8 C
[  14.44] 28 FC AE AA 0B 00 00 F3: 22.8 C
[  14.47] 28 C6 BB 4E 04 00 00 67: 22.5 C
[  14.50] 28 7E 63 AD 0B 00 00 3F: 22.9 C
[  14.53] 28 F1 39 AD 0B 00 00 D9: 22.8 C
[  14.53] -------------------------------
[  15.31] 28 20 78 92 07 00 00 67: 22.6 C
[  15.34] 28 78 B8 AC 0B 00 00 2C: 22.8 C
[  15.36] 28 64 69 AB 0B 00 00 1F: 22.8 C
[  15.39] 28 FC AE AA 0B 00 00 F3: 22.8 C
[  15.42] 28 C6 BB 4E 04 00 00 67: 22.4 C
[  15.45] 28 7E 63 AD 0B 00 00 3F: 22.9 C
[  15.48] 28 F1 39 AD 0B 00 00 D9: 22.8 C
[  15.48] -------------------------------
[  16.26] 28 20 78 92 07 00 00 67: 22.6 C
[  16.28] 28 78 B8 AC 0B 00 00 2C: 22.8 C
[  16.31] 28 64 69 AB 0B 00 00 1F: 22.8 C
[  16.34] 28 FC AE AA 0B 00 00 F3: 22.8 C
[  16.37] 28 C6 BB 4E 04 00 00 67: 22.5 C
[  16.39] 28 7E 63 AD 0B 00 00 3F: 22.9 C
[  16.42] 28 F1 39 AD 0B 00 00 D9: 22.8 C
[  16.43] -------------------------------
[  17.20] 28 20 78 92 07 00 00 67: 22.6 C
[  17.23] 28 78 B8 AC 0B 00 00 2C: 22.8 C
[  17.26] 28 64 69 AB 0B 00 00 1F: 22.8 C
[  17.29] 28 FC AE AA 0B 00 00 F3: 22.8 C
[  17.31] 28 C6 BB 4E 04 00 00 67: 22.5 C
[  17.34] 28 7E 63 AD 0B 00 00 3F: 22.9 C
[  17.37] 28 F1 39 AD 0B 00 00 D9: 22.8 C
[  17.37] -------------------------------
[  18.15] 28 20 78 92 07 00 00 67: 22.6 C
[  18.18] 28 78 B8 AC 0B 00 00 2C: 22.8 C
[  18.21] 28 64 69 AB 0B 00 00 1F: 22.8 C
[  18.23] 28 FC AE AA 0B 00 00 F3: 22.8 C
[  18.26] 28 C6 BB 4E 04 00 00 67: 22.5 C
[  18.29] 28 7E 63 AD 0B 00 00 3F: 22.9 C
[  18.32] 28 F1 39 AD 0B 00 00 D9: 22.8 C
[  18.32] -------------------------------
[  19.10] 28 20 78 92 07 00 00 67: 22.6 C
[  19.13] 28 78 B8 AC 0B 00 00 2C: 22.8 C
[  19.15] 28 64 69 AB 0B 00 00 1F: 22.8 C
[  19.18] 28 FC AE AA 0B 00 00 F3: 22.8 C
[  19.21] 28 C6 BB 4E 04 00 00 67: 22.4 C
[  19.24] 28 7E 63 AD 0B 00 00 3F: 22.9 C
[  19.27] 28 F1 39 AD 0B 00 00 D9: 22.8 C
[  19.27] -------------------------------
[  20.05] 28 20 78 92 07 00 00 67: 22.6 C
[  20.07] 28 78 B8 AC 0B 00 00 2C: 22.8 C
[  20.10] 28 64 69 AB 0B 00 00 1F: 22.8 C
[  20.13] 28 FC AE AA 0B 00 00 F3: 22.8 C
[  20.16] 28 C6 BB 4E 04 00 00 67: 22.5 C
[  20.19] 28 7E 63 AD 0B 00 00 3F: 22.9 C
[  20.21] 28 F1 39 AD 0B 00 00 D9: 22.8 C
[  20.22] -------------------------------
[  20.99] 28 20 78 92 07 00 00 67: 22.6 C
[  21.02] 28 78 B8 AC 0B 00 00 2C: 22.8 C
[  21.05] 28 64 69 AB 0B 00 00 1F: 22.8 C
[  21.08] 28 FC AE AA 0B 00 00 F3: 22.9 C
[  21.11] 28 C6 BB 4E 04 00 00 67: 22.5 C
[  21.13] 28 7E 63 AD 0B 00 00 3F: 22.9 C
[  21.16] 28 F1 39 AD 0B 00 00 D9: 22.8 C
[  21.16] -------------------------------
[  21.94] 28 20 78 92 07 00 00 67: 22.6 C
[  21.97] 28 78 B8 AC 0B 00 00 2C: 22.8 C
[  22.00] 28 64 69 AB 0B 00 00 1F: 22.8 C
[  22.02] 28 FC AE AA 0B 00 00 F3: 22.9 C
[  22.05] 28 C6 BB 4E 04 00 00 67: 22.5 C
[  22.08] 28 7E 63 AD 0B 00 00 3F: 22.9 C
[  22.11] 28 F1 39 AD 0B 00 00 D9: 22.8 C
[  22.11] -------------------------------
[  22.89] 28 20 78 92 07 00 00 67: 22.6 C
[  22.92] 28 78 B8 AC 0B 00 00 2C: 22.8 C
[  22.94] 28 64 69 AB 0B 00 00 1F: 22.8 C
[  22.97] 28 FC AE AA 0B 00 00 F3: 22.9 C
[  23.00] 28 C6 BB 4E 04 00 00 67: 22.5 C
[  23.03] 28 7E 63 AD 0B 00 00 3F: 22.9 C
[  23.06] 28 F1 39 AD 0B 00 00 D9: 22.8 C
[  23.06] -------------------------------
[  23.84] 28 20 78 92 07 00 00 67: 22.6 C
[  23.86] 28 78 B8 AC 0B 00 00 2C: 22.8 C
[  23.89] 28 64 69 AB 0B 00 00 1F: 22.8 C
[  23.92] 28 FC AE AA 0B 00 00 F3: 22.9 C
[  23.95] 28 C6 BB 4E 04 00 00 67: 22.5 C
[  23.98] 28 7E 63 AD 0B 00 00 3F: 22.9 C
[  24.00] 28 F1 39 AD 0B 00 00 D9: 22.8 C
[  24.01] -------------------------------
[  24.78] 28 20 78 92 07 00 00 67: 22.6 C
[  24.81] 28 78 B8 AC 0B 00 00 2C: 22.8 C
[  24.84] 28 64 69 AB 0B 00 00 1F: 22.8 C
[  24.87] 28 FC AE AA 0B 00 00 F3: 22.9 C
[  24.90] 28 C6 BB 4E 04 00 00 67: 22.5 C
[  24.92] 28 7E 63 AD 0B 00 00 3F: 22.9 C
[  24.95] 28 F1 39 AD 0B 00 00 D9: 22.8 C
[  24.95] -------------------------------
[  25.73] 28 20 78 92 07 00 00 67: 22.6 C
[  25.76] 28 78 B8 AC 0B 00 00 2C: 22.8 C
[  25.79] 28 64 69 AB 0B 00 00 1F: 22.8 C
[  25.82] 28 FC AE AA 0B 00 00 F3: 22.9 C
[  25.84] 28 C6 BB 4E 04 00 00 67: 22.5 C
[  25.87] 28 7E 63 AD 0B 00 00 3F: 22.9 C
[  25.90] 28 F1 39 AD 0B 00 00 D9: 22.8 C
[  25.90] -------------------------------
[  26.68] 28 20 78 92 07 00 00 67: 22.6 C
[  26.71] 28 78 B8 AC 0B 00 00 2C: 22.8 C
[  26.73] 28 64 69 AB 0B 00 00 1F: 22.8 C
[  26.76] 28 FC AE AA 0B 00 00 F3: 22.9 C
[  26.79] 28 C6 BB 4E 04 00 00 67: 22.5 C
[  26.82] 28 7E 63 AD 0B 00 00 3F: 22.9 C
[  26.85] 28 F1 39 AD 0B 00 00 D9: 22.8 C
[  26.85] -------------------------------
[  27.63] 28 20 78 92 07 00 00 67: 22.6 C
[  27.65] 28 78 B8 AC 0B 00 00 2C: 22.8 C
[  27.68] 28 64 69 AB 0B 00 00 1F: 22.8 C
[  27.71] 28 FC AE AA 0B 00 00 F3: 22.9 C
[  27.74] 28 C6 BB 4E 04 00 00 67: 22.5 C
[  27.77] 28 7E 63 AD 0B 00 00 3F: 22.9 C
[  27.79] 28 F1 39 AD 0B 00 00 D9: 22.8 C
[  27.80] -------------------------------
[  28.57] 28 20 78 92 07 00 00 67: 22.6 C
[  28.60] 28 78 B8 AC 0B 00 00 2C: 22.8 C
[  28.63] 28 64 69 AB 0B 00 00 1F: 22.8 C
[  28.66] 28 FC AE AA 0B 00 00 F3: 22.9 C
[  28.69] 28 C6 BB 4E 04 00 00 67: 22.5 C
[  28.71] 28 7E 63 AD 0B 00 00 3F: 22.9 C
[  28.74] 28 F1 39 AD 0B 00 00 D9: 22.8 C
[  28.74] -------------------------------
[  29.52] 28 20 78 92 07 00 00 67: 22.6 C
[  29.55] 28 78 B8 AC 0B 00 00 2C: 22.8 C
[  29.58] 28 64 69 AB 0B 00 00 1F: 22.8 C
[  29.61] 28 FC AE AA 0B 00 00 F3: 22.9 C
[  29.63] 28 C6 BB 4E 04 00 00 67: 22.5 C
[  29.66] 28 7E 63 AD 0B 00 00 3F: 22.9 C
[  29.69] 28 F1 39 AD 0B 00 00 D9: 22.8 C
[  29.69] -------------------------------
[  30.47] 28 20 78 92 07 00 00 67: 22.6 C
[  30.50] 28 78 B8 AC 0B 00 00 2C: 22.8 C
[  30.53] 28 64 69 AB 0B 00 00 1F: 22.8 C
[  30.55] 28 FC AE AA 0B 00 00 F3: 22.9 C
[  30.58] 28 C6 BB 4E 04 00 00 67: 22.5 C
[  30.61] 28 7E 63 AD 0B 00 00 3F: 22.9 C
[  30.64] 28 F1 39 AD 0B 00 00 D9: 22.8 C
[  30.64] -------------------------------
[  31.42] 28 20 78 92 07 00 00 67: 22.6 C
[  31.44] 28 78 B8 AC 0B 00 00 2C: 22.8 C
[  31.47] 28 64 69 AB 0B 00 00 1F: 22.8 C
[  31.50] 28 FC AE AA 0B 00 00 F3: 22.9 C
[  31.53] 28 C6 BB 4E 04 00 00 67: 22.5 C
[  31.56] 28 7E 63 AD 0B 00 00 3F: 22.9 C
[  31.58] 28 F1 39 AD 0B 00 00 D9: 22.8 C
[  31.59] -------------------------------
[  32.36] 28 20 78 92 07 00 00 67: 22.7 C
[  32.39] 28 78 B8 AC 0B 00 00 2C: 22.9 C
[  32.42] 28 64 69 AB 0B 00 00 1F: 22.8 C
[  32.45] 28 FC AE AA 0B 00 00 F3: 22.9 C
[  32.48] 28 C6 BB 4E 04 00 00 67: 22.5 C
[  32.50] 28 7E 63 AD 0B 00 00 3F: 22.9 C
[  32.53] 28 F1 39 AD 0B 00 00 D9: 22.8 C
[  32.53] -------------------------------
[  33.31] 28 20 78 92 07 00 00 67: 22.7 C
[  33.34] 28 78 B8 AC 0B 00 00 2C: 22.8 C
[  33.37] 28 64 69 AB 0B 00 00 1F: 22.8 C
[  33.40] 28 FC AE AA 0B 00 00 F3: 22.9 C
[  33.42] 28 C6 BB 4E 04 00 00 67: 22.5 C
[  33.45] 28 7E 63 AD 0B 00 00 3F: 22.9 C
[  33.48] 28 F1 39 AD 0B 00 00 D9: 22.8 C
[  33.48] -------------------------------
[  34.26] 28 20 78 92 07 00 00 67: 22.6 C
[  34.29] 28 78 B8 AC 0B 00 00 2C: 22.9 C
[  34.32] 28 64 69 AB 0B 00 00 1F: 22.8 C
[  34.34] 28 FC AE AA 0B 00 00 F3: 22.9 C
[  34.37] 28 C6 BB 4E 04 00 00 67: 22.5 C
[  34.40] 28 7E 63 AD 0B 00 00 3F: 22.9 C
[  34.43] 28 F1 39 AD 0B 00 00 D9: 22.8 C
[  34.43] -------------------------------
[  35.21] 28 20 78 92 07 00 00 67: 22.7 C
[  35.24] 28 78 B8 AC 0B 00 00 2C: 22.9 C
[  35.26] 28 64 69 AB 0B 00 00 1F: 22.8 C
[  35.29] 28 FC AE AA 0B 00 00 F3: 22.9 C
[  35.32] 28 C6 BB 4E 04 00 00 67: 22.5 C
[  35.35] 28 7E 63 AD 0B 00 00 3F: 22.9 C
[  35.37] 28 F1 39 AD 0B 00 00 D9: 22.8 C
[  35.38] -------------------------------
[  36.16] 28 20 78 92 07 00 00 67: 22.7 C
[  36.18] 28 78 B8 AC 0B 00 00 2C: 22.8 C
[  36.21] 28 64 69 AB 0B 00 00 1F: 22.8 C
[  36.24] 28 FC AE AA 0B 00 00 F3: 22.9 C
[  36.27] 28 C6 BB 4E 04 00 00 67: 22.5 C
[  36.29] 28 7E 63 AD 0B 00 00 3F: 22.9 C
[  36.32] 28 F1 39 AD 0B 00 00 D9: 22.8 C
[  36.32] -------------------------------
[  37.10] 28 20 78 92 07 00 00 67: 22.7 C
[  37.13] 28 78 B8 AC 0B 00 00 2C: 22.8 C
[  37.16] 28 64 69 AB 0B 00 00 1F: 22.8 C
[  37.19] 28 FC AE AA 0B 00 00 F3: 22.9 C
[  37.21] 28 C6 BB 4E 04 00 00 67: 22.5 C
[  37.24] 28 7E 63 AD 0B 00 00 3F: 22.9 C
[  37.27] 28 F1 39 AD 0B 00 00 D9: 22.8 C
[  37.27] -------------------------------
[  38.05] 28 20 78 92 07 00 00 67: 22.6 C
[  38.08] 28 78 B8 AC 0B 00 00 2C: 22.9 C
[  38.11] 28 64 69 AB 0B 00 00 1F: 22.9 C
[  38.13] 28 FC AE AA 0B 00 00 F3: 22.9 C
[  38.16] 28 C6 BB 4E 04 00 00 67: 22.5 C
[  38.19] 28 7E 63 AD 0B 00 00 3F: 22.9 C
[  38.22] 28 F1 39 AD 0B 00 00 D9: 22.8 C
[  38.22] -------------------------------
[  39.00] 28 20 78 92 07 00 00 67: 22.7 C
[  39.03] 28 78 B8 AC 0B 00 00 2C: 22.9 C
[  39.05] 28 64 69 AB 0B 00 00 1F: 22.8 C
[  39.08] 28 FC AE AA 0B 00 00 F3: 22.9 C
[  39.11] 28 C6 BB 4E 04 00 00 67: 22.5 C
[  39.14] 28 7E 63 AD 0B 00 00 3F: 22.9 C
[  39.16] 28 F1 39 AD 0B 00 00 D9: 22.8 C
[  39.17] -------------------------------
[  39.95] 28 20 78 92 07 00 00 67: 22.7 C
[  39.97] 28 78 B8 AC 0B 00 00 2C: 22.8 C
[  40.00] 28 64 69 AB 0B 00 00 1F: 22.8 C
