# COM5 115200 t0=19:32:23
[   0.38] 28 20 78 92 07 00 00 67: 22.4 C
[   0.38]   next resolution: 9 bit
[   0.40]   resolution applied: 9 bit
[   2.93] DS18B20 4_scan_mode starting...
[   2.94] Searching 1-Wire bus...
[   2.97]   ROM: 28 20 78 92 07 00 00 67
[   3.00]   ROM: 28 78 B8 AC 0B 00 00 2C
[   3.04]   ROM: 28 64 69 AB 0B 00 00 1F
[   3.08]   ROM: 28 FC AE AA 0B 00 00 F3
[   3.11]   ROM: 28 C6 BB 4E 04 00 00 67
[   3.15]   ROM: 28 7E 63 AD 0B 00 00 3F
[   3.18]   ROM: 28 F1 39 AD 0B 00 00 D9
[   3.19] Found 7 device(s). Simultaneous conversion:
[   3.97] 28 20 78 92 07 00 00 67: 22.4 C
[   4.00] 28 78 B8 AC 0B 00 00 2C: 22.5 C
[   4.03] 28 64 69 AB 0B 00 00 1F: 22.6 C
[   4.06] 28 FC AE AA 0B 00 00 F3: 22.6 C
[   4.08] 28 C6 BB 4E 04 00 00 67: 22.1 C
[   4.11] 28 7E 63 AD 0B 00 00 3F: 22.6 C
[   4.14] 28 F1 39 AD 0B 00 00 D9: 22.5 C
[   4.14] -------------------------------
[   4.92] 28 20 78 92 07 00 00 67: 22.4 C
[   4.95] 28 78 B8 AC 0B 00 00 2C: 22.6 C
[   4.98] 28 64 69 AB 0B 00 00 1F: 22.6 C
[   5.00] 28 FC AE AA 0B 00 00 F3: 22.6 C
[   5.03] 28 C6 BB 4E 04 00 00 67: 22.1 C
[   5.06] 28 7E 63 AD 0B 00 00 3F: 22.6 C
[   5.09] 28 F1 39 AD 0B 00 00 D9: 22.5 C
[   5.09] -------------------------------
[   5.87] 28 20 78 92 07 00 00 67: 22.4 C
[   5.90] 28 78 B8 AC 0B 00 00 2C: 22.6 C
[   5.92] 28 64 69 AB 0B 00 00 1F: 22.6 C
[   5.95] 28 FC AE AA 0B 00 00 F3: 22.6 C
[   5.98] 28 C6 BB 4E 04 00 00 67: 22.1 C
[   6.01] 28 7E 63 AD 0B 00 00 3F: 22.6 C
[   6.04] 28 F1 39 AD 0B 00 00 D9: 22.5 C
[   6.04] -------------------------------
[   6.82] 28 20 78 92 07 00 00 67: 22.4 C
[   6.84] 28 78 B8 AC 0B 00 00 2C: 22.6 C
[   6.87] 28 64 69 AB 0B 00 00 1F: 22.6 C
[   6.90] 28 FC AE AA 0B 00 00 F3: 22.6 C
[   6.93] 28 C6 BB 4E 04 00 00 67: 22.1 C
[   6.96] 28 7E 63 AD 0B 00 00 3F: 22.6 C
[   6.98] 28 F1 39 AD 0B 00 00 D9: 22.6 C
[   6.99] -------------------------------
[   7.76] 28 20 78 92 07 00 00 67: 22.4 C
[   7.79] 28 78 B8 AC 0B 00 00 2C: 22.6 C
[   7.82] 28 64 69 AB 0B 00 00 1F: 22.6 C
[   7.85] 28 FC AE AA 0B 00 00 F3: 22.6 C
[   7.88] 28 C6 BB 4E 04 00 00 67: 22.1 C
[   7.90] 28 7E 63 AD 0B 00 00 3F: 22.6 C
[   7.93] 28 F1 39 AD 0B 00 00 D9: 22.5 C
[   7.93] -------------------------------
[   8.71] 28 20 78 92 07 00 00 67: 22.4 C
[   8.74] 28 78 B8 AC 0B 00 00 2C: 22.6 C
[   8.77] 28 64 69 AB 0B 00 00 1F: 22.6 C
[   8.80] 28 FC AE AA 0B 00 00 F3: 22.6 C
[   8.82] 28 C6 BB 4E 04 00 00 67: 22.1 C
[   8.85] 28 7E 63 AD 0B 00 00 3F: 22.6 C
[   8.88] 28 F1 39 AD 0B 00 00 D9: 22.5 C
[   8.88] -------------------------------
[   9.66] 28 20 78 92 07 00 00 67: 22.4 C
[   9.69] 28 78 B8 AC 0B 00 00 2C: 22.6 C
[   9.71] 28 64 69 AB 0B 00 00 1F: 22.6 C
[   9.74] 28 FC AE AA 0B 00 00 F3: 22.6 C
[   9.77] 28 C6 BB 4E 04 00 00 67: 22.2 C
[   9.80] 28 7E 63 AD 0B 00 00 3F: 22.6 C
[   9.83] 28 F1 39 AD 0B 00 00 D9: 22.6 C
[   9.83] -------------------------------
[  10.61] 28 20 78 92 07 00 00 67: 22.4 C
[  10.63] 28 78 B8 AC 0B 00 00 2C: 22.6 C
[  10.66] 28 64 69 AB 0B 00 00 1F: 22.6 C
[  10.69] 28 FC AE AA 0B 00 00 F3: 22.6 C
[  10.72] 28 C6 BB 4E 04 00 00 67: 22.1 C
[  10.75] 28 7E 63 AD 0B 00 00 3F: 22.6 C
[  10.77] 28 F1 39 AD 0B 00 00 D9: 22.6 C
[  10.78] -------------------------------
[  11.55] 28 20 78 92 07 00 00 67: 22.4 C
[  11.58] 28 78 B8 AC 0B 00 00 2C: 22.6 C
[  11.61] 28 64 69 AB 0B 00 00 1F: 22.6 C
[  11.64] 28 FC AE AA 0B 00 00 F3: 22.7 C
[  11.67] 28 C6 BB 4E 04 00 00 67: 22.1 C
[  11.69] 28 7E 63 AD 0B 00 00 3F: 22.6 C
[  11.72] 28 F1 39 AD 0B 00 00 D9: 22.6 C
[  11.72] -------------------------------
[  12.50] 28 20 78 92 07 00 00 67: 22.4 C
[  12.53] 28 78 B8 AC 0B 00 00 2C: 22.6 C
[  12.56] 28 64 69 AB 0B 00 00 1F: 22.6 C
[  12.59] 28 FC AE AA 0B 00 00 F3: 22.7 C
[  12.61] 28 C6 BB 4E 04 00 00 67: 22.1 C
[  12.64] 28 7E 63 AD 0B 00 00 3F: 22.7 C
[  12.67] 28 F1 39 AD 0B 00 00 D9: 22.6 C
[  12.67] -------------------------------
[  13.45] 28 20 78 92 07 00 00 67: 22.4 C
[  13.48] 28 78 B8 AC 0B 00 00 2C: 22.6 C
[  13.50] 28 64 69 AB 0B 00 00 1F: 22.6 C
[  13.53] 28 FC AE AA 0B 00 00 F3: 22.7 C
[  13.56] 28 C6 BB 4E 04 00 00 67: 22.1 C
[  13.59] 28 7E 63 AD 0B 00 00 3F: 22.6 C
[  13.62] 28 F1 39 AD 0B 00 00 D9: 22.6 C
[  13.62] -------------------------------
[  14.40] 28 20 78 92 07 00 00 67: 22.4 C
[  14.42] 28 78 B8 AC 0B 00 00 2C: 22.6 C
[  14.45] 28 64 69 AB 0B 00 00 1F: 22.6 C
[  14.48] 28 FC AE AA 0B 00 00 F3: 22.7 C
[  14.51] 28 C6 BB 4E 04 00 00 67: 22.1 C
[  14.54] 28 7E 63 AD 0B 00 00 3F: 22.7 C
[  14.56] 28 F1 39 AD 0B 00 00 D9: 22.6 C
[  14.57] -------------------------------
[  15.34] 28 20 78 92 07 00 00 67: 22.5 C
[  15.37] 28 78 B8 AC 0B 00 00 2C: 22.6 C
[  15.40] 28 64 69 AB 0B 00 00 1F: 22.6 C
[  15.43] 28 FC AE AA 0B 00 00 F3: 22.7 C
[  15.46] 28 C6 BB 4E 04 00 00 67: 22.1 C
[  15.48] 28 7E 63 AD 0B 00 00 3F: 22.7 C
[  15.51] 28 F1 39 AD 0B 00 00 D9: 22.6 C
[  15.51] -------------------------------
[  16.29] 28 20 78 92 07 00 00 67: 22.4 C
[  16.32] 28 78 B8 AC 0B 00 00 2C: 22.6 C
[  16.35] 28 64 69 AB 0B 00 00 1F: 22.6 C
[  16.38] 28 FC AE AA 0B 00 00 F3: 22.7 C
[  16.40] 28 C6 BB 4E 04 00 00 67: 22.2 C
[  16.43] 28 7E 63 AD 0B 00 00 3F: 22.6 C
[  16.46] 28 F1 39 AD 0B 00 00 D9: 22.6 C
[  16.46] -------------------------------
[  17.24] 28 20 78 92 07 00 00 67: 22.4 C
[  17.27] 28 78 B8 AC 0B 00 00 2C: 22.6 C
[  17.29] 28 64 69 AB 0B 00 00 1F: 22.6 C
[  17.32] 28 FC AE AA 0B 00 00 F3: 22.7 C
[  17.35] 28 C6 BB 4E 04 00 00 67: 22.2 C
[  17.38] 28 7E 63 AD 0B 00 00 3F: 22.7 C
[  17.41] 28 F1 39 AD 0B 00 00 D9: 22.6 C
[  17.41] -------------------------------
[  18.19] 28 20 78 92 07 00 00 67: 22.4 C
[  18.21] 28 78 B8 AC 0B 00 00 2C: 22.6 C
[  18.24] 28 64 69 AB 0B 00 00 1F: 22.6 C
[  18.27] 28 FC AE AA 0B 00 00 F3: 22.7 C
[  18.30] 28 C6 BB 4E 04 00 00 67: 22.2 C
[  18.33] 28 7E 63 AD 0B 00 00 3F: 22.7 C
[  18.35] 28 F1 39 AD 0B 00 00 D9: 22.6 C
[  18.36] -------------------------------
[  19.13] 28 20 78 92 07 00 00 67: 22.4 C
[  19.16] 28 78 B8 AC 0B 00 00 2C: 22.6 C
[  19.19] 28 64 69 AB 0B 00 00 1F: 22.6 C
[  19.22] 28 FC AE AA 0B 00 00 F3: 22.7 C
[  19.25] 28 C6 BB 4E 04 00 00 67: 22.2 C
[  19.27] 28 7E 63 AD 0B 00 00 3F: 22.7 C
[  19.30] 28 F1 39 AD 0B 00 00 D9: 22.6 C
[  19.30] -------------------------------
[  20.08] 28 20 78 92 07 00 00 67: 22.5 C
[  20.11] 28 78 B8 AC 0B 00 00 2C: 22.6 C
[  20.14] 28 64 69 AB 0B 00 00 1F: 22.6 C
[  20.17] 28 FC AE AA 0B 00 00 F3: 22.7 C
[  20.19] 28 C6 BB 4E 04 00 00 67: 22.2 C
[  20.22] 28 7E 63 AD 0B 00 00 3F: 22.7 C
[  20.25] 28 F1 39 AD 0B 00 00 D9: 22.6 C
[  20.25] -------------------------------
[  21.03] 28 20 78 92 07 00 00 67: 22.5 C
[  21.06] 28 78 B8 AC 0B 00 00 2C: 22.6 C
[  21.09] 28 64 69 AB 0B 00 00 1F: 22.6 C
[  21.11] 28 FC AE AA 0B 00 00 F3: 22.7 C
[  21.14] 28 C6 BB 4E 04 00 00 67: 22.2 C
[  21.17] 28 7E 63 AD 0B 00 00 3F: 22.7 C
[  21.20] 28 F1 39 AD 0B 00 00 D9: 22.6 C
[  21.20] -------------------------------
[  21.98] 28 20 78 92 07 00 00 67: 22.5 C
[  22.01] 28 78 B8 AC 0B 00 00 2C: 22.6 C
[  22.03] 28 64 69 AB 0B 00 00 1F: 22.6 C
[  22.06] 28 FC AE AA 0B 00 00 F3: 22.7 C
[  22.09] 28 C6 BB 4E 04 00 00 67: 22.2 C
[  22.12] 28 7E 63 AD 0B 00 00 3F: 22.7 C
[  22.14] 28 F1 39 AD 0B 00 00 D9: 22.6 C
[  22.15] -------------------------------
[  22.92] 28 20 78 92 07 00 00 67: 22.4 C
[  22.95] 28 78 B8 AC 0B 00 00 2C: 22.6 C
[  22.98] 28 64 69 AB 0B 00 00 1F: 22.6 C
[  23.01] 28 FC AE AA 0B 00 00 F3: 22.7 C
[  23.04] 28 C6 BB 4E 04 00 00 67: 22.2 C
[  23.06] 28 7E 63 AD 0B 00 00 3F: 22.7 C
[  23.09] 28 F1 39 AD 0B 00 00 D9: 22.6 C
[  23.09] -------------------------------
[  23.87] 28 20 78 92 07 00 00 67: 22.5 C
[  23.90] 28 78 B8 AC 0B 00 00 2C: 22.6 C
[  23.93] 28 64 69 AB 0B 00 00 1F: 22.6 C
[  23.96] 28 FC AE AA 0B 00 00 F3: 22.8 C
[  23.98] 28 C6 BB 4E 04 00 00 67: 22.2 C
[  24.01] 28 7E 63 AD 0B 00 00 3F: 22.7 C
[  24.04] 28 F1 39 AD 0B 00 00 D9: 22.6 C
[  24.04] -------------------------------
[  24.82] 28 20 78 92 07 00 00 67: 22.5 C
[  24.85] 28 78 B8 AC 0B 00 00 2C: 22.6 C
[  24.88] 28 64 69 AB 0B 00 00 1F: 22.7 C
[  24.90] 28 FC AE AA 0B 00 00 F3: 22.7 C
[  24.93] 28 C6 BB 4E 04 00 00 67: 22.2 C
[  24.96] 28 7E 63 AD 0B 00 00 3F: 22.7 C
[  24.99] 28 F1 39 AD 0B 00 00 D9: 22.6 C
[  24.99] -------------------------------
[  25.77] 28 20 78 92 07 00 00 67: 22.5 C
[  25.80] 28 78 B8 AC 0B 00 00 2C: 22.6 C
[  25.82] 28 64 69 AB 0B 00 00 1F: 22.7 C
[  25.85] 28 FC AE AA 0B 00 00 F3: 22.8 C
[  25.88] 28 C6 BB 4E 04 00 00 67: 22.2 C
[  25.91] 28 7E 63 AD 0B 00 00 3F: 22.8 C
[  25.93] 28 F1 39 AD 0B 00 00 D9: 22.6 C
[  25.94] -------------------------------
[  26.72] 28 20 78 92 07 00 00 67: 22.5 C
[  26.74] 28 78 B8 AC 0B 00 00 2C: 22.6 C
[  26.77] 28 64 69 AB 0B 00 00 1F: 22.6 C
[  26.80] 28 FC AE AA 0B 00 00 F3: 22.7 C
[  26.83] 28 C6 BB 4E 04 00 00 67: 22.2 C
[  26.85] 28 7E 63 AD 0B 00 00 3F: 22.7 C
[  26.88] 28 F1 39 AD 0B 00 00 D9: 22.6 C
[  26.89] -------------------------------
[  27.66] 28 20 78 92 07 00 00 67: 22.5 C
[  27.69] 28 78 B8 AC 0B 00 00 2C: 22.6 C
[  27.72] 28 64 69 AB 0B 00 00 1F: 22.7 C
[  27.75] 28 FC AE AA 0B 00 00 F3: 22.8 C
[  27.77] 28 C6 BB 4E 04 00 00 67: 22.2 C
[  27.80] 28 7E 63 AD 0B 00 00 3F: 22.8 C
[  27.83] 28 F1 39 AD 0B 00 00 D9: 22.6 C
[  27.83] -------------------------------
[  28.61] 28 20 78 92 07 00 00 67: 22.5 C
[  28.64] 28 78 B8 AC 0B 00 00 2C: 22.6 C
[  28.67] 28 64 69 AB 0B 00 00 1F: 22.7 C
[  28.69] 28 FC AE AA 0B 00 00 F3: 22.8 C
[  28.72] 28 C6 BB 4E 04 00 00 67: 22.2 C
[  28.75] 28 7E 63 AD 0B 00 00 3F: 22.7 C
[  28.78] 28 F1 39 AD 0B 00 00 D9: 22.6 C
[  28.78] -------------------------------
[  29.56] 28 20 78 92 07 00 00 67: 22.5 C
[  29.59] 28 78 B8 AC 0B 00 00 2C: 22.6 C
[  29.61] 28 64 69 AB 0B 00 00 1F: 22.6 C
[  29.64] 28 FC AE AA 0B 00 00 F3: 22.8 C
[  29.67] 28 C6 BB 4E 04 00 00 67: 22.2 C
[  29.70] 28 7E 63 AD 0B 00 00 3F: 22.7 C
[  29.72] 28 F1 39 AD 0B 00 00 D9: 22.6 C
[  29.73] -------------------------------
[  30.51] 28 20 78 92 07 00 00 67: 22.5 C
[  30.53] 28 78 B8 AC 0B 00 00 2C: 22.6 C
[  30.56] 28 64 69 AB 0B 00 00 1F: 22.7 C
[  30.59] 28 FC AE AA 0B 00 00 F3: 22.8 C
[  30.62] 28 C6 BB 4E 04 00 00 67: 22.2 C
[  30.64] 28 7E 63 AD 0B 00 00 3F: 22.8 C
[  30.67] 28 F1 39 AD 0B 00 00 D9: 22.6 C
[  30.68] -------------------------------
[  31.45] 28 20 78 92 07 00 00 67: 22.5 C
[  31.48] 28 78 B8 AC 0B 00 00 2C: 22.6 C
[  31.51] 28 64 69 AB 0B 00 00 1F: 22.7 C
[  31.54] 28 FC AE AA 0B 00 00 F3: 22.8 C
[  31.56] 28 C6 BB 4E 04 00 00 67: 22.2 C
[  31.59] 28 7E 63 AD 0B 00 00 3F: 22.8 C
[  31.62] 28 F1 39 AD 0B 00 00 D9: 22.6 C
[  31.62] -------------------------------
[  32.40] 28 20 78 92 07 00 00 67: 22.5 C
[  32.43] 28 78 B8 AC 0B 00 00 2C: 22.7 C
[  32.46] 28 64 69 AB 0B 00 00 1F: 22.7 C
[  32.48] 28 FC AE AA 0B 00 00 F3: 22.8 C
[  32.51] 28 C6 BB 4E 04 00 00 67: 22.2 C
[  32.54] 28 7E 63 AD 0B 00 00 3F: 22.8 C
[  32.57] 28 F1 39 AD 0B 00 00 D9: 22.6 C
[  32.57] -------------------------------
[  33.35] 28 20 78 92 07 00 00 67: 22.5 C
[  33.38] 28 78 B8 AC 0B 00 00 2C: 22.6 C
[  33.40] 28 64 69 AB 0B 00 00 1F: 22.7 C
[  33.43] 28 FC AE AA 0B 00 00 F3: 22.8 C
[  33.46] 28 C6 BB 4E 04 00 00 67: 22.2 C
[  33.49] 28 7E 63 AD 0B 00 00 3F: 22.8 C
[  33.52] 28 F1 39 AD 0B 00 00 D9: 22.6 C
[  33.52] -------------------------------
[  34.30] 28 20 78 92 07 00 00 67: 22.5 C
[  34.32] 28 78 B8 AC 0B 00 00 2C: 22.6 C
[  34.35] 28 64 69 AB 0B 00 00 1F: 22.7 C
[  34.38] 28 FC AE AA 0B 00 00 F3: 22.8 C
[  34.41] 28 C6 BB 4E 04 00 00 67: 22.2 C
[  34.43] 28 7E 63 AD 0B 00 00 3F: 22.7 C
[  34.46] 28 F1 39 AD 0B 00 00 D9: 22.6 C
[  34.47] -------------------------------
[  35.24] 28 20 78 92 07 00 00 67: 22.5 C
[  35.27] 28 78 B8 AC 0B 00 00 2C: 22.6 C
[  35.30] 28 64 69 AB 0B 00 00 1F: 22.7 C
[  35.33] 28 FC AE AA 0B 00 00 F3: 22.8 C
[  35.35] 28 C6 BB 4E 04 00 00 67: 22.2 C
[  35.38] 28 7E 63 AD 0B 00 00 3F: 22.8 C
[  35.41] 28 F1 39 AD 0B 00 00 D9: 22.6 C
[  35.41] -------------------------------
[  36.19] 28 20 78 92 07 00 00 67: 22.5 C
[  36.22] 28 78 B8 AC 0B 00 00 2C: 22.6 C
[  36.25] 28 64 69 AB 0B 00 00 1F: 22.7 C
[  36.27] 28 FC AE AA 0B 00 00 F3: 22.8 C
[  36.30] 28 C6 BB 4E 04 00 00 67: 22.2 C
[  36.33] 28 7E 63 AD 0B 00 00 3F: 22.7 C
[  36.36] 28 F1 39 AD 0B 00 00 D9: 22.6 C
[  36.36] -------------------------------
[  37.14] 28 20 78 92 07 00 00 67: 22.5 C
[  37.17] 28 78 B8 AC 0B 00 00 2C: 22.7 C
[  37.19] 28 64 69 AB 0B 00 00 1F: 22.7 C
[  37.22] 28 FC AE AA 0B 00 00 F3: 22.8 C
[  37.25] 28 C6 BB 4E 04 00 00 67: 22.2 C
[  37.28] 28 7E 63 AD 0B 00 00 3F: 22.8 C
[  37.31] 28 F1 39 AD 0B 00 00 D9: 22.6 C
[  37.31] -------------------------------
[  38.09] 28 20 78 92 07 00 00 67: 22.5 C
[  38.11] 28 78 B8 AC 0B 00 00 2C: 22.6 C
[  38.14] 28 64 69 AB 0B 00 00 1F: 22.7 C
[  38.17] 28 FC AE AA 0B 00 00 F3: 22.8 C
[  38.20] 28 C6 BB 4E 04 00 00 67: 22.2 C
[  38.23] 28 7E 63 AD 0B 00 00 3F: 22.8 C
[  38.25] 28 F1 39 AD 0B 00 00 D9: 22.6 C
[  38.26] -------------------------------
[  39.03] 28 20 78 92 07 00 00 67: 22.5 C
[  39.06] 28 78 B8 AC 0B 00 00 2C: 22.6 C
[  39.09] 28 64 69 AB 0B 00 00 1F: 22.7 C
[  39.12] 28 FC AE AA 0B 00 00 F3: 22.8 C
[  39.15] 28 C6 BB 4E 04 00 00 67: 22.2 C
[  39.17] 28 7E 63 AD 0B 00 00 3F: 22.8 C
[  39.20] 28 F1 39 AD 0B 00 00 D9: 22.6 C
[  39.20] -------------------------------
[  39.98] 28 20 78 92 07 00 00 67: 22.5 C
[  40.01] 28 78 B8 AC 0B 00 00 2C: 22.7 C
