# COM5 115200 t0=19:42:06
[   0.39] 28 20 78 92 07 00 00 67: 22.5 C
[   0.39]   next resolution: 9 bit
[   0.40]   resolution applied: 9 bit
[   2.92] DS18B20 4_scan_mode starting...
[   2.92] Searching 1-Wire bus...
[   2.95]   ROM: 28 20 78 92 07 00 00 67
[   2.99]   ROM: 28 78 B8 AC 0B 00 00 2C
[   3.02]   ROM: 28 64 69 AB 0B 00 00 1F
[   3.06]   ROM: 28 FC AE AA 0B 00 00 F3
[   3.10]   ROM: 28 C6 BB 4E 04 00 00 67
[   3.13]   ROM: 28 7E 63 AD 0B 00 00 3F
[   3.17]   ROM: 28 F1 39 AD 0B 00 00 D9
[   3.17] Found 7 device(s). Simultaneous conversion:
[   3.96] 28 20 78 92 07 00 00 67: 22.6 C
[   3.98] 28 78 B8 AC 0B 00 00 2C: 22.7 C
[   4.01] 28 64 69 AB 0B 00 00 1F: 22.7 C
[   4.04] 28 FC AE AA 0B 00 00 F3: 22.8 C
[   4.07] 28 C6 BB 4E 04 00 00 67: 22.3 C
[   4.10] 28 7E 63 AD 0B 00 00 3F: 22.8 C
[   4.12] 28 F1 39 AD 0B 00 00 D9: 22.6 C
[   4.13] -------------------------------
[   4.90] 28 20 78 92 07 00 00 67: 22.6 C
[   4.93] 28 78 B8 AC 0B 00 00 2C: 22.7 C
[   4.96] 28 64 69 AB 0B 00 00 1F: 22.7 C
[   4.99] 28 FC AE AA 0B 00 00 F3: 22.8 C
[   5.02] 28 C6 BB 4E 04 00 00 67: 22.3 C
[   5.04] 28 7E 63 AD 0B 00 00 3F: 22.8 C
[   5.07] 28 F1 39 AD 0B 00 00 D9: 22.6 C
[   5.07] -------------------------------
[   5.85] 28 20 78 92 07 00 00 67: 22.6 C
[   5.88] 28 78 B8 AC 0B 00 00 2C: 22.7 C
[   5.91] 28 64 69 AB 0B 00 00 1F: 22.7 C
[   5.94] 28 FC AE AA 0B 00 00 F3: 22.8 C
[   5.96] 28 C6 BB 4E 04 00 00 67: 22.3 C
[   5.99] 28 7E 63 AD 0B 00 00 3F: 22.8 C
[   6.02] 28 F1 39 AD 0B 00 00 D9: 22.7 C
[   6.02] -------------------------------
[   6.80] 28 20 78 92 07 00 00 67: 22.6 C
[   6.83] 28 78 B8 AC 0B 00 00 2C: 22.7 C
[   6.85] 28 64 69 AB 0B 00 00 1F: 22.8 C
[   6.88] 28 FC AE AA 0B 00 00 F3: 22.8 C
[   6.91] 28 C6 BB 4E 04 00 00 67: 22.4 C
[   6.94] 28 7E 63 AD 0B 00 00 3F: 22.8 C
[   6.97] 28 F1 39 AD 0B 00 00 D9: 22.7 C
[   6.97] -------------------------------
[   7.75] 28 20 78 92 07 00 00 67: 22.6 C
[   7.77] 28 78 B8 AC 0B 00 00 2C: 22.7 C
[   7.80] 28 64 69 AB 0B 00 00 1F: 22.8 C
[   7.83] 28 FC AE AA 0B 00 00 F3: 22.8 C
[   7.86] 28 C6 BB 4E 04 00 00 67: 22.3 C
[   7.89] 28 7E 63 AD 0B 00 00 3F: 22.8 C
[   7.91] 28 F1 39 AD 0B 00 00 D9: 22.7 C
[   7.92] -------------------------------
[   8.69] 28 20 78 92 07 00 00 67: 22.6 C
[   8.72] 28 78 B8 AC 0B 00 00 2C: 22.8 C
[   8.75] 28 64 69 AB 0B 00 00 1F: 22.8 C
[   8.78] 28 FC AE AA 0B 00 00 F3: 22.8 C
[   8.81] 28 C6 BB 4E 04 00 00 67: 22.3 C
[   8.83] 28 7E 63 AD 0B 00 00 3F: 22.8 C
[   8.86] 28 F1 39 AD 0B 00 00 D9: 22.7 C
[   8.86] -------------------------------
[   9.64] 28 20 78 92 07 00 00 67: 22.6 C
[   9.67] 28 78 B8 AC 0B 00 00 2C: 22.7 C
[   9.70] 28 64 69 AB 0B 00 00 1F: 22.8 C
[   9.73] 28 FC AE AA 0B 00 00 F3: 22.8 C
[   9.75] 28 C6 BB 4E 04 00 00 67: 22.4 C
[   9.78] 28 7E 63 AD 0B 00 00 3F: 22.8 C
[   9.81] 28 F1 39 AD 0B 00 00 D9: 22.7 C
[   9.81] -------------------------------
[  10.59] 28 20 78 92 07 00 00 67: 22.6 C
[  10.62] 28 78 B8 AC 0B 00 00 2C: 22.8 C
[  10.65] 28 64 69 AB 0B 00 00 1F: 22.8 C
[  10.67] 28 FC AE AA 0B 00 00 F3: 22.8 C
[  10.70] 28 C6 BB 4E 04 00 00 67: 22.4 C
[  10.73] 28 7E 63 AD 0B 00 00 3F: 22.8 C
[  10.76] 28 F1 39 AD 0B 00 00 D9: 22.7 C
[  10.76] -------------------------------
[  11.54] 28 20 78 92 07 00 00 67: 22.6 C
[  11.56] 28 78 B8 AC 0B 00 00 2C: 22.8 C
[  11.59] 28 64 69 AB 0B 00 00 1F: 22.8 C
[  11.62] 28 FC AE AA 0B 00 00 F3: 22.8 C
[  11.65] 28 C6 BB 4E 04 00 00 67: 22.3 C
[  11.68] 28 7E 63 AD 0B 00 00 3F: 22.8 C
[  11.70] 28 F1 39 AD 0B 00 00 D9: 22.7 C
[  11.71] -------------------------------
[  12.48] 28 20 78 92 07 00 00 67: 22.6 C
[  12.51] 28 78 B8 AC 0B 00 00 2C: 22.8 C
[  12.54] 28 64 69 AB 0B 00 00 1F: 22.8 C
[  12.57] 28 FC AE AA 0B 00 00 F3: 22.8 C
[  12.60] 28 C6 BB 4E 04 00 00 67: 22.4 C
[  12.62] 28 7E 63 AD 0B 00 00 3F: 22.8 C
[  12.65] 28 F1 39 AD 0B 00 00 D9: 22.8 C
[  12.65] -------------------------------
[  13.43] 28 20 78 92 07 00 00 67: 22.6 C
[  13.46] 28 78 B8 AC 0B 00 00 2C: 22.8 C
[  13.49] 28 64 69 AB 0B 00 00 1F: 22.8 C
[  13.52] 28 FC AE AA 0B 00 00 F3: 22.8 C
[  13.54] 28 C6 BB 4E 04 00 00 67: 22.4 C
[  13.57] 28 7E 63 AD 0B 00 00 3F: 22.8 C
[  13.60] 28 F1 39 AD 0B 00 00 D9: 22.8 C
[  13.60] -------------------------------
[  14.38] 28 20 78 92 07 00 00 67: 22.6 C
[  14.41] 28 78 B8 AC 0B 00 00 2C: 22.8 C
[  14.44] 28 64 69 AB 0B 00 00 1F: 22.8 C
[  14.46] 28 FC AE AA 0B 00 00 F3: 22.8 C
[  14.49] 28 C6 BB 4E 04 00 00 67: 22.4 C
[  14.52] 28 7E 63 AD 0B 00 00 3F: 22.8 C
[  14.55] 28 F1 39 AD 0B 00 00 D9: 22.7 C
[  14.55] -------------------------------
[  15.33] 28 20 78 92 07 00 00 67: 22.6 C
[  15.36] 28 78 B8 AC 0B 00 00 2C: 22.8 C
[  15.38] 28 64 69 AB 0B 00 00 1F: 22.8 C
[  15.41] 28 FC AE AA 0B 00 00 F3: 22.8 C
[  15.44] 28 C6 BB 4E 04 00 00 67: 22.4 C
[  15.47] 28 7E 63 AD 0B 00 00 3F: 22.8 C
[  15.49] 28 F1 39 AD 0B 00 00 D9: 22.8 C
[  15.50] -------------------------------
[  16.28] 28 20 78 92 07 00 00 67: 22.6 C
[  16.30] 28 78 B8 AC 0B 00 00 2C: 22.8 C
[  16.33] 28 64 69 AB 0B 00 00 1F: 22.8 C
[  16.36] 28 FC AE AA 0B 00 00 F3: 22.8 C
[  16.39] 28 C6 BB 4E 04 00 00 67: 22.4 C
[  16.41] 28 7E 63 AD 0B 00 00 3F: 22.8 C
[  16.44] 28 F1 39 AD 0B 00 00 D9: 22.8 C
[  16.44] -------------------------------
[  17.22] 28 20 78 92 07 00 00 67: 22.6 C
[  17.25] 28 78 B8 AC 0B 00 00 2C: 22.8 C
[  17.28] 28 64 69 AB 0B 00 00 1F: 22.8 C
[  17.31] 28 FC AE AA 0B 00 00 F3: 22.8 C
[  17.33] 28 C6 BB 4E 04 00 00 67: 22.4 C
[  17.36] 28 7E 63 AD 0B 00 00 3F: 22.8 C
[  17.39] 28 F1 39 AD 0B 00 00 D9: 22.8 C
[  17.39] -------------------------------
[  18.17] 28 20 78 92 07 00 00 67: 22.6 C
[  18.20] 28 78 B8 AC 0B 00 00 2C: 22.8 C
[  18.23] 28 64 69 AB 0B 00 00 1F: 22.8 C
[  18.25] 28 FC AE AA 0B 00 00 F3: 22.9 C
[  18.28] 28 C6 BB 4E 04 00 00 67: 22.4 C
[  18.31] 28 7E 63 AD 0B 00 00 3F: 22.8 C
[  18.34] 28 F1 39 AD 0B 00 00 D9: 22.8 C
[  18.34] -------------------------------
[  19.12] 28 20 78 92 07 00 00 67: 22.6 C
[  19.15] 28 78 B8 AC 0B 00 00 2C: 22.8 C
[  19.17] 28 64 69 AB 0B 00 00 1F: 22.8 C
[  19.20] 28 FC AE AA 0B 00 00 F3: 22.8 C
[  19.23] 28 C6 BB 4E 04 00 00 67: 22.4 C
[  19.26] 28 7E 63 AD 0B 00 00 3F: 22.8 C
[  19.28] 28 F1 39 AD 0B 00 00 D9: 22.8 C
[  19.29] -------------------------------
[  20.07] 28 20 78 92 07 00 00 67: 22.6 C
[  20.09] 28 78 B8 AC 0B 00 00 2C: 22.8 C
[  20.12] 28 64 69 AB 0B 00 00 1F: 22.8 C
[  20.15] 28 FC AE AA 0B 00 00 F3: 22.9 C
[  20.18] 28 C6 BB 4E 04 00 00 67: 22.4 C
[  20.20] 28 7E 63 AD 0B 00 00 3F: 22.8 C
[  20.23] 28 F1 39 AD 0B 00 00 D9: 22.8 C
[  20.24] -------------------------------
[  21.01] 28 20 78 92 07 00 00 67: 22.6 C
[  21.04] 28 78 B8 AC 0B 00 00 2C: 22.8 C
[  21.07] 28 64 69 AB 0B 00 00 1F: 22.8 C
[  21.10] 28 FC AE AA 0B 00 00 F3: 22.9 C
[  21.12] 28 C6 BB 4E 04 00 00 67: 22.4 C
[  21.15] 28 7E 63 AD 0B 00 00 3F: 22.9 C
[  21.18] 28 F1 39 AD 0B 00 00 D9: 22.8 C
[  21.18] -------------------------------
[  21.96] 28 20 78 92 07 00 00 67: 22.6 C
[  21.99] 28 78 B8 AC 0B 00 00 2C: 22.8 C
[  22.02] 28 64 69 AB 0B 00 00 1F: 22.8 C
[  22.04] 28 FC AE AA 0B 00 00 F3: 22.9 C
[  22.07] 28 C6 BB 4E 04 00 00 67: 22.4 C
[  22.10] 28 7E 63 AD 0B 00 00 3F: 22.9 C
[  22.13] 28 F1 39 AD 0B 00 00 D9: 22.8 C
[  22.13] -------------------------------
[  22.91] 28 20 78 92 07 00 00 67: 22.6 C
[  22.94] 28 78 B8 AC 0B 00 00 2C: 22.8 C
[  22.96] 28 64 69 AB 0B 00 00 1F: 22.8 C
[  22.99] 28 FC AE AA 0B 00 00 F3: 22.9 C
[  23.02] 28 C6 BB 4E 04 00 00 67: 22.4 C
[  23.05] 28 7E 63 AD 0B 00 00 3F: 22.9 C
[  23.08] 28 F1 39 AD 0B 00 00 D9: 22.8 C
[  23.08] -------------------------------
[  23.86] 28 20 78 92 07 00 00 67: 22.6 C
[  23.88] 28 78 B8 AC 0B 00 00 2C: 22.8 C
[  23.91] 28 64 69 AB 0B 00 00 1F: 22.8 C
[  23.94] 28 FC AE AA 0B 00 00 F3: 22.8 C
[  23.97] 28 C6 BB 4E 04 00 00 67: 22.4 C
[  23.99] 28 7E 63 AD 0B 00 00 3F: 22.9 C
[  24.02] 28 F1 39 AD 0B 00 00 D9: 22.8 C
[  24.03] -------------------------------
[  24.80] 28 20 78 92 07 00 00 67: 22.6 C
[  24.83] 28 78 B8 AC 0B 00 00 2C: 22.8 C
[  24.86] 28 64 69 AB 0B 00 00 1F: 22.8 C
[  24.89] 28 FC AE AA 0B 00 00 F3: 22.9 C
[  24.91] 28 C6 BB 4E 04 00 00 67: 22.4 C
[  24.94] 28 7E 63 AD 0B 00 00 3F: 22.9 C
[  24.97] 28 F1 39 AD 0B 00 00 D9: 22.8 C
[  24.97] -------------------------------
[  25.75] 28 20 78 92 07 00 00 67: 22.6 C
[  25.78] 28 78 B8 AC 0B 00 00 2C: 22.8 C
[  25.81] 28 64 69 AB 0B 00 00 1F: 22.8 C
[  25.83] 28 FC AE AA 0B 00 00 F3: 22.8 C
[  25.86] 28 C6 BB 4E 04 00 00 67: 22.4 C
[  25.89] 28 7E 63 AD 0B 00 00 3F: 22.9 C
[  25.92] 28 F1 39 AD 0B 00 00 D9: 22.8 C
[  25.92] -------------------------------
[  26.70] 28 20 78 92 07 00 00 67: 22.6 C
[  26.73] 28 78 B8 AC 0B 00 00 2C: 22.8 C
[  26.75] 28 64 69 AB 0B 00 00 1F: 22.8 C
[  26.78] 28 FC AE AA 0B 00 00 F3: 22.8 C
[  26.81] 28 C6 BB 4E 04 00 00 67: 22.4 C
[  26.84] 28 7E 63 AD 0B 00 00 3F: 22.9 C
[  26.87] 28 F1 39 AD 0B 00 00 D9: 22.8 C
[  26.87] -------------------------------
[  27.65] 28 20 78 92 07 00 00 67: 22.6 C
[  27.67] 28 78 B8 AC 0B 00 00 2C: 22.8 C
[  27.70] 28 64 69 AB 0B 00 00 1F: 22.8 C
[  27.73] 28 FC AE AA 0B 00 00 F3: 22.9 C
[  27.76] 28 C6 BB 4E 04 00 00 67: 22.4 C
[  27.79] 28 7E 63 AD 0B 00 00 3F: 22.9 C
[  27.81] 28 F1 39 AD 0B 00 00 D9: 22.8 C
[  27.82] -------------------------------
[  28.59] 28 20 78 92 07 00 00 67: 22.6 C
[  28.62] 28 78 B8 AC 0B 00 00 2C: 22.8 C
[  28.65] 28 64 69 AB 0B 00 00 1F: 22.8 C
[  28.68] 28 FC AE AA 0B 00 00 F3: 22.9 C
[  28.70] 28 C6 BB 4E 04 00 00 67: 22.4 C
[  28.73] 28 7E 63 AD 0B 00 00 3F: 22.9 C
[  28.76] 28 F1 39 AD 0B 00 00 D9: 22.8 C
[  28.76] -------------------------------
[  29.54] 28 20 78 92 07 00 00 67: 22.6 C
[  29.57] 28 78 B8 AC 0B 00 00 2C: 22.8 C
[  29.60] 28 64 69 AB 0B 00 00 1F: 22.8 C
[  29.62] 28 FC AE AA 0B 00 00 F3: 22.9 C
[  29.65] 28 C6 BB 4E 04 00 00 67: 22.4 C
[  29.68] 28 7E 63 AD 0B 00 00 3F: 22.9 C
[  29.71] 28 F1 39 AD 0B 00 00 D9: 22.8 C
[  29.71] -------------------------------
[  30.49] 28 20 78 92 07 00 00 67: 22.6 C
[  30.52] 28 78 B8 AC 0B 00 00 2C: 22.8 C
[  30.54] 28 64 69 AB 0B 00 00 1F: 22.8 C
[  30.57] 28 FC AE AA 0B 00 00 F3: 22.8 C
[  30.60] 28 C6 BB 4E 04 00 00 67: 22.4 C
[  30.63] 28 7E 63 AD 0B 00 00 3F: 22.9 C
[  30.66] 28 F1 39 AD 0B 00 00 D9: 22.8 C
[  30.66] -------------------------------
[  31.44] 28 20 78 92 07 00 00 67: 22.6 C
[  31.46] 28 78 B8 AC 0B 00 00 2C: 22.8 C
[  31.49] 28 64 69 AB 0B 00 00 1F: 22.8 C
[  31.52] 28 FC AE AA 0B 00 00 F3: 22.9 C
[  31.55] 28 C6 BB 4E 04 00 00 67: 22.4 C
[  31.58] 28 7E 63 AD 0B 00 00 3F: 22.9 C
[  31.60] 28 F1 39 AD 0B 00 00 D9: 22.8 C
[  31.61] -------------------------------
[  32.38] 28 20 78 92 07 00 00 67: 22.7 C
[  32.41] 28 78 B8 AC 0B 00 00 2C: 22.8 C
[  32.44] 28 64 69 AB 0B 00 00 1F: 22.8 C
[  32.47] 28 FC AE AA 0B 00 00 F3: 22.9 C
[  32.50] 28 C6 BB 4E 04 00 00 67: 22.4 C
[  32.52] 28 7E 63 AD 0B 00 00 3F: 22.9 C
[  32.55] 28 F1 39 AD 0B 00 00 D9: 22.8 C
[  32.55] -------------------------------
[  33.33] 28 20 78 92 07 00 00 67: 22.6 C
[  33.36] 28 78 B8 AC 0B 00 00 2C: 22.8 C
[  33.39] 28 64 69 AB 0B 00 00 1F: 22.8 C
[  33.41] 28 FC AE AA 0B 00 00 F3: 22.9 C
[  33.44] 28 C6 BB 4E 04 00 00 67: 22.4 C
[  33.47] 28 7E 63 AD 0B 00 00 3F: 22.9 C
[  33.50] 28 F1 39 AD 0B 00 00 D9: 22.8 C
[  33.50] -------------------------------
[  34.28] 28 20 78 92 07 00 00 67: 22.6 C
[  34.31] 28 78 B8 AC 0B 00 00 2C: 22.8 C
[  34.33] 28 64 69 AB 0B 00 00 1F: 22.8 C
[  34.36] 28 FC AE AA 0B 00 00 F3: 22.9 C
[  34.39] 28 C6 BB 4E 04 00 00 67: 22.4 C
[  34.42] 28 7E 63 AD 0B 00 00 3F: 22.9 C
[  34.45] 28 F1 39 AD 0B 00 00 D9: 22.8 C
[  34.45] -------------------------------
[  35.23] 28 20 78 92 07 00 00 67: 22.7 C
[  35.25] 28 78 B8 AC 0B 00 00 2C: 22.8 C
[  35.28] 28 64 69 AB 0B 00 00 1F: 22.8 C
[  35.31] 28 FC AE AA 0B 00 00 F3: 22.9 C
[  35.34] 28 C6 BB 4E 04 00 00 67: 22.4 C
[  35.37] 28 7E 63 AD 0B 00 00 3F: 22.9 C
[  35.39] 28 F1 39 AD 0B 00 00 D9: 22.8 C
[  35.40] -------------------------------
[  36.17] 28 20 78 92 07 00 00 67: 22.6 C
[  36.20] 28 78 B8 AC 0B 00 00 2C: 22.8 C
[  36.23] 28 64 69 AB 0B 00 00 1F: 22.8 C
[  36.26] 28 FC AE AA 0B 00 00 F3: 22.9 C
[  36.29] 28 C6 BB 4E 04 00 00 67: 22.4 C
[  36.31] 28 7E 63 AD 0B 00 00 3F: 22.9 C
[  36.34] 28 F1 39 AD 0B 00 00 D9: 22.8 C
[  36.34] -------------------------------
[  37.12] 28 20 78 92 07 00 00 67: 22.7 C
[  37.15] 28 78 B8 AC 0B 00 00 2C: 22.8 C
[  37.18] 28 64 69 AB 0B 00 00 1F: 22.8 C
[  37.21] 28 FC AE AA 0B 00 00 F3: 22.9 C
[  37.23] 28 C6 BB 4E 04 00 00 67: 22.4 C
[  37.26] 28 7E 63 AD 0B 00 00 3F: 22.9 C
[  37.29] 28 F1 39 AD 0B 00 00 D9: 22.8 C
[  37.29] -------------------------------
[  38.07] 28 20 78 92 07 00 00 67: 22.6 C
[  38.10] 28 78 B8 AC 0B 00 00 2C: 22.8 C
[  38.13] 28 64 69 AB 0B 00 00 1F: 22.8 C
[  38.15] 28 FC AE AA 0B 00 00 F3: 22.9 C
[  38.18] 28 C6 BB 4E 04 00 00 67: 22.4 C
[  38.21] 28 7E 63 AD 0B 00 00 3F: 22.9 C
[  38.24] 28 F1 39 AD 0B 00 00 D9: 22.8 C
[  38.24] -------------------------------
[  39.02] 28 20 78 92 07 00 00 67: 22.7 C
[  39.04] 28 78 B8 AC 0B 00 00 2C: 22.8 C
[  39.07] 28 64 69 AB 0B 00 00 1F: 22.8 C
[  39.10] 28 FC AE AA 0B 00 00 F3: 22.9 C
[  39.13] 28 C6 BB 4E 04 00 00 67: 22.4 C
[  39.16] 28 7E 63 AD 0B 00 00 3F: 22.9 C
[  39.18] 28 F1 39 AD 0B 00 00 D9: 22.8 C
[  39.19] -------------------------------
[  39.96] 28 20 78 92 07 00 00 67: 22.7 C
[  39.99] 28 78 B8 AC 0B 00 00 2C: 22.8 C
[  40.02] 28 64 69 AB 0B 00 00 1F: 22.8 C
