# COM5 115200 t0=19:47:40
[   0.04] 28 20 78 92 07 00 00 67: 22.7 C
[   0.07] 28 78 B8 AC 0B 00 00 2C: 22.9 C
[   0.10] 28 64 69 AB 0B 00 00 1F: 22.8 C
[   0.13] 28 FC AE AA 0B 00 00 F3: 22.9 C
[   0.16] 28 C6 BB 4E 04 00 00 67: 22.5 C
[   0.18] 28 7E 63 AD 0B 00 00 3F: 22.9 C
[   0.21] 28 F1 39 AD 0B 00 00 D9: 22.9 C
[   0.21] -------------------------------
[   0.99] 28 20 78 92 07 00 00 67: 22.7 C
[   1.02] 28 78 B8 AC 0B 00 00 2C: 22.9 C
[   1.05] 28 64 69 AB 0B 00 00 1F: 22.9 C
[   1.08] 28 FC AE AA 0B 00 00 F3: 22.9 C
[   1.10] 28 C6 BB 4E 04 00 00 67: 22.5 C
[   1.13] 28 7E 63 AD 0B 00 00 3F: 22.9 C
[   1.16] 28 F1 39 AD 0B 00 00 D9: 22.9 C
[   1.16] -------------------------------
[   1.94] 28 20 78 92 07 00 00 67: 22.7 C
[   1.97] 28 78 B8 AC 0B 00 00 2C: 22.9 C
[   2.00] 28 64 69 AB 0B 00 00 1F: 22.8 C
[   3.03] DS18B20 5_commands starting...
[   3.03] Searching 1-Wire bus...
[   3.06]   ROM: 28 20 78 92 07 00 00 67
[   3.10]   ROM: 28 78 B8 AC 0B 00 00 2C
[   3.13]   ROM: 28 64 69 AB 0B 00 00 1F
[   3.17]   ROM: 28 FC AE AA 0B 00 00 F3
[   3.21]   ROM: 28 C6 BB 4E 04 00 00 67
[   3.24]   ROM: 28 7E 63 AD 0B 00 00 3F
[   3.28]   ROM: 28 F1 39 AD 0B 00 00 D9
[   3.28] Found 7 device(s).
[   3.28] Read Power Supply (0xB4):
[   3.29]   power supply: parasite
[   3.30] Read Scratchpad (0xBE) - baseline:
[   3.32]   6B 01 00 00 7F FF 05 10 B1  CRC ok  TH=0x00 TL=0x00  res=12bit
[   3.33] Write Scratchpad (0x4E): TH=0x19 TL=0x0F
[   3.34] Scratchpad after threshold write:
[   3.37]   6B 01 19 0F 7F FF 05 10 13  CRC ok  TH=0x19 TL=0x0F  res=12bit
[   3.37] Copy Scratchpad (0x48) -> EEPROM (10ms hold-off):
[   3.39]   copied to EEPROM
[   3.40] Write Scratchpad (0x4E): TH=0x05 TL=0x02 (volatile only)
[   3.41] Scratchpad after second write:
[   3.44]   6B 01 05 02 7F FF 05 10 D9  CRC ok  TH=0x05 TL=0x02  res=12bit
[   3.45] Recall EEPROM (0xB8) -> scratchpad (10ms hold-off):
[   3.46]   EEPROM copy loaded back
[   3.47] Scratchpad after Recall (EEPROM copy restored):
[   3.49]   6B 01 19 0F 7F FF 05 10 13  CRC ok  TH=0x19 TL=0x0F  res=12bit
[   3.50] Read ROM (0x33) - single-device command:
[   3.51]   ROM: 28 00 20 00 00 00 00 00  CRC fail (valid only with one device on the bus)
[   3.51] Command demo done. Measuring selected device:
[   4.29] 22.7 C
[   5.08] 22.7 C
[   5.87] 22.7 C
[   6.67] 22.7 C
[   7.46] 22.7 C
[   8.25] 22.7 C
[   9.04] 22.7 C
[   9.83] 22.8 C
[  10.62] 22.7 C
[  11.41] 22.7 C
[  12.20] 22.8 C
[  12.99] 22.8 C
[  13.78] 22.8 C
[  14.57] 22.8 C
[  15.36] 22.7 C
[  16.16] 22.7 C
[  16.95] 22.8 C
[  17.74] 22.8 C
[  18.53] 22.8 C
[  19.32] 22.8 C
[  20.11] 22.8 C
[  20.90] 22.8 C
[  21.69] 22.8 C
[  22.48] 22.8 C
[  23.27] 22.8 C
[  24.06] 22.8 C
[  24.86] 22.8 C
[  25.65] 22.8 C
[  26.44] 22.8 C
[  27.23] 22.8 C
[  28.02] 22.8 C
[  28.81] 22.8 C
[  29.60] 22.8 C
[  30.39] 22.8 C
[  31.18] 22.8 C
[  31.97] 22.8 C
[  32.76] 22.8 C
[  33.55] 22.8 C
[  34.35] 22.8 C
[  35.14] 22.8 C
[  35.93] 22.8 C
[  36.72] 22.8 C
[  37.51] 22.8 C
[  38.30] 22.8 C
[  39.09] 22.8 C
[  39.88] 22.8 C
