# COM5 115200 t0=19:33:04
[   0.13] 28 20 78 92 07 00 00 67: 22.5 C
[   0.16] 28 78 B8 AC 0B 00 00 2C: 22.7 C
[   0.18] 28 64 69 AB 0B 00 00 1F: 22.7 C
[   0.21] 28 FC AE AA 0B 00 00 F3: 22.8 C
[   0.24] 28 C6 BB 4E 04 00 00 67: 22.2 C
[   0.27] 28 7E 63 AD 0B 00 00 3F: 22.8 C
[   0.30] 28 F1 39 AD 0B 00 00 D9: 22.6 C
[   0.30] -------------------------------
[   1.08] 28 20 78 92 07 00 00 67: 22.5 C
[   1.10] 28 78 B8 AC 0B 00 00 2C: 22.7 C
[   1.13] 28 64 69 AB 0B 00 00 1F: 22.7 C
[   1.16] 28 FC AE AA 0B 00 00 F3: 22.8 C
[   1.19] 28 C6 BB 4E 04 00 00 67: 22.2 C
[   1.22] 28 7E 63 AD 0B 00 00 3F: 22.8 C
[   1.24] 28 F1 39 AD 0B 00 00 D9: 22.6 C
[   1.25] -------------------------------
[   2.02] 28 20 78 92 07 00 00 67: 22.5 C
[   2.95] DS18B20 5_commands starting...
[   2.95] Searching 1-Wire bus...
[   2.99]   ROM: 28 20 78 92 07 00 00 67
[   3.02]   ROM: 28 78 B8 AC 0B 00 00 2C
[   3.06]   ROM: 28 64 69 AB 0B 00 00 1F
[   3.10]   ROM: 28 FC AE AA 0B 00 00 F3
[   3.13]   ROM: 28 C6 BB 4E 04 00 00 67
[   3.17]   ROM: 28 7E 63 AD 0B 00 00 3F
[   3.20]   ROM: 28 F1 39 AD 0B 00 00 D9
[   3.21] Found 7 device(s).
[   3.21] Read Power Supply (0xB4):
[   3.22]   power supply: parasite
[   3.22] Read Scratchpad (0xBE) - baseline:
[   3.25]   68 01 00 00 7F FF 08 10 FD  CRC ok  TH=0x00 TL=0x00  res=12bit
[   3.25] Write Scratchpad (0x4E): TH=0x19 TL=0x0F
[   3.27] Scratchpad after threshold write:
[   3.30]   68 01 19 0F 7F FF 08 10 5F  CRC ok  TH=0x19 TL=0x0F  res=12bit
[   3.30] Copy Scratchpad (0x48) -> EEPROM (10ms hold-off):
[   3.32]   copied to EEPROM
[   3.32] Write Scratchpad (0x4E): TH=0x05 TL=0x02 (volatile only)
[   3.34] Scratchpad after second write:
[   3.37]   68 01 05 02 7F FF 08 10 95  CRC ok  TH=0x05 TL=0x02  res=12bit
[   3.37] Recall EEPROM (0xB8) -> scratchpad (10ms hold-off):
[   3.39]   EEPROM copy loaded back
[   3.39] Scratchpad after Recall (EEPROM copy restored):
[   3.42]   68 01 19 0F 7F FF 08 10 5F  CRC ok  TH=0x19 TL=0x0F  res=12bit
[   3.42] Read ROM (0x33) - single-device command:
[   3.43]   ROM: 28 00 20 00 00 00 00 00  CRC fail (valid only with one device on the bus)
[   3.44] Command demo done. Measuring selected device:
[   4.22] 22.5 C
[   5.01] 22.5 C
[   5.80] 22.5 C
[   6.59] 22.6 C
[   7.38] 22.5 C
[   8.17] 22.6 C
[   8.96] 22.6 C
[   9.75] 22.6 C
[  10.55] 22.6 C
[  11.34] 22.6 C
[  12.13] 22.6 C
[  12.92] 22.6 C
[  13.71] 22.6 C
[  14.50] 22.6 C
[  15.29] 22.6 C
[  16.08] 22.6 C
[  16.87] 22.6 C
[  17.66] 22.6 C
[  18.45] 22.6 C
[  19.25] 22.6 C
[  20.04] 22.6 C
[  20.83] 22.6 C
[  21.62] 22.6 C
[  22.41] 22.6 C
[  23.20] 22.6 C
[  23.99] 22.6 C
[  24.78] 22.6 C
[  25.57] 22.6 C
[  26.36] 22.6 C
[  27.15] 22.6 C
[  27.94] 22.6 C
[  28.74] 22.6 C
[  29.53] 22.6 C
[  30.32] 22.6 C
[  31.11] 22.6 C
[  31.90] 22.6 C
[  32.69] 22.6 C
[  33.48] 22.6 C
[  34.27] 22.6 C
[  35.06] 22.6 C
[  35.85] 22.6 C
[  36.64] 22.6 C
[  37.44] 22.6 C
[  38.23] 22.6 C
[  39.02] 22.6 C
[  39.81] 22.6 C
