# COM5 115200 t0=19:38:37
[   0.41] 22.7 C
[   1.21] 22.6 C
[   2.00] 22.6 C
[   2.91] DS18B20 6_statistics (stats) starting...
[   2.95]   ROM: 28 20 78 92 07 00 00 67
[   2.98]   ROM: 28 78 B8 AC 0B 00 00 2C
[   3.02]   ROM: 28 64 69 AB 0B 00 00 1F
[   3.06]   ROM: 28 FC AE AA 0B 00 00 F3
[   3.09]   ROM: 28 C6 BB 4E 04 00 00 67
[   3.13]   ROM: 28 7E 63 AD 0B 00 00 3F
[   3.17]   ROM: 28 F1 39 AD 0B 00 00 D9
[   3.17] Found 7 device(s).
[   3.17]   stats dump every 10 sweeps (70 samples with 7 devices)
[   3.96] 28 20 78 92 07 00 00 67: 22.6 C
[   4.75] 28 78 B8 AC 0B 00 00 2C: 22.6 C
[   5.54] 28 64 69 AB 0B 00 00 1F: 22.7 C
[   6.33] 28 FC AE AA 0B 00 00 F3: 22.8 C
[   7.12] 28 C6 BB 4E 04 00 00 67: 22.3 C
[   7.91] 28 7E 63 AD 0B 00 00 3F: 22.7 C
[   8.71] 28 F1 39 AD 0B 00 00 D9: 22.6 C
[   8.71] ---
[   9.50] 28 20 78 92 07 00 00 67: 22.6 C
[  10.29] 28 78 B8 AC 0B 00 00 2C: 22.6 C
[  11.08] 28 64 69 AB 0B 00 00 1F: 22.7 C
[  11.87] 28 FC AE AA 0B 00 00 F3: 22.7 C
[  12.66] 28 C6 BB 4E 04 00 00 67: 22.3 C
[  13.46] 28 7E 63 AD 0B 00 00 3F: 22.7 C
[  14.25] 28 F1 39 AD 0B 00 00 D9: 22.6 C
[  14.25] ---
[  15.04] 28 20 78 92 07 00 00 67: 22.6 C
[  15.83] 28 78 B8 AC 0B 00 00 2C: 22.6 C
[  16.62] 28 64 69 AB 0B 00 00 1F: 22.7 C
[  17.41] 28 FC AE AA 0B 00 00 F3: 22.8 C
[  18.21] 28 C6 BB 4E 04 00 00 67: 22.3 C
[  19.00] 28 7E 63 AD 0B 00 00 3F: 22.7 C
[  19.79] 28 F1 39 AD 0B 00 00 D9: 22.6 C
[  19.79] ---
[  20.58] 28 20 78 92 07 00 00 67: 22.6 C
[  21.37] 28 78 B8 AC 0B 00 00 2C: 22.6 C
[  22.16] 28 64 69 AB 0B 00 00 1F: 22.7 C
[  22.95] 28 FC AE AA 0B 00 00 F3: 22.8 C
[  23.75] 28 C6 BB 4E 04 00 00 67: 22.3 C
[  24.54] 28 7E 63 AD 0B 00 00 3F: 22.7 C
[  25.33] 28 F1 39 AD 0B 00 00 D9: 22.6 C
[  25.33] ---
[  26.12] 28 20 78 92 07 00 00 67: 22.6 C
[  26.91] 28 78 B8 AC 0B 00 00 2C: 22.6 C
[  27.70] 28 64 69 AB 0B 00 00 1F: 22.7 C
[  28.50] 28 FC AE AA 0B 00 00 F3: 22.8 C
[  29.29] 28 C6 BB 4E 04 00 00 67: 22.3 C
[  30.08] 28 7E 63 AD 0B 00 00 3F: 22.7 C
[  30.87] 28 F1 39 AD 0B 00 00 D9: 22.6 C
[  30.87] ---
[  31.66] 28 20 78 92 07 00 00 67: 22.6 C
[  32.45] 28 78 B8 AC 0B 00 00 2C: 22.6 C
[  33.25] 28 64 69 AB 0B 00 00 1F: 22.7 C
[  34.04] 28 FC AE AA 0B 00 00 F3: 22.8 C
[  34.83] 28 C6 BB 4E 04 00 00 67: 22.3 C
[  35.62] 28 7E 63 AD 0B 00 00 3F: 22.7 C
[  36.41] 28 F1 39 AD 0B 00 00 D9: 22.6 C
[  36.41] ---
[  37.20] 28 20 78 92 07 00 00 67: 22.6 C
[  38.00] 28 78 B8 AC 0B 00 00 2C: 22.6 C
[  38.79] 28 64 69 AB 0B 00 00 1F: 22.7 C
[  39.58] 28 FC AE AA 0B 00 00 F3: 22.8 C
