# COM5 115200 t0=19:28:54
[   0.61] 22.5 C
[   1.40] 22.5 C
[   2.92] DS18B20 6_statistics (stats) starting...
[   2.96]   ROM: 28 20 78 92 07 00 00 67
[   3.00]   ROM: 28 78 B8 AC 0B 00 00 2C
[   3.03]   ROM: 28 64 69 AB 0B 00 00 1F
[   3.07]   ROM: 28 FC AE AA 0B 00 00 F3
[   3.10]   ROM: 28 C6 BB 4E 04 00 00 67
[   3.14]   ROM: 28 7E 63 AD 0B 00 00 3F
[   3.18]   ROM: 28 F1 39 AD 0B 00 00 D9
[   3.18] Found 7 device(s).
[   3.18]   stats dump every 10 sweeps (70 samples with 7 devices)
[   3.97] 28 20 78 92 07 00 00 67: 22.4 C
[   4.76] 28 78 B8 AC 0B 00 00 2C: 22.5 C
[   5.55] 28 64 69 AB 0B 00 00 1F: 22.5 C
[   6.34] 28 FC AE AA 0B 00 00 F3: 22.6 C
[   7.13] 28 C6 BB 4E 04 00 00 67: 22.1 C
[   7.93] 28 7E 63 AD 0B 00 00 3F: 22.6 C
[   8.72] 28 F1 39 AD 0B 00 00 D9: 22.4 C
[   8.72] ---
[   9.51] 28 20 78 92 07 00 00 67: 22.4 C
[  10.30] 28 78 B8 AC 0B 00 00 2C: 22.5 C
[  11.09] 28 64 69 AB 0B 00 00 1F: 22.5 C
[  11.88] 28 FC AE AA 0B 00 00 F3: 22.6 C
[  12.67] 28 C6 BB 4E 04 00 00 67: 22.1 C
[  13.47] 28 7E 63 AD 0B 00 00 3F: 22.6 C
[  14.26] 28 F1 39 AD 0B 00 00 D9: 22.4 C
[  14.26] ---
[  15.05] 28 20 78 92 07 00 00 67: 22.4 C
[  15.84] 28 78 B8 AC 0B 00 00 2C: 22.5 C
[  16.63] 28 64 69 AB 0B 00 00 1F: 22.5 C
[  17.42] 28 FC AE AA 0B 00 00 F3: 22.6 C
[  18.22] 28 C6 BB 4E 04 00 00 67: 22.1 C
[  19.01] 28 7E 63 AD 0B 00 00 3F: 22.6 C
[  19.80] 28 F1 39 AD 0B 00 00 D9: 22.4 C
[  19.80] ---
[  20.59] 28 20 78 92 07 00 00 67: 22.4 C
[  21.38] 28 78 B8 AC 0B 00 00 2C: 22.5 C
[  22.17] 28 64 69 AB 0B 00 00 1F: 22.5 C
[  22.97] 28 FC AE AA 0B 00 00 F3: 22.6 C
[  23.76] 28 C6 BB 4E 04 00 00 67: 22.1 C
[  24.55] 28 7E 63 AD 0B 00 00 3F: 22.6 C
[  25.34] 28 F1 39 AD 0B 00 00 D9: 22.4 C
[  25.34] ---
[  26.13] 28 20 78 92 07 00 00 67: 22.4 C
[  26.92] 28 78 B8 AC 0B 00 00 2C: 22.5 C
[  27.71] 28 64 69 AB 0B 00 00 1F: 22.5 C
[  28.51] 28 FC AE AA 0B 00 00 F3: 22.6 C
[  29.30] 28 C6 BB 4E 04 00 00 67: 22.1 C
[  30.09] 28 7E 63 AD 0B 00 00 3F: 22.6 C
[  30.88] 28 F1 39 AD 0B 00 00 D9: 22.4 C
[  30.88] ---
[  31.67] 28 20 78 92 07 00 00 67: 22.4 C
[  32.46] 28 78 B8 AC 0B 00 00 2C: 22.5 C
[  33.26] 28 64 69 AB 0B 00 00 1F: 22.5 C
[  34.05] 28 FC AE AA 0B 00 00 F3: 22.6 C
[  34.84] 28 C6 BB 4E 04 00 00 67: 22.1 C
[  35.63] 28 7E 63 AD 0B 00 00 3F: 22.6 C
[  36.42] 28 F1 39 AD 0B 00 00 D9: 22.4 C
[  36.42] ---
[  37.21] 28 20 78 92 07 00 00 67: 22.4 C
[  38.01] 28 78 B8 AC 0B 00 00 2C: 22.5 C
[  38.80] 28 64 69 AB 0B 00 00 1F: 22.5 C
[  39.59] 28 FC AE AA 0B 00 00 F3: 22.6 C
