# COM5 115200 t0=19:48:21
[   0.39] 22.8 C
[   1.18] 22.8 C
[   1.97] 22.8 C
[   2.90] DS18B20 6_statistics (stats) starting...
[   2.93]   ROM: 28 20 78 92 07 00 00 67
[   2.97]   ROM: 28 78 B8 AC 0B 00 00 2C
[   3.00]   ROM: 28 64 69 AB 0B 00 00 1F
[   3.04]   ROM: 28 FC AE AA 0B 00 00 F3
[   3.07]   ROM: 28 C6 BB 4E 04 00 00 67
[   3.11]   ROM: 28 7E 63 AD 0B 00 00 3F
[   3.15]   ROM: 28 F1 39 AD 0B 00 00 D9
[   3.15] Found 7 device(s).
[   3.15]   stats dump every 10 sweeps (70 samples with 7 devices)
[   3.94] 28 20 78 92 07 00 00 67: 22.8 C
[   4.73] 28 78 B8 AC 0B 00 00 2C: 22.8 C
[   5.52] 28 64 69 AB 0B 00 00 1F: 22.8 C
[   6.31] 28 FC AE AA 0B 00 00 F3: 22.8 C
[   7.11] 28 C6 BB 4E 04 00 00 67: 22.4 C
[   7.90] 28 7E 63 AD 0B 00 00 3F: 22.9 C
[   8.69] 28 F1 39 AD 0B 00 00 D9: 22.8 C
[   8.69] ---
[   9.48] 28 20 78 92 07 00 00 67: 22.7 C
[  10.27] 28 78 B8 AC 0B 00 00 2C: 22.8 C
[  11.06] 28 64 69 AB 0B 00 00 1F: 22.8 C
[  11.85] 28 FC AE AA 0B 00 00 F3: 22.9 C
[  12.65] 28 C6 BB 4E 04 00 00 67: 22.4 C
[  13.44] 28 7E 63 AD 0B 00 00 3F: 22.8 C
[  14.23] 28 F1 39 AD 0B 00 00 D9: 22.8 C
[  14.23] ---
[  15.02] 28 20 78 92 07 00 00 67: 22.7 C
[  15.81] 28 78 B8 AC 0B 00 00 2C: 22.8 C
[  16.60] 28 64 69 AB 0B 00 00 1F: 22.8 C
[  17.40] 28 FC AE AA 0B 00 00 F3: 22.9 C
[  18.19] 28 C6 BB 4E 04 00 00 67: 22.4 C
[  18.98] 28 7E 63 AD 0B 00 00 3F: 22.9 C
[  19.77] 28 F1 39 AD 0B 00 00 D9: 22.8 C
[  19.77] ---
[  20.56] 28 20 78 92 07 00 00 67: 22.7 C
[  21.35] 28 78 B8 AC 0B 00 00 2C: 22.8 C
[  22.15] 28 64 69 AB 0B 00 00 1F: 22.8 C
[  22.94] 28 FC AE AA 0B 00 00 F3: 22.9 C
[  23.73] 28 C6 BB 4E 04 00 00 67: 22.5 C
[  24.52] 28 7E 63 AD 0B 00 00 3F: 22.9 C
[  25.31] 28 F1 39 AD 0B 00 00 D9: 22.8 C
[  25.31] ---
[  26.10] 28 20 78 92 07 00 00 67: 22.7 C
[  26.89] 28 78 B8 AC 0B 00 00 2C: 22.8 C
[  27.69] 28 64 69 AB 0B 00 00 1F: 22.8 C
[  28.48] 28 FC AE AA 0B 00 00 F3: 22.9 C
[  29.27] 28 C6 BB 4E 04 00 00 67: 22.4 C
[  30.06] 28 7E 63 AD 0B 00 00 3F: 22.9 C
[  30.85] 28 F1 39 AD 0B 00 00 D9: 22.8 C
[  30.85] ---
[  31.64] 28 20 78 92 07 00 00 67: 22.7 C
[  32.44] 28 78 B8 AC 0B 00 00 2C: 22.8 C
[  33.23] 28 64 69 AB 0B 00 00 1F: 22.8 C
[  34.02] 28 FC AE AA 0B 00 00 F3: 22.9 C
[  34.81] 28 C6 BB 4E 04 00 00 67: 22.4 C
[  35.60] 28 7E 63 AD 0B 00 00 3F: 22.9 C
[  36.39] 28 F1 39 AD 0B 00 00 D9: 22.8 C
[  36.39] ---
[  37.19] 28 20 78 92 07 00 00 67: 22.7 C
[  37.98] 28 78 B8 AC 0B 00 00 2C: 22.8 C
[  38.77] 28 64 69 AB 0B 00 00 1F: 22.8 C
[  39.56] 28 FC AE AA 0B 00 00 F3: 22.9 C
