# COM5 115200 t0=19:33:45
[   0.40] 22.6 C
[   1.19] 22.6 C
[   1.98] 22.6 C
[   2.89] DS18B20 6_statistics (stats) starting...
[   2.92]   ROM: 28 20 78 92 07 00 00 67
[   2.96]   ROM: 28 78 B8 AC 0B 00 00 2C
[   3.00]   ROM: 28 64 69 AB 0B 00 00 1F
[   3.03]   ROM: 28 FC AE AA 0B 00 00 F3
[   3.07]   ROM: 28 C6 BB 4E 04 00 00 67
[   3.10]   ROM: 28 7E 63 AD 0B 00 00 3F
[   3.14]   ROM: 28 F1 39 AD 0B 00 00 D9
[   3.14] Found 7 device(s).
[   3.15]   stats dump every 10 sweeps (70 samples with 7 devices)
[   3.93] 28 20 78 92 07 00 00 67: 22.6 C
[   4.72] 28 78 B8 AC 0B 00 00 2C: 22.6 C
[   5.51] 28 64 69 AB 0B 00 00 1F: 22.6 C
[   6.31] 28 FC AE AA 0B 00 00 F3: 22.6 C
[   7.10] 28 C6 BB 4E 04 00 00 67: 22.1 C
[   7.89] 28 7E 63 AD 0B 00 00 3F: 22.6 C
[   8.68] 28 F1 39 AD 0B 00 00 D9: 22.5 C
[   8.68] ---
[   9.47] 28 20 78 92 07 00 00 67: 22.5 C
[  10.26] 28 78 B8 AC 0B 00 00 2C: 22.6 C
[  11.06] 28 64 69 AB 0B 00 00 1F: 22.6 C
[  11.85] 28 FC AE AA 0B 00 00 F3: 22.6 C
[  12.64] 28 C6 BB 4E 04 00 00 67: 22.1 C
[  13.43] 28 7E 63 AD 0B 00 00 3F: 22.6 C
[  14.22] 28 F1 39 AD 0B 00 00 D9: 22.6 C
[  14.22] ---
[  15.01] 28 20 78 92 07 00 00 67: 22.4 C
[  15.81] 28 78 B8 AC 0B 00 00 2C: 22.6 C
[  16.60] 28 64 69 AB 0B 00 00 1F: 22.6 C
[  17.39] 28 FC AE AA 0B 00 00 F3: 22.6 C
[  18.18] 28 C6 BB 4E 04 00 00 67: 22.1 C
[  18.97] 28 7E 63 AD 0B 00 00 3F: 22.6 C
[  19.76] 28 F1 39 AD 0B 00 00 D9: 22.5 C
[  19.76] ---
[  20.55] 28 20 78 92 07 00 00 67: 22.4 C
[  21.35] 28 78 B8 AC 0B 00 00 2C: 22.6 C
[  22.14] 28 64 69 AB 0B 00 00 1F: 22.6 C
[  22.93] 28 FC AE AA 0B 00 00 F3: 22.6 C
[  23.72] 28 C6 BB 4E 04 00 00 67: 22.1 C
[  24.51] 28 7E 63 AD 0B 00 00 3F: 22.6 C
[  25.30] 28 F1 39 AD 0B 00 00 D9: 22.6 C
[  25.30] ---
[  26.10] 28 20 78 92 07 00 00 67: 22.4 C
[  26.89] 28 78 B8 AC 0B 00 00 2C: 22.6 C
[  27.68] 28 64 69 AB 0B 00 00 1F: 22.6 C
[  28.47] 28 FC AE AA 0B 00 00 F3: 22.6 C
[  29.26] 28 C6 BB 4E 04 00 00 67: 22.1 C
[  30.05] 28 7E 63 AD 0B 00 00 3F: 22.6 C
[  30.85] 28 F1 39 AD 0B 00 00 D9: 22.5 C
[  30.85] ---
[  31.64] 28 20 78 92 07 00 00 67: 22.4 C
[  32.43] 28 78 B8 AC 0B 00 00 2C: 22.6 C
[  33.22] 28 64 69 AB 0B 00 00 1F: 22.6 C
[  34.01] 28 FC AE AA 0B 00 00 F3: 22.6 C
[  34.80] 28 C6 BB 4E 04 00 00 67: 22.1 C
[  35.59] 28 7E 63 AD 0B 00 00 3F: 22.6 C
[  36.39] 28 F1 39 AD 0B 00 00 D9: 22.5 C
[  36.39] ---
[  37.18] 28 20 78 92 07 00 00 67: 22.4 C
[  37.97] 28 78 B8 AC 0B 00 00 2C: 22.6 C
[  38.76] 28 64 69 AB 0B 00 00 1F: 22.6 C
[  39.55] 28 FC AE AA 0B 00 00 F3: 22.6 C
