# COM5 115200 t0=19:43:29
[   0.41] 22.8 C
[   1.20] 22.7 C
[   1.99] 22.7 C
[   2.91] DS18B20 6_statistics (stats) starting...
[   2.94]   ROM: 28 20 78 92 07 00 00 67
[   2.98]   ROM: 28 78 B8 AC 0B 00 00 2C
[   3.01]   ROM: 28 64 69 AB 0B 00 00 1F
[   3.05]   ROM: 28 FC AE AA 0B 00 00 F3
[   3.09]   ROM: 28 C6 BB 4E 04 00 00 67
[   3.12]   ROM: 28 7E 63 AD 0B 00 00 3F
[   3.16]   ROM: 28 F1 39 AD 0B 00 00 D9
[   3.16] Found 7 device(s).
[   3.16]   stats dump every 10 sweeps (70 samples with 7 devices)
[   3.95] 28 20 78 92 07 00 00 67: 22.7 C
[   4.74] 28 78 B8 AC 0B 00 00 2C: 22.8 C
[   5.53] 28 64 69 AB 0B 00 00 1F: 22.8 C
[   6.32] 28 FC AE AA 0B 00 00 F3: 22.8 C
[   7.12] 28 C6 BB 4E 04 00 00 67: 22.3 C
[   7.91] 28 7E 63 AD 0B 00 00 3F: 22.8 C
[   8.70] 28 F1 39 AD 0B 00 00 D9: 22.7 C
[   8.70] ---
[   9.49] 28 20 78 92 07 00 00 67: 22.7 C
[  10.28] 28 78 B8 AC 0B 00 00 2C: 22.8 C
[  11.07] 28 64 69 AB 0B 00 00 1F: 22.8 C
[  11.87] 28 FC AE AA 0B 00 00 F3: 22.8 C
[  12.66] 28 C6 BB 4E 04 00 00 67: 22.4 C
[  13.45] 28 7E 63 AD 0B 00 00 3F: 22.8 C
[  14.24] 28 F1 39 AD 0B 00 00 D9: 22.7 C
[  14.24] ---
[  15.03] 28 20 78 92 07 00 00 67: 22.6 C
[  15.82] 28 78 B8 AC 0B 00 00 2C: 22.8 C
[  16.62] 28 64 69 AB 0B 00 00 1F: 22.8 C
[  17.41] 28 FC AE AA 0B 00 00 F3: 22.8 C
[  18.20] 28 C6 BB 4E 04 00 00 67: 22.4 C
[  18.99] 28 7E 63 AD 0B 00 00 3F: 22.8 C
[  19.78] 28 F1 39 AD 0B 00 00 D9: 22.7 C
[  19.78] ---
[  20.57] 28 20 78 92 07 00 00 67: 22.6 C
[  21.36] 28 78 B8 AC 0B 00 00 2C: 22.8 C
[  22.16] 28 64 69 AB 0B 00 00 1F: 22.8 C
[  22.95] 28 FC AE AA 0B 00 00 F3: 22.8 C
[  23.74] 28 C6 BB 4E 04 00 00 67: 22.4 C
[  24.53] 28 7E 63 AD 0B 00 00 3F: 22.8 C
[  25.32] 28 F1 39 AD 0B 00 00 D9: 22.7 C
[  25.32] ---
[  26.11] 28 20 78 92 07 00 00 67: 22.6 C
[  26.91] 28 78 B8 AC 0B 00 00 2C: 22.8 C
[  27.70] 28 64 69 AB 0B 00 00 1F: 22.8 C
[  28.49] 28 FC AE AA 0B 00 00 F3: 22.8 C
[  29.28] 28 C6 BB 4E 04 00 00 67: 22.4 C
[  30.07] 28 7E 63 AD 0B 00 00 3F: 22.8 C
[  30.86] 28 F1 39 AD 0B 00 00 D9: 22.7 C
[  30.86] ---
[  31.66] 28 20 78 92 07 00 00 67: 22.6 C
[  32.45] 28 78 B8 AC 0B 00 00 2C: 22.8 C
[  33.24] 28 64 69 AB 0B 00 00 1F: 22.8 C
[  34.03] 28 FC AE AA 0B 00 00 F3: 22.8 C
[  34.82] 28 C6 BB 4E 04 00 00 67: 22.4 C
[  35.61] 28 7E 63 AD 0B 00 00 3F: 22.8 C
[  36.40] 28 F1 39 AD 0B 00 00 D9: 22.7 C
[  36.41] ---
[  37.20] 28 20 78 92 07 00 00 67: 22.6 C
[  37.99] 28 78 B8 AC 0B 00 00 2C: 22.8 C
[  38.78] 28 64 69 AB 0B 00 00 1F: 22.8 C
[  39.57] 28 FC AE AA 0B 00 00 F3: 22.8 C
