# COM5 115200 t0=19:39:19
[   0.28] 28 F1 39 AD 0B 00 00 D9: 22.6 C
[   0.28] ---
[   1.07] 28 20 78 92 07 00 00 67: 22.5 C
[   1.86] 28 78 B8 AC 0B 00 00 2C: 22.6 C
[   2.88] DS18B20 7_low_power (low power) starting...
[   2.89] Searching 1-Wire bus...
[   2.89] OW_PORT_LOW_POWER enabled - WFE sleep on stages > 1ms
[   2.92]   ROM: 28 20 78 92 07 00 00 67
[   2.96]   ROM: 28 78 B8 AC 0B 00 00 2C
[   2.99]   ROM: 28 64 69 AB 0B 00 00 1F
[   3.03]   ROM: 28 FC AE AA 0B 00 00 F3
[   3.06]   ROM: 28 C6 BB 4E 04 00 00 67
[   3.10]   ROM: 28 7E 63 AD 0B 00 00 3F
[   3.14]   ROM: 28 F1 39 AD 0B 00 00 D9
[   3.14] Found 7 device(s). Measuring each in turn (WFE sleep on long stages).
[   3.93] 28 20 78 92 07 00 00 67: 22.5 C
[   4.72] 28 78 B8 AC 0B 00 00 2C: 22.6 C
[   5.51] 28 64 69 AB 0B 00 00 1F: 22.7 C
[   6.30] 28 FC AE AA 0B 00 00 F3: 22.7 C
[   7.09] 28 C6 BB 4E 04 00 00 67: 22.3 C
[   7.88] 28 7E 63 AD 0B 00 00 3F: 22.7 C
[   8.67] 28 F1 39 AD 0B 00 00 D9: 22.6 C
[   8.68] --------------------------------
[   9.47] 28 20 78 92 07 00 00 67: 22.5 C
[  10.26] 28 78 B8 AC 0B 00 00 2C: 22.6 C
[  11.05] 28 64 69 AB 0B 00 00 1F: 22.7 C
[  11.84] 28 FC AE AA 0B 00 00 F3: 22.7 C
[  12.63] 28 C6 BB 4E 04 00 00 67: 22.3 C
[  13.42] 28 7E 63 AD 0B 00 00 3F: 22.7 C
[  14.21] 28 F1 39 AD 0B 00 00 D9: 22.6 C
[  14.22] --------------------------------
[  15.00] 28 20 78 92 07 00 00 67: 22.5 C
[  15.79] 28 78 B8 AC 0B 00 00 2C: 22.6 C
[  16.59] 28 64 69 AB 0B 00 00 1F: 22.7 C
[  17.38] 28 FC AE AA 0B 00 00 F3: 22.7 C
[  18.17] 28 C6 BB 4E 04 00 00 67: 22.3 C
[  18.96] 28 7E 63 AD 0B 00 00 3F: 22.7 C
[  19.75] 28 F1 39 AD 0B 00 00 D9: 22.6 C
[  19.75] --------------------------------
[  20.54] 28 20 78 92 07 00 00 67: 22.5 C
[  21.33] 28 78 B8 AC 0B 00 00 2C: 22.6 C
[  22.12] 28 64 69 AB 0B 00 00 1F: 22.7 C
[  22.92] 28 FC AE AA 0B 00 00 F3: 22.7 C
[  23.71] 28 C6 BB 4E 04 00 00 67: 22.3 C
[  24.50] 28 7E 63 AD 0B 00 00 3F: 22.7 C
[  25.29] 28 F1 39 AD 0B 00 00 D9: 22.6 C
[  25.29] --------------------------------
[  26.08] 28 20 78 92 07 00 00 67: 22.5 C
[  26.87] 28 78 B8 AC 0B 00 00 2C: 22.6 C
[  27.66] 28 64 69 AB 0B 00 00 1F: 22.6 C
[  28.45] 28 FC AE AA 0B 00 00 F3: 22.7 C
[  29.24] 28 C6 BB 4E 04 00 00 67: 22.3 C
[  30.04] 28 7E 63 AD 0B 00 00 3F: 22.7 C
[  30.83] 28 F1 39 AD 0B 00 00 D9: 22.6 C
[  30.83] --------------------------------
[  31.62] 28 20 78 92 07 00 00 67: 22.5 C
[  32.41] 28 78 B8 AC 0B 00 00 2C: 22.6 C
[  33.20] 28 64 69 AB 0B 00 00 1F: 22.6 C
[  33.99] 28 FC AE AA 0B 00 00 F3: 22.7 C
[  34.78] 28 C6 BB 4E 04 00 00 67: 22.3 C
[  35.57] 28 7E 63 AD 0B 00 00 3F: 22.7 C
[  36.36] 28 F1 39 AD 0B 00 00 D9: 22.6 C
[  36.37] --------------------------------
[  37.16] 28 20 78 92 07 00 00 67: 22.5 C
[  37.95] 28 78 B8 AC 0B 00 00 2C: 22.6 C
[  38.74] 28 64 69 AB 0B 00 00 1F: 22.6 C
[  39.53] 28 FC AE AA 0B 00 00 F3: 22.7 C
