# COM5 115200 t0=19:34:27
[   0.30] 28 F1 39 AD 0B 00 00 D9: 22.5 C
[   0.30] ---
[   1.09] 28 20 78 92 07 00 00 67: 22.4 C
[   1.88] 28 78 B8 AC 0B 00 00 2C: 22.6 C
[   2.91] DS18B20 7_low_power (low power) starting...
[   2.91] Searching 1-Wire bus...
[   2.91] OW_PORT_LOW_POWER enabled - WFE sleep on stages > 1ms
[   2.94]   ROM: 28 20 78 92 07 00 00 67
[   2.98]   ROM: 28 78 B8 AC 0B 00 00 2C
[   3.01]   ROM: 28 64 69 AB 0B 00 00 1F
[   3.05]   ROM: 28 FC AE AA 0B 00 00 F3
[   3.09]   ROM: 28 C6 BB 4E 04 00 00 67
[   3.12]   ROM: 28 7E 63 AD 0B 00 00 3F
[   3.16]   ROM: 28 F1 39 AD 0B 00 00 D9
[   3.16] Found 7 device(s). Measuring each in turn (WFE sleep on long stages).
[   3.95] 28 20 78 92 07 00 00 67: 22.4 C
[   4.74] 28 78 B8 AC 0B 00 00 2C: 22.6 C
[   5.53] 28 64 69 AB 0B 00 00 1F: 22.6 C
[   6.32] 28 FC AE AA 0B 00 00 F3: 22.6 C
[   7.11] 28 C6 BB 4E 04 00 00 67: 22.1 C
[   7.91] 28 7E 63 AD 0B 00 00 3F: 22.6 C
[   8.70] 28 F1 39 AD 0B 00 00 D9: 22.5 C
[   8.70] --------------------------------
[   9.49] 28 20 78 92 07 00 00 67: 22.4 C
[  10.28] 28 78 B8 AC 0B 00 00 2C: 22.6 C
[  11.07] 28 64 69 AB 0B 00 00 1F: 22.6 C
[  11.86] 28 FC AE AA 0B 00 00 F3: 22.6 C
[  12.65] 28 C6 BB 4E 04 00 00 67: 22.1 C
[  13.44] 28 7E 63 AD 0B 00 00 3F: 22.7 C
[  14.23] 28 F1 39 AD 0B 00 00 D9: 22.5 C
[  14.24] --------------------------------
[  15.03] 28 20 78 92 07 00 00 67: 22.4 C
[  15.82] 28 78 B8 AC 0B 00 00 2C: 22.6 C
[  16.61] 28 64 69 AB 0B 00 00 1F: 22.6 C
[  17.40] 28 FC AE AA 0B 00 00 F3: 22.6 C
[  18.19] 28 C6 BB 4E 04 00 00 67: 22.2 C
[  18.98] 28 7E 63 AD 0B 00 00 3F: 22.6 C
[  19.77] 28 F1 39 AD 0B 00 00 D9: 22.5 C
[  19.78] --------------------------------
[  20.56] 28 20 78 92 07 00 00 67: 22.4 C
[  21.35] 28 78 B8 AC 0B 00 00 2C: 22.6 C
[  22.15] 28 64 69 AB 0B 00 00 1F: 22.6 C
[  22.94] 28 FC AE AA 0B 00 00 F3: 22.6 C
[  23.73] 28 C6 BB 4E 04 00 00 67: 22.1 C
[  24.52] 28 7E 63 AD 0B 00 00 3F: 22.6 C
[  25.31] 28 F1 39 AD 0B 00 00 D9: 22.5 C
[  25.31] --------------------------------
[  26.10] 28 20 78 92 07 00 00 67: 22.4 C
[  26.89] 28 78 B8 AC 0B 00 00 2C: 22.6 C
[  27.68] 28 64 69 AB 0B 00 00 1F: 22.6 C
[  28.48] 28 FC AE AA 0B 00 00 F3: 22.6 C
[  29.27] 28 C6 BB 4E 04 00 00 67: 22.1 C
[  30.06] 28 7E 63 AD 0B 00 00 3F: 22.6 C
[  30.85] 28 F1 39 AD 0B 00 00 D9: 22.6 C
[  30.85] --------------------------------
[  31.64] 28 20 78 92 07 00 00 67: 22.4 C
[  32.43] 28 78 B8 AC 0B 00 00 2C: 22.6 C
[  33.22] 28 64 69 AB 0B 00 00 1F: 22.6 C
[  34.01] 28 FC AE AA 0B 00 00 F3: 22.6 C
[  34.80] 28 C6 BB 4E 04 00 00 67: 22.1 C
[  35.60] 28 7E 63 AD 0B 00 00 3F: 22.6 C
[  36.39] 28 F1 39 AD 0B 00 00 D9: 22.6 C
[  36.39] --------------------------------
[  37.18] 28 20 78 92 07 00 00 67: 22.4 C
[  37.97] 28 78 B8 AC 0B 00 00 2C: 22.6 C
[  38.76] 28 64 69 AB 0B 00 00 1F: 22.6 C
[  39.55] 28 FC AE AA 0B 00 00 F3: 22.6 C
