# COM5 115200 t0=19:44:11
[   0.20] 28 F1 39 AD 0B 00 00 D9: 22.7 C
[   0.20] ---
[   0.99] 28 20 78 92 07 00 00 67: 22.6 C
[   1.79] 28 78 B8 AC 0B 00 00 2C: 22.7 C
[   2.90] DS18B20 7_low_power (low power) starting...
[   2.90] Searching 1-Wire bus...
[   2.91] OW_PORT_LOW_POWER enabled - WFE sleep on stages > 1ms
[   2.94]   ROM: 28 20 78 92 07 00 00 67
[   2.97]   ROM: 28 78 B8 AC 0B 00 00 2C
[   3.01]   ROM: 28 64 69 AB 0B 00 00 1F
[   3.05]   ROM: 28 FC AE AA 0B 00 00 F3
[   3.08]   ROM: 28 C6 BB 4E 04 00 00 67
[   3.12]   ROM: 28 7E 63 AD 0B 00 00 3F
[   3.15]   ROM: 28 F1 39 AD 0B 00 00 D9
[   3.16] Found 7 device(s). Measuring each in turn (WFE sleep on long stages).
[   3.95] 28 20 78 92 07 00 00 67: 22.6 C
[   4.74] 28 78 B8 AC 0B 00 00 2C: 22.8 C
[   5.53] 28 64 69 AB 0B 00 00 1F: 22.8 C
[   6.32] 28 FC AE AA 0B 00 00 F3: 22.8 C
[   7.11] 28 C6 BB 4E 04 00 00 67: 22.4 C
[   7.90] 28 7E 63 AD 0B 00 00 3F: 22.8 C
[   8.69] 28 F1 39 AD 0B 00 00 D9: 22.7 C
[   8.70] --------------------------------
[   9.48] 28 20 78 92 07 00 00 67: 22.6 C
[  10.27] 28 78 B8 AC 0B 00 00 2C: 22.8 C
[  11.07] 28 64 69 AB 0B 00 00 1F: 22.7 C
[  11.86] 28 FC AE AA 0B 00 00 F3: 22.8 C
[  12.65] 28 C6 BB 4E 04 00 00 67: 22.4 C
[  13.44] 28 7E 63 AD 0B 00 00 3F: 22.8 C
[  14.23] 28 F1 39 AD 0B 00 00 D9: 22.7 C
[  14.23] --------------------------------
[  15.02] 28 20 78 92 07 00 00 67: 22.6 C
[  15.81] 28 78 B8 AC 0B 00 00 2C: 22.7 C
[  16.60] 28 64 69 AB 0B 00 00 1F: 22.7 C
[  17.40] 28 FC AE AA 0B 00 00 F3: 22.8 C
[  18.19] 28 C6 BB 4E 04 00 00 67: 22.4 C
[  18.98] 28 7E 63 AD 0B 00 00 3F: 22.8 C
[  19.77] 28 F1 39 AD 0B 00 00 D9: 22.7 C
[  19.77] --------------------------------
[  20.56] 28 20 78 92 07 00 00 67: 22.6 C
[  21.35] 28 78 B8 AC 0B 00 00 2C: 22.8 C
[  22.14] 28 64 69 AB 0B 00 00 1F: 22.7 C
[  22.93] 28 FC AE AA 0B 00 00 F3: 22.8 C
[  23.72] 28 C6 BB 4E 04 00 00 67: 22.4 C
[  24.52] 28 7E 63 AD 0B 00 00 3F: 22.8 C
[  25.31] 28 F1 39 AD 0B 00 00 D9: 22.7 C
[  25.31] --------------------------------
[  26.10] 28 20 78 92 07 00 00 67: 22.6 C
[  26.89] 28 78 B8 AC 0B 00 00 2C: 22.8 C
[  27.68] 28 64 69 AB 0B 00 00 1F: 22.8 C
[  28.47] 28 FC AE AA 0B 00 00 F3: 22.8 C
[  29.26] 28 C6 BB 4E 04 00 00 67: 22.4 C
[  30.05] 28 7E 63 AD 0B 00 00 3F: 22.8 C
[  30.85] 28 F1 39 AD 0B 00 00 D9: 22.7 C
[  30.85] --------------------------------
[  31.64] 28 20 78 92 07 00 00 67: 22.6 C
[  32.43] 28 78 B8 AC 0B 00 00 2C: 22.8 C
[  33.22] 28 64 69 AB 0B 00 00 1F: 22.7 C
[  34.01] 28 FC AE AA 0B 00 00 F3: 22.8 C
[  34.80] 28 C6 BB 4E 04 00 00 67: 22.4 C
[  35.59] 28 7E 63 AD 0B 00 00 3F: 22.8 C
[  36.38] 28 F1 39 AD 0B 00 00 D9: 22.7 C
[  36.39] --------------------------------
[  37.17] 28 20 78 92 07 00 00 67: 22.6 C
[  37.97] 28 78 B8 AC 0B 00 00 2C: 22.8 C
[  38.76] 28 64 69 AB 0B 00 00 1F: 22.7 C
[  39.55] 28 FC AE AA 0B 00 00 F3: 22.8 C
