# COM5 115200 t0=19:49:03
[   0.20] 28 F1 39 AD 0B 00 00 D9: 22.8 C
[   0.20] ---
[   0.99] 28 20 78 92 07 00 00 67: 22.7 C
[   1.79] 28 78 B8 AC 0B 00 00 2C: 22.8 C
[   2.89] DS18B20 7_low_power (low power) starting...
[   2.89] Searching 1-Wire bus...
[   2.90] OW_PORT_LOW_POWER enabled - WFE sleep on stages > 1ms
[   2.92]   ROM: 28 20 78 92 07 00 00 67
[   2.96]   ROM: 28 78 B8 AC 0B 00 00 2C
[   3.00]   ROM: 28 64 69 AB 0B 00 00 1F
[   3.03]   ROM: 28 FC AE AA 0B 00 00 F3
[   3.07]   ROM: 28 C6 BB 4E 04 00 00 67
[   3.10]   ROM: 28 7E 63 AD 0B 00 00 3F
[   3.14]   ROM: 28 F1 39 AD 0B 00 00 D9
[   3.15] Found 7 device(s). Measuring each in turn (WFE sleep on long stages).
[   3.93] 28 20 78 92 07 00 00 67: 22.7 C
[   4.72] 28 78 B8 AC 0B 00 00 2C: 22.9 C
[   5.51] 28 64 69 AB 0B 00 00 1F: 22.8 C
[   6.31] 28 FC AE AA 0B 00 00 F3: 22.9 C
[   7.10] 28 C6 BB 4E 04 00 00 67: 22.5 C
[   7.89] 28 7E 63 AD 0B 00 00 3F: 22.9 C
[   8.68] 28 F1 39 AD 0B 00 00 D9: 22.8 C
[   8.68] --------------------------------
[   9.47] 28 20 78 92 07 00 00 67: 22.7 C
[  10.26] 28 78 B8 AC 0B 00 00 2C: 22.8 C
[  11.05] 28 64 69 AB 0B 00 00 1F: 22.8 C
[  11.84] 28 FC AE AA 0B 00 00 F3: 22.9 C
[  12.63] 28 C6 BB 4E 04 00 00 67: 22.4 C
[  13.43] 28 7E 63 AD 0B 00 00 3F: 22.9 C
[  14.22] 28 F1 39 AD 0B 00 00 D9: 22.8 C
[  14.22] --------------------------------
[  15.01] 28 20 78 92 07 00 00 67: 22.6 C
[  15.80] 28 78 B8 AC 0B 00 00 2C: 22.8 C
[  16.59] 28 64 69 AB 0B 00 00 1F: 22.8 C
[  17.38] 28 FC AE AA 0B 00 00 F3: 22.9 C
[  18.17] 28 C6 BB 4E 04 00 00 67: 22.4 C
[  18.96] 28 7E 63 AD 0B 00 00 3F: 22.9 C
[  19.76] 28 F1 39 AD 0B 00 00 D9: 22.8 C
[  19.76] --------------------------------
[  20.55] 28 20 78 92 07 00 00 67: 22.7 C
[  21.34] 28 78 B8 AC 0B 00 00 2C: 22.8 C
[  22.13] 28 64 69 AB 0B 00 00 1F: 22.8 C
[  22.92] 28 FC AE AA 0B 00 00 F3: 22.9 C
[  23.71] 28 C6 BB 4E 04 00 00 67: 22.4 C
[  24.50] 28 7E 63 AD 0B 00 00 3F: 22.9 C
[  25.29] 28 F1 39 AD 0B 00 00 D9: 22.8 C
[  25.30] --------------------------------
[  26.08] 28 20 78 92 07 00 00 67: 22.6 C
[  26.88] 28 78 B8 AC 0B 00 00 2C: 22.8 C
[  27.67] 28 64 69 AB 0B 00 00 1F: 22.8 C
[  28.46] 28 FC AE AA 0B 00 00 F3: 22.9 C
[  29.25] 28 C6 BB 4E 04 00 00 67: 22.4 C
[  30.04] 28 7E 63 AD 0B 00 00 3F: 22.9 C
[  30.83] 28 F1 39 AD 0B 00 00 D9: 22.8 C
[  30.83] --------------------------------
[  31.62] 28 20 78 92 07 00 00 67: 22.7 C
[  32.41] 28 78 B8 AC 0B 00 00 2C: 22.9 C
[  33.20] 28 64 69 AB 0B 00 00 1F: 22.8 C
[  34.00] 28 FC AE AA 0B 00 00 F3: 22.9 C
[  34.79] 28 C6 BB 4E 04 00 00 67: 22.5 C
[  35.58] 28 7E 63 AD 0B 00 00 3F: 22.9 C
[  36.37] 28 F1 39 AD 0B 00 00 D9: 22.8 C
[  36.37] --------------------------------
[  37.16] 28 20 78 92 07 00 00 67: 22.7 C
[  37.95] 28 78 B8 AC 0B 00 00 2C: 22.9 C
[  38.74] 28 64 69 AB 0B 00 00 1F: 22.8 C
[  39.53] 28 FC AE AA 0B 00 00 F3: 22.9 C
